Component: Arm Compiler for Embedded 6.22 Tool: armlink [5ee90200]

==============================================================================

Section Cross References

    main.o(.text.buzzer_on_ms) refers to main.o(.bss.g_nBuzzerCountDn_ms) for g_nBuzzerCountDn_ms
    main.o(.ARM.exidx.text.buzzer_on_ms) refers to main.o(.text.buzzer_on_ms) for [Anonymous Symbol]
    main.o(.text.main) refers to hal.o(.text.Port_Init) for Port_Init
    main.o(.text.main) refers to system_tm4c123.o(.text.SystemCoreClockUpdate) for SystemCoreClockUpdate
    main.o(.text.main) refers to system_tm4c123.o(.data.SystemCoreClock) for SystemCoreClock
    main.o(.text.main) refers to main.o(.text.SysTick_Config) for SysTick_Config
    main.o(.text.main) refers to main.o(.text.__NVIC_SetPriority) for __NVIC_SetPriority
    main.o(.text.main) refers to main.o(.bss.g_SpimHandle) for g_SpimHandle
    main.o(.text.main) refers to spim.o(.text.SpimInit) for SpimInit
    main.o(.text.main) refers to main.o(.bss.g_Timer0AHandle) for g_Timer0AHandle
    main.o(.text.main) refers to main.o(.text.main_cbTimer0A) for main_cbTimer0A
    main.o(.text.main) refers to timer.o(.text.TimerInit) for TimerInit
    main.o(.text.main) refers to common.o(.text.delay_ms) for delay_ms
    main.o(.text.main) refers to main.o(.text.main_LcdInit) for main_LcdInit
    main.o(.text.main) refers to irq.o(.text.IRQ_Init) for IRQ_Init
    main.o(.text.main) refers to main.o(.text.main_HT1621Init) for main_HT1621Init
    main.o(.text.main) refers to main.o(.bss.g_UartHandle) for g_UartHandle
    main.o(.text.main) refers to uart.o(.text.UART_Init) for UART_Init
    main.o(.text.main) refers to main.o(.rodata.str1.1) for .L.str
    main.o(.text.main) refers to printf.o(.text) for printf
    main.o(.text.main) refers to main.o(.bss.hr) for hr
    main.o(.text.main) refers to main.o(.bss.min) for min
    main.o(.text.main) refers to main.o(.bss.g_HT1621) for g_HT1621
    main.o(.text.main) refers to ht1621.o(.text.HT1621_Write_Digit) for HT1621_Write_Digit
    main.o(.ARM.exidx.text.main) refers to main.o(.text.main) for [Anonymous Symbol]
    main.o(.text.SysTick_Config) refers to main.o(.text.__NVIC_SetPriority) for __NVIC_SetPriority
    main.o(.ARM.exidx.text.SysTick_Config) refers to main.o(.text.SysTick_Config) for [Anonymous Symbol]
    main.o(.ARM.exidx.text.__NVIC_SetPriority) refers to main.o(.text.__NVIC_SetPriority) for [Anonymous Symbol]
    main.o(.text.main_cbTimer0A) refers to main.o(.bss.g_bTimer0AISRDone) for g_bTimer0AISRDone
    main.o(.text.main_cbTimer0A) refers to main.o(.bss.g_HT1621) for g_HT1621
    main.o(.ARM.exidx.text.main_cbTimer0A) refers to main.o(.text.main_cbTimer0A) for [Anonymous Symbol]
    main.o(.text.main_LcdInit) refers to main.o(.bss.g_SpimHandle) for g_SpimHandle
    main.o(.text.main_LcdInit) refers to lcd_st7735r.o(.text.LcdInit) for LcdInit
    main.o(.text.main_LcdInit) refers to lcd_st7735r.o(.text.LCD_GetSize) for LCD_GetSize
    main.o(.text.main_LcdInit) refers to main.o(.bss.g_MemDev) for g_MemDev
    main.o(.text.main_LcdInit) refers to main.o(.bss.g_aBuf) for g_aBuf
    main.o(.text.main_LcdInit) refers to gui.o(i.GUI_Init) for GUI_Init
    main.o(.text.main_LcdInit) refers to spim.o(.text.SpimSetDataSize) for SpimSetDataSize
    main.o(.text.main_LcdInit) refers to gui.o(i.GUI_16BitPerPixel) for GUI_16BitPerPixel
    main.o(.text.main_LcdInit) refers to gui.o(i.GUI_Clear) for GUI_Clear
    main.o(.text.main_LcdInit) refers to gui.o(i.GUI_SetFontBackColor) for GUI_SetFontBackColor
    main.o(.text.main_LcdInit) refers to font_calibri10.o(.constdata) for g_sFontCalibri10
    main.o(.text.main_LcdInit) refers to gui.o(i.GUI_SetFont) for GUI_SetFont
    main.o(.text.main_LcdInit) refers to main.o(.text.main_cbLcdTransferDone) for main_cbLcdTransferDone
    main.o(.text.main_LcdInit) refers to lcd_st7735r.o(.text.LCD_AddCallback) for LCD_AddCallback
    main.o(.text.main_LcdInit) refers to main.o(.text.main_cbGuiFrameEnd) for main_cbGuiFrameEnd
    main.o(.text.main_LcdInit) refers to gui.o(i.GUI_AddCbFrameEnd) for GUI_AddCbFrameEnd
    main.o(.ARM.exidx.text.main_LcdInit) refers to main.o(.text.main_LcdInit) for [Anonymous Symbol]
    main.o(.text.main_HT1621Init) refers to main.o(.bss.g_HT1621) for g_HT1621
    main.o(.text.main_HT1621Init) refers to ht1621.o(.text.HT1621_Command) for HT1621_Command
    main.o(.text.main_HT1621Init) refers to ht1621.o(.text.HT1621_Write_Digit) for HT1621_Write_Digit
    main.o(.ARM.exidx.text.main_HT1621Init) refers to main.o(.text.main_HT1621Init) for [Anonymous Symbol]
    main.o(.text.SysTick_Handler) refers to main.o(.bss.g_bSystemTick) for g_bSystemTick
    main.o(.text.SysTick_Handler) refers to main.o(.bss.g_nCount) for g_nCount
    main.o(.text.SysTick_Handler) refers to main.o(.bss.g_bSystemTick1000) for g_bSystemTick1000
    main.o(.text.SysTick_Handler) refers to main.o(.bss.g_nTimeSec) for g_nTimeSec
[...]
    $v0                                      0x00004458   Number         0  daddsub_clz.o(x$fpl$dadd)
    x$fpl$dadd                               0x00004458   Section      336  daddsub_clz.o(x$fpl$dadd)
    _dadd1                                   0x00004469   Thumb Code     0  daddsub_clz.o(x$fpl$dadd)
    $v0                                      0x000045a8   Number         0  ddiv.o(x$fpl$ddiv)
    x$fpl$ddiv                               0x000045a8   Section      696  ddiv.o(x$fpl$ddiv)
    ddiv_entry                               0x000045af   Thumb Code     0  ddiv.o(x$fpl$ddiv)
    $v0                                      0x00004860   Number         0  dfix.o(x$fpl$dfix)
    x$fpl$dfix                               0x00004860   Section       94  dfix.o(x$fpl$dfix)
    $v0                                      0x000048be   Number         0  dflt_clz.o(x$fpl$dflt)
    x$fpl$dflt                               0x000048be   Section       46  dflt_clz.o(x$fpl$dflt)
    $v0                                      0x000048ec   Number         0  dflt_clz.o(x$fpl$dfltu)
    x$fpl$dfltu                              0x000048ec   Section       38  dflt_clz.o(x$fpl$dfltu)
    $v0                                      0x00004912   Number         0  dnaninf.o(x$fpl$dnaninf)
    x$fpl$dnaninf                            0x00004912   Section      156  dnaninf.o(x$fpl$dnaninf)
    $v0                                      0x000049ae   Number         0  dretinf.o(x$fpl$dretinf)
    x$fpl$dretinf                            0x000049ae   Section       12  dretinf.o(x$fpl$dretinf)
    $v0                                      0x000049bc   Number         0  daddsub_clz.o(x$fpl$dsub)
    x$fpl$dsub                               0x000049bc   Section      476  daddsub_clz.o(x$fpl$dsub)
    _dsub1                                   0x000049cd   Thumb Code     0  daddsub_clz.o(x$fpl$dsub)
    $v0                                      0x00004b98   Number         0  f2d.o(x$fpl$f2d)
    x$fpl$f2d                                0x00004b98   Section       86  f2d.o(x$fpl$f2d)
    $v0                                      0x00004bee   Number         0  fnaninf.o(x$fpl$fnaninf)
    x$fpl$fnaninf                            0x00004bee   Section      140  fnaninf.o(x$fpl$fnaninf)
    $v0                                      0x00004c7a   Number         0  fpinit.o(x$fpl$fpinit)
    x$fpl$fpinit                             0x00004c7a   Section       26  fpinit.o(x$fpl$fpinit)
    $v0                                      0x00004c94   Number         0  fretinf.o(x$fpl$fretinf)
    x$fpl$fretinf                            0x00004c94   Section       10  fretinf.o(x$fpl$fretinf)
    $v0                                      0x00004c9e   Number         0  printf1.o(x$fpl$printf1)
    x$fpl$printf1                            0x00004c9e   Section        4  printf1.o(x$fpl$printf1)
    $v0                                      0x00004ca2   Number         0  printf2.o(x$fpl$printf2)
    x$fpl$printf2                            0x00004ca2   Section        4  printf2.o(x$fpl$printf2)
    g_pucCalibri10Data                       0x00004ca6   Data        1047  font_calibri10.o(.constdata)
    .constdata                               0x00004ca6   Section     1047  font_calibri10.o(.constdata)
    x$fpl$usenofp                            0x00004ca6   Section        0  usenofp.o(x$fpl$usenofp)
    .constdata                               0x000050c0   Section      200  font_calibri10.o(.constdata)
    initial_mbstate                          0x00005188   Data           8  _printf_wctomb.o(.constdata)
    .constdata                               0x00005188   Section        8  _printf_wctomb.o(.constdata)
    uc_hextab                                0x00005190   Data          20  _printf_hex_int_ll_ptr.o(.constdata)
    .constdata                               0x00005190   Section       40  _printf_hex_int_ll_ptr.o(.constdata)
    lc_hextab                                0x000051a4   Data          20  _printf_hex_int_ll_ptr.o(.constdata)
    maptable                                 0x000051b8   Data          17  __printf_flags_ss_wp.o(.constdata)
    .constdata                               0x000051b8   Section       17  __printf_flags_ss_wp.o(.constdata)
    lc_hextab                                0x000051c9   Data          19  _printf_fp_hex.o(.constdata)
    .constdata                               0x000051c9   Section       38  _printf_fp_hex.o(.constdata)
    uc_hextab                                0x000051dc   Data          19  _printf_fp_hex.o(.constdata)
    tenpwrs_x                                0x000051f0   Data          60  bigflt0.o(.constdata)
    .constdata                               0x000051f0   Section      148  bigflt0.o(.constdata)
    tenpwrs_i                                0x0000522c   Data          64  bigflt0.o(.constdata)
    .L__const.HT1621_Write_Digit.addr_1      0x00005284   Data          28  ht1621.o(.rodata..L__const.HT1621_Write_Digit.addr_1)
    .L__const.HT1621_Write_Digit.addr_2      0x000052a0   Data          28  ht1621.o(.rodata..L__const.HT1621_Write_Digit.addr_2)
    .L__const.HT1621_Write_Digit.disp_num_2  0x000052bc   Data          44  ht1621.o(.rodata..L__const.HT1621_Write_Digit.disp_num_2)
    XTAL_NO_PLL                              0x000052e8   Data         108  system_tm4c123.o(.rodata.XTAL_NO_PLL)
    [Anonymous Symbol]                       0x000052e8   Section        0  system_tm4c123.o(.rodata.XTAL_NO_PLL)
    .L.str                                   0x00005354   Data          15  main.o(.rodata.str1.1)
    [Anonymous Symbol]                       0x00005354   Section        0  main.o(.rodata.str1.1)
    .L.str.2                                 0x00005363   Data          18  main.o(.rodata.str1.1)
    .L.str.3                                 0x00005375   Data          11  main.o(.rodata.str1.1)
    .L.str.1                                 0x00005380   Data          27  main.o(.rodata.str1.1)
    .L.str.4                                 0x0000539b   Data           8  main.o(.rodata.str1.1)
    .L.str.5                                 0x000053a3   Data           5  main.o(.rodata.str1.1)
    .L.str.6                                 0x000053a8   Data          13  main.o(.rodata.str1.1)
    .L.str.7                                 0x000053b5   Data          12  main.o(.rodata.str1.1)
    .L.str.8                                 0x000053c1   Data           3  main.o(.rodata.str1.1)
    .L.str.9                                 0x000053c4   Data          17  main.o(.rodata.str1.1)
    .L.str                                   0x000053d5   Data          12  bsp.o(.rodata.str1.1)
    [Anonymous Symbol]                       0x000053d5   Section        0  bsp.o(.rodata.str1.1)
    .L__const.HT1621_Write_Digit.disp_num_1  0x000053e4   Data          44  ht1621.o(.rodata.str4.4)
    [Anonymous Symbol]                       0x000053e4   Section        0  ht1621.o(.rodata.str4.4)
    .L__const.HT1621_Write_Dot.disp_num_1    0x00005410   Data          44  ht1621.o(.rodata.str4.4)
    locale$$data                             0x00005430   Section       28  lc_numeric_c.o(locale$$data)
    __lcnum_c_name                           0x00005434   Data           2  lc_numeric_c.o(locale$$data)
    __lcnum_c_start                          0x0000543c   Data           0  lc_numeric_c.o(locale$$data)
    __lcnum_c_point                          0x00005448   Data           0  lc_numeric_c.o(locale$$data)
    __lcnum_c_thousands                      0x0000544a   Data           0  lc_numeric_c.o(locale$$data)
    __lcnum_c_grouping                       0x0000544b   Data           0  lc_numeric_c.o(locale$$data)
    __lcnum_c_end                            0x0000544c   Data           0  lc_numeric_c.o(locale$$data)
    locale$$data                             0x0000544c   Section      272  lc_ctype_c.o(locale$$data)
    __lcctype_c_name                         0x00005450   Data           2  lc_ctype_c.o(locale$$data)
    __lcctype_c_start                        0x00005458   Data           0  lc_ctype_c.o(locale$$data)
    __lcctype_c_end                          0x0000555c   Data           0  lc_ctype_c.o(locale$$data)
    g_pFont                                  0x20000000   Data           4  gui.o(.data)
    .data                                    0x20000000   Section       28  gui.o(.data)
    g_Color                                  0x20000004   Data           4  gui.o(.data)
    g_hMemPtr                                0x20000008   Data           4  gui.o(.data)
    g_b16BitPerPixel                         0x2000000c   Data           4  gui.o(.data)
    g_pFramEnd                               0x20000010   Data           4  gui.o(.data)
    g_nWidth                                 0x20000014   Data           4  gui.o(.data)
    g_FontBackColor                          0x20000018   Data           4  gui.o(.data)
    g_bLcdFree                               0x20000020   Data           4  main.o(.data.g_bLcdFree)
    [Anonymous Symbol]                       0x20000020   Section        0  main.o(.data.g_bLcdFree)
    g_nKeypad                                0x20000024   Data           4  main.o(.data.g_nKeypad)
    [Anonymous Symbol]                       0x20000024   Section        0  main.o(.data.g_nKeypad)
    g_nLCD                                   0x20000028   Data           4  main.o(.data.g_nLCD)
    [Anonymous Symbol]                       0x20000028   Section        0  main.o(.data.g_nLCD)
    g_nScreenX                               0x2000002c   Data           4  lcd_st7735r.o(.data.g_nScreenX)
    [Anonymous Symbol]                       0x2000002c   Section        0  lcd_st7735r.o(.data.g_nScreenX)
    g_nScreenY                               0x20000030   Data           4  lcd_st7735r.o(.data.g_nScreenY)
    [Anonymous Symbol]                       0x20000030   Section        0  lcd_st7735r.o(.data.g_nScreenY)
    .bss                                     0x20000038   Section       96  libspace.o(.bss)
    data                                     0x200000f4   Data          64  lcd_st7735r.o(.bss.data)
    [Anonymous Symbol]                       0x200000f4   Section        0  lcd_st7735r.o(.bss.data)
    g_Cmd                                    0x20000134   Data           1  lcd_st7735r.o(.bss.g_Cmd)
    [Anonymous Symbol]                       0x20000134   Section        0  lcd_st7735r.o(.bss.g_Cmd)
    g_Data                                   0x20000135   Data           1  lcd_st7735r.o(.bss.g_Data)
    [Anonymous Symbol]                       0x20000135   Section        0  lcd_st7735r.o(.bss.g_Data)
    g_HT1621                                 0x20000138   Data          40  main.o(.bss.g_HT1621)
    [Anonymous Symbol]                       0x20000138   Section        0  main.o(.bss.g_HT1621)
    g_MemDev                                 0x20000160   Data          80  main.o(.bss.g_MemDev)
    [Anonymous Symbol]                       0x20000160   Section        0  main.o(.bss.g_MemDev)
    g_SpimHandle                             0x200001b0   Data          52  main.o(.bss.g_SpimHandle)
    [Anonymous Symbol]                       0x200001b0   Section        0  main.o(.bss.g_SpimHandle)
    g_Timer0AHandle                          0x200001e4   Data          28  main.o(.bss.g_Timer0AHandle)
    [Anonymous Symbol]                       0x200001e4   Section        0  main.o(.bss.g_Timer0AHandle)
    g_UartHandle                             0x20000200   Data          16  main.o(.bss.g_UartHandle)
    [Anonymous Symbol]                       0x20000200   Section        0  main.o(.bss.g_UartHandle)
    g_aBuf                                   0x20000210   Data        8192  main.o(.bss.g_aBuf)
    [Anonymous Symbol]                       0x20000210   Section        0  main.o(.bss.g_aBuf)
    g_aTimerIrqHandle                        0x20002210   Data          48  timer.o(.bss.g_aTimerIrqHandle)
    [Anonymous Symbol]                       0x20002210   Section        0  timer.o(.bss.g_aTimerIrqHandle)
    g_bLCDUpdate                             0x20002240   Data           4  main.o(.bss.g_bLCDUpdate)
    [Anonymous Symbol]                       0x20002240   Section        0  main.o(.bss.g_bLCDUpdate)
    g_bSecTick                               0x20002244   Data           4  main.o(.bss.g_bSecTick)
    [Anonymous Symbol]                       0x20002244   Section        0  main.o(.bss.g_bSecTick)
    g_bSpiDone                               0x20002248   Data           4  lcd_st7735r.o(.bss.g_bSpiDone)
    [Anonymous Symbol]                       0x20002248   Section        0  lcd_st7735r.o(.bss.g_bSpiDone)
    g_bSystemTick                            0x2000224c   Data           4  main.o(.bss.g_bSystemTick)
    [Anonymous Symbol]                       0x2000224c   Section        0  main.o(.bss.g_bSystemTick)
    g_bSystemTick1000                        0x20002250   Data           4  main.o(.bss.g_bSystemTick1000)
    [Anonymous Symbol]                       0x20002250   Section        0  main.o(.bss.g_bSystemTick1000)
    g_nCount                                 0x20002258   Data           4  main.o(.bss.g_nCount)
    [Anonymous Symbol]                       0x20002258   Section        0  main.o(.bss.g_nCount)
    g_nKeypadScan                            0x2000225c   Data           4  main.o(.bss.g_nKeypadScan)
    [Anonymous Symbol]                       0x2000225c   Section        0  main.o(.bss.g_nKeypadScan)
    g_nTimeSec                               0x20002260   Data           4  main.o(.bss.g_nTimeSec)
    [Anonymous Symbol]                       0x20002260   Section        0  main.o(.bss.g_nTimeSec)
    g_pLcdCbDone                             0x20002264   Data           4  lcd_st7735r.o(.bss.g_pLcdCbDone)
    [Anonymous Symbol]                       0x20002264   Section        0  lcd_st7735r.o(.bss.g_pLcdCbDone)
    g_pSpiIrqhandles                         0x20002268   Data          16  spim.o(.bss.g_pSpiIrqhandles)
    [Anonymous Symbol]                       0x20002268   Section        0  spim.o(.bss.g_pSpiIrqhandles)
    g_pSpimHandle                            0x20002278   Data           4  lcd_st7735r.o(.bss.g_pSpimHandle)
    [Anonymous Symbol]                       0x20002278   Section        0  lcd_st7735r.o(.bss.g_pSpimHandle)
    g_pUartHandle                            0x2000227c   Data           4  uart.o(.bss.g_pUartHandle)
    [Anonymous Symbol]                       0x2000227c   Section        0  uart.o(.bss.g_pUartHandle)
    hr                                       0x20002280   Data           2  main.o(.bss.hr)
    [Anonymous Symbol]                       0x20002280   Section        0  main.o(.bss.hr)
    min                                      0x20002282   Data           2  main.o(.bss.min)
    [Anonymous Symbol]                       0x20002282   Section        0  main.o(.bss.min)
    n                                        0x20002284   Data           2  main.o(.bss.n)
    [Anonymous Symbol]                       0x20002284   Section        0  main.o(.bss.n)
    Heap_Mem                                 0x20002288   Data           0  startup_tm4c123.o(HEAP)
    Stack_Mem                                0x20002288   Data        2560  startup_tm4c123.o(STACK)
    HEAP                                     0x20002288   Section        0  startup_tm4c123.o(HEAP)
    STACK                                    0x20002288   Section     2560  startup_tm4c123.o(STACK)
    __initial_sp                             0x20002c88   Data           0  startup_tm4c123.o(STACK)

    Global Symbols

    Symbol Name                              Value     Ov Type        Size  Object(Section)

    BuildAttributes$$THM_ISAv4$E$P$D$K$B$S$7EM$VFPi3$EXTD16$VFPS$VFMA$PE$A:L22UL41UL21$X:L11$S22US41US21$IEEE1$IW$~IW$USESV6$~STKCKD$USESV7$~SHL$OTIME$ROPI$IEEEJ$EBA8$UX$STANDARDLIB$REQ8$PRES8$EABIv2 0x00000000   Number         0  anon$$obj.o ABSOLUTE
    __Vectors                                0x00000000   Data           4  startup_tm4c123.o(RESET)
    _printf_flags                            0x00000000   Number         0  printf_stubs.o ABSOLUTE
    _printf_return_value                     0x00000000   Number         0  printf_stubs.o ABSOLUTE
    _printf_sizespec                         0x00000000   Number         0  printf_stubs.o ABSOLUTE
    _printf_widthprec                        0x00000000   Number         0  printf_stubs.o ABSOLUTE
    __ARM_exceptions_init                     - Undefined Weak Reference
    __alloca_initialize                       - Undefined Weak Reference
    __arm_preinit_                            - Undefined Weak Reference
    __arm_relocate_pie_                       - Undefined Weak Reference
    __cpp_initialize__aeabi_                  - Undefined Weak Reference
    __cxa_finalize                            - Undefined Weak Reference
    __sigvec_lookup                           - Undefined Weak Reference
    _atexit_init                              - Undefined Weak Reference
    _call_atexit_fns                          - Undefined Weak Reference
    _clock_init                               - Undefined Weak Reference
    _fp_trap_init                             - Undefined Weak Reference
    _fp_trap_shutdown                         - Undefined Weak Reference
    _get_lc_collate                           - Undefined Weak Reference
    _get_lc_monetary                          - Undefined Weak Reference
    _get_lc_time                              - Undefined Weak Reference
    _getenv_init                              - Undefined Weak Reference
    _handle_redirection                       - Undefined Weak Reference
    _init_alloc                               - Undefined Weak Reference
    _init_user_alloc                          - Undefined Weak Reference
    _initio                                   - Undefined Weak Reference
    _mutex_acquire                            - Undefined Weak Reference
    _mutex_release                            - Undefined Weak Reference
    _printf_mbtowc                            - Undefined Weak Reference
    _printf_wc                                - Undefined Weak Reference
    _rand_init                                - Undefined Weak Reference
    _signal_finish                            - Undefined Weak Reference
    _signal_init                              - Undefined Weak Reference
    _terminate_alloc                          - Undefined Weak Reference
    _terminate_user_alloc                     - Undefined Weak Reference
    _terminateio                              - Undefined Weak Reference
    __Vectors_End                            0x0000026c   Data           0  startup_tm4c123.o(RESET)
    __Vectors_Size                           0x0000026c   Number         0  startup_tm4c123.o ABSOLUTE
    __main                                   0x0000026d   Thumb Code     8  __main.o(!!!main)
    __scatterload                            0x00000275   Thumb Code     0  __scatter.o(!!!scatter)
    __scatterload_rt2                        0x00000275   Thumb Code    84  __scatter.o(!!!scatter)
    __scatterload_rt2_thumb_only             0x00000275   Thumb Code     0  __scatter.o(!!!scatter)
    __scatterload_loop                       0x0000027f   Thumb Code     0  __scatter.o(!!!scatter)
    __scatterload_copy                       0x000002d1   Thumb Code    26  __scatter_copy.o(!!handler_copy)
    __scatterload_null                       0x000002ed   Thumb Code     2  __scatter.o(!!handler_null)
    __scatterload_zeroinit                   0x000002f1   Thumb Code    28  __scatter_zi.o(!!handler_zi)
    _printf_n                                0x0000030d   Thumb Code     0  _printf_n.o(.ARM.Collect$$_printf_percent$$00000001)
    _printf_percent                          0x0000030d   Thumb Code     0  _printf_percent.o(.ARM.Collect$$_printf_percent$$00000000)
    _printf_p                                0x00000313   Thumb Code     0  _printf_p.o(.ARM.Collect$$_printf_percent$$00000002)
    _printf_f                                0x00000319   Thumb Code     0  _printf_f.o(.ARM.Collect$$_printf_percent$$00000003)
    _printf_e                                0x0000031f   Thumb Code     0  _printf_e.o(.ARM.Collect$$_printf_percent$$00000004)
    _printf_g                                0x00000325   Thumb Code     0  _printf_g.o(.ARM.Collect$$_printf_percent$$00000005)
    _printf_a                                0x0000032b   Thumb Code     0  _printf_a.o(.ARM.Collect$$_printf_percent$$00000006)
    _printf_ll                               0x00000331   Thumb Code     0  _printf_ll.o(.ARM.Collect$$_printf_percent$$00000007)
    _printf_i                                0x0000033b   Thumb Code     0  _printf_i.o(.ARM.Collect$$_printf_percent$$00000008)
    _printf_d                                0x00000341   Thumb Code     0  _printf_d.o(.ARM.Collect$$_printf_percent$$00000009)
    _printf_u                                0x00000347   Thumb Code     0  _printf_u.o(.ARM.Collect$$_printf_percent$$0000000A)
    _printf_o                                0x0000034d   Thumb Code     0  _printf_o.o(.ARM.Collect$$_printf_percent$$0000000B)
    _printf_x                                0x00000353   Thumb Code     0  _printf_x.o(.ARM.Collect$$_printf_percent$$0000000C)
    _printf_lli                              0x00000359   Thumb Code     0  _printf_lli.o(.ARM.Collect$$_printf_percent$$0000000D)
    _printf_lld                              0x0000035f   Thumb Code     0  _printf_lld.o(.ARM.Collect$$_printf_percent$$0000000E)
    _printf_llu                              0x00000365   Thumb Code     0  _printf_llu.o(.ARM.Collect$$_printf_percent$$0000000F)
    _printf_llo                              0x0000036b   Thumb Code     0  _printf_llo.o(.ARM.Collect$$_printf_percent$$00000010)
    _printf_llx                              0x00000371   Thumb Code     0  _printf_llx.o(.ARM.Collect$$_printf_percent$$00000011)
    _printf_l                                0x00000377   Thumb Code     0  _printf_l.o(.ARM.Collect$$_printf_percent$$00000012)
    _printf_c                                0x00000381   Thumb Code     0  _printf_c.o(.ARM.Collect$$_printf_percent$$00000013)
    _printf_s                                0x00000387   Thumb Code     0  _printf_s.o(.ARM.Collect$$_printf_percent$$00000014)
    _printf_lc                               0x0000038d   Thumb Code     0  _printf_lc.o(.ARM.Collect$$_printf_percent$$00000015)
    _printf_ls                               0x00000393   Thumb Code     0  _printf_ls.o(.ARM.Collect$$_printf_percent$$00000016)
    _printf_percent_end                      0x00000399   Thumb Code     0  _printf_percent_end.o(.ARM.Collect$$_printf_percent$$00000017)
    __rt_lib_init                            0x0000039d   Thumb Code     0  libinit.o(.ARM.Collect$$libinit$$00000000)
    __rt_lib_init_fp_1                       0x0000039f   Thumb Code     0  libinit2.o(.ARM.Collect$$libinit$$00000001)
    __rt_lib_init_heap_1                     0x000003a3   Thumb Code     0  libinit2.o(.ARM.Collect$$libinit$$0000000C)
    __rt_lib_init_lc_common                  0x000003a3   Thumb Code     0  libinit2.o(.ARM.Collect$$libinit$$00000011)
    __rt_lib_init_preinit_1                  0x000003a3   Thumb Code     0  libinit2.o(.ARM.Collect$$libinit$$00000006)
    __rt_lib_init_rand_1                     0x000003a3   Thumb Code     0  libinit2.o(.ARM.Collect$$libinit$$00000010)
    __rt_lib_init_relocate_pie_1             0x000003a3   Thumb Code     0  libinit2.o(.ARM.Collect$$libinit$$00000004)
    __rt_lib_init_user_alloc_1               0x000003a3   Thumb Code     0  libinit2.o(.ARM.Collect$$libinit$$0000000E)
    __rt_lib_init_lc_collate_1               0x000003a9   Thumb Code     0  libinit2.o(.ARM.Collect$$libinit$$00000013)
    __rt_lib_init_lc_ctype_2                 0x000003a9   Thumb Code     0  libinit2.o(.ARM.Collect$$libinit$$00000014)
    __rt_lib_init_lc_ctype_1                 0x000003b5   Thumb Code     0  libinit2.o(.ARM.Collect$$libinit$$00000015)
    __rt_lib_init_lc_monetary_1              0x000003b5   Thumb Code     0  libinit2.o(.ARM.Collect$$libinit$$00000017)
    __rt_lib_init_lc_numeric_2               0x000003b5   Thumb Code     0  libinit2.o(.ARM.Collect$$libinit$$00000018)
    __rt_lib_init_alloca_1                   0x000003bf   Thumb Code     0  libinit2.o(.ARM.Collect$$libinit$$00000030)
    __rt_lib_init_argv_1                     0x000003bf   Thumb Code     0  libinit2.o(.ARM.Collect$$libinit$$0000002E)
    __rt_lib_init_atexit_1                   0x000003bf   Thumb Code     0  libinit2.o(.ARM.Collect$$libinit$$0000001D)
    __rt_lib_init_clock_1                    0x000003bf   Thumb Code     0  libinit2.o(.ARM.Collect$$libinit$$00000023)
    __rt_lib_init_cpp_1                      0x000003bf   Thumb Code     0  libinit2.o(.ARM.Collect$$libinit$$00000034)
    __rt_lib_init_exceptions_1               0x000003bf   Thumb Code     0  libinit2.o(.ARM.Collect$$libinit$$00000032)
    __rt_lib_init_fp_trap_1                  0x000003bf   Thumb Code     0  libinit2.o(.ARM.Collect$$libinit$$00000021)
    __rt_lib_init_getenv_1                   0x000003bf   Thumb Code     0  libinit2.o(.ARM.Collect$$libinit$$00000025)
    __rt_lib_init_lc_numeric_1               0x000003bf   Thumb Code     0  libinit2.o(.ARM.Collect$$libinit$$00000019)
    __rt_lib_init_lc_time_1                  0x000003bf   Thumb Code     0  libinit2.o(.ARM.Collect$$libinit$$0000001B)
    __rt_lib_init_return                     0x000003bf   Thumb Code     0  libinit2.o(.ARM.Collect$$libinit$$00000035)
    __rt_lib_init_signal_1                   0x000003bf   Thumb Code     0  libinit2.o(.ARM.Collect$$libinit$$0000001F)
    __rt_lib_init_stdio_1                    0x000003bf   Thumb Code     0  libinit2.o(.ARM.Collect$$libinit$$00000027)
    __rt_lib_shutdown                        0x000003c1   Thumb Code     0  libshutdown.o(.ARM.Collect$$libshutdown$$00000000)
    __rt_lib_shutdown_cpp_1                  0x000003c3   Thumb Code     0  libshutdown2.o(.ARM.Collect$$libshutdown$$00000002)
    __rt_lib_shutdown_fp_trap_1              0x000003c3   Thumb Code     0  libshutdown2.o(.ARM.Collect$$libshutdown$$00000007)
    __rt_lib_shutdown_heap_1                 0x000003c3   Thumb Code     0  libshutdown2.o(.ARM.Collect$$libshutdown$$0000000F)
    __rt_lib_shutdown_return                 0x000003c3   Thumb Code     0  libshutdown2.o(.ARM.Collect$$libshutdown$$00000010)
    __rt_lib_shutdown_signal_1               0x000003c3   Thumb Code     0  libshutdown2.o(.ARM.Collect$$libshutdown$$0000000A)
    __rt_lib_shutdown_stdio_1                0x000003c3   Thumb Code     0  libshutdown2.o(.ARM.Collect$$libshutdown$$00000004)
    __rt_lib_shutdown_user_alloc_1           0x000003c3   Thumb Code     0  libshutdown2.o(.ARM.Collect$$libshutdown$$0000000C)
    __rt_entry                               0x000003c5   Thumb Code     0  __rtentry.o(.ARM.Collect$$rtentry$$00000000)
    __rt_entry_presh_1                       0x000003c5   Thumb Code     0  __rtentry2.o(.ARM.Collect$$rtentry$$00000002)
    __rt_entry_sh                            0x000003c5   Thumb Code     0  __rtentry4.o(.ARM.Collect$$rtentry$$00000004)
    __rt_entry_li                            0x000003cb   Thumb Code     0  __rtentry2.o(.ARM.Collect$$rtentry$$0000000A)
    __rt_entry_postsh_1                      0x000003cb   Thumb Code     0  __rtentry2.o(.ARM.Collect$$rtentry$$00000009)
    __rt_entry_main                          0x000003cf   Thumb Code     0  __rtentry2.o(.ARM.Collect$$rtentry$$0000000D)
    __rt_entry_postli_1                      0x000003cf   Thumb Code     0  __rtentry2.o(.ARM.Collect$$rtentry$$0000000C)
    __rt_exit                                0x000003d7   Thumb Code     0  rtexit.o(.ARM.Collect$$rtexit$$00000000)
    __rt_exit_ls                             0x000003d9   Thumb Code     0  rtexit2.o(.ARM.Collect$$rtexit$$00000003)
    __rt_exit_prels_1                        0x000003d9   Thumb Code     0  rtexit2.o(.ARM.Collect$$rtexit$$00000002)
    __rt_exit_exit                           0x000003dd   Thumb Code     0  rtexit2.o(.ARM.Collect$$rtexit$$00000004)
    Reset_Handler                            0x000003e5   Thumb Code     8  startup_tm4c123.o(.text)
    NMI_Handler                              0x000003ed   Thumb Code     2  startup_tm4c123.o(.text)
    MemManage_Handler                        0x000003f1   Thumb Code     2  startup_tm4c123.o(.text)
    BusFault_Handler                         0x000003f3   Thumb Code     2  startup_tm4c123.o(.text)
    UsageFault_Handler                       0x000003f5   Thumb Code     2  startup_tm4c123.o(.text)
    SVC_Handler                              0x000003f7   Thumb Code     2  startup_tm4c123.o(.text)
    DebugMon_Handler                         0x000003f9   Thumb Code     2  startup_tm4c123.o(.text)
    PendSV_Handler                           0x000003fb   Thumb Code     2  startup_tm4c123.o(.text)
    GPIOA_Handler                            0x000003ff   Thumb Code     2  startup_tm4c123.o(.text)
    GPIOB_Handler                            0x00000401   Thumb Code     2  startup_tm4c123.o(.text)
    GPIOC_Handler                            0x00000403   Thumb Code     2  startup_tm4c123.o(.text)
    GPIOD_Handler                            0x00000405   Thumb Code     2  startup_tm4c123.o(.text)
    GPIOE_Handler                            0x00000407   Thumb Code     2  startup_tm4c123.o(.text)
    UART0_Handler                            0x00000409   Thumb Code     2  startup_tm4c123.o(.text)
    UART1_Handler                            0x0000040b   Thumb Code     2  startup_tm4c123.o(.text)
    I2C0_Handler                             0x0000040f   Thumb Code     2  startup_tm4c123.o(.text)
    PMW0_FAULT_Handler                       0x00000411   Thumb Code     2  startup_tm4c123.o(.text)
    PWM0_0_Handler                           0x00000413   Thumb Code     2  startup_tm4c123.o(.text)
    PWM0_1_Handler                           0x00000415   Thumb Code     2  startup_tm4c123.o(.text)
    PWM0_2_Handler                           0x00000417   Thumb Code     2  startup_tm4c123.o(.text)
    QEI0_Handler                             0x00000419   Thumb Code     2  startup_tm4c123.o(.text)
    ADC0SS0_Handler                          0x0000041b   Thumb Code     2  startup_tm4c123.o(.text)
    ADC0SS1_Handler                          0x0000041d   Thumb Code     2  startup_tm4c123.o(.text)
    ADC0SS2_Handler                          0x0000041f   Thumb Code     2  startup_tm4c123.o(.text)
    ADC0SS3_Handler                          0x00000421   Thumb Code     2  startup_tm4c123.o(.text)
    WDT0_Handler                             0x00000423   Thumb Code     2  startup_tm4c123.o(.text)
    TIMER0B_Handler                          0x00000427   Thumb Code     2  startup_tm4c123.o(.text)
    TIMER1A_Handler                          0x00000429   Thumb Code     2  startup_tm4c123.o(.text)
    TIMER1B_Handler                          0x0000042b   Thumb Code     2  startup_tm4c123.o(.text)
    TIMER2A_Handler                          0x0000042d   Thumb Code     2  startup_tm4c123.o(.text)
    TIMER2B_Handler                          0x0000042f   Thumb Code     2  startup_tm4c123.o(.text)
    COMP0_Handler                            0x00000431   Thumb Code     2  startup_tm4c123.o(.text)
    COMP1_Handler                            0x00000433   Thumb Code     2  startup_tm4c123.o(.text)
    COMP2_Handler                            0x00000435   Thumb Code     2  startup_tm4c123.o(.text)
    SYSCTL_Handler                           0x00000437   Thumb Code     2  startup_tm4c123.o(.text)
    FLASH_Handler                            0x00000439   Thumb Code     2  startup_tm4c123.o(.text)
    GPIOG_Handler                            0x0000043d   Thumb Code     2  startup_tm4c123.o(.text)
    GPIOH_Handler                            0x0000043f   Thumb Code     2  startup_tm4c123.o(.text)
    UART2_Handler                            0x00000441   Thumb Code     2  startup_tm4c123.o(.text)
    TIMER3A_Handler                          0x00000445   Thumb Code     2  startup_tm4c123.o(.text)
    TIMER3B_Handler                          0x00000447   Thumb Code     2  startup_tm4c123.o(.text)
    I2C1_Handler                             0x00000449   Thumb Code     2  startup_tm4c123.o(.text)
    QEI1_Handler                             0x0000044b   Thumb Code     2  startup_tm4c123.o(.text)
    CAN0_Handler                             0x0000044d   Thumb Code     2  startup_tm4c123.o(.text)
    CAN1_Handler                             0x0000044f   Thumb Code     2  startup_tm4c123.o(.text)
    CAN2_Handler                             0x00000451   Thumb Code     2  startup_tm4c123.o(.text)
    HIB_Handler                              0x00000453   Thumb Code     2  startup_tm4c123.o(.text)
    USB0_Handler                             0x00000455   Thumb Code     2  startup_tm4c123.o(.text)
    PWM0_3_Handler                           0x00000457   Thumb Code     2  startup_tm4c123.o(.text)
    UDMA_Handler                             0x00000459   Thumb Code     2  startup_tm4c123.o(.text)
    UDMAERR_Handler                          0x0000045b   Thumb Code     2  startup_tm4c123.o(.text)
    ADC1SS0_Handler                          0x0000045d   Thumb Code     2  startup_tm4c123.o(.text)
    ADC1SS1_Handler                          0x0000045f   Thumb Code     2  startup_tm4c123.o(.text)
    ADC1SS2_Handler                          0x00000461   Thumb Code     2  startup_tm4c123.o(.text)
    ADC1SS3_Handler                          0x00000463   Thumb Code     2  startup_tm4c123.o(.text)
    GPIOJ_Handler                            0x00000465   Thumb Code     2  startup_tm4c123.o(.text)
    GPIOK_Handler                            0x00000467   Thumb Code     2  startup_tm4c123.o(.text)
    GPIOL_Handler                            0x00000469   Thumb Code     2  startup_tm4c123.o(.text)
    UART3_Handler                            0x0000046f   Thumb Code     2  startup_tm4c123.o(.text)
    UART4_Handler                            0x00000471   Thumb Code     2  startup_tm4c123.o(.text)
    UART5_Handler                            0x00000473   Thumb Code     2  startup_tm4c123.o(.text)
    UART6_Handler                            0x00000475   Thumb Code     2  startup_tm4c123.o(.text)
    UART7_Handler                            0x00000477   Thumb Code     2  startup_tm4c123.o(.text)
    I2C2_Handler                             0x00000479   Thumb Code     2  startup_tm4c123.o(.text)
    I2C3_Handler                             0x0000047b   Thumb Code     2  startup_tm4c123.o(.text)
    TIMER4A_Handler                          0x0000047d   Thumb Code     2  startup_tm4c123.o(.text)
    TIMER4B_Handler                          0x0000047f   Thumb Code     2  startup_tm4c123.o(.text)
    TIMER5A_Handler                          0x00000481   Thumb Code     2  startup_tm4c123.o(.text)
    TIMER5B_Handler                          0x00000483   Thumb Code     2  startup_tm4c123.o(.text)
    WTIMER0A_Handler                         0x00000485   Thumb Code     2  startup_tm4c123.o(.text)
    WTIMER0B_Handler                         0x00000487   Thumb Code     2  startup_tm4c123.o(.text)
    WTIMER1A_Handler                         0x00000489   Thumb Code     2  startup_tm4c123.o(.text)
    WTIMER1B_Handler                         0x0000048b   Thumb Code     2  startup_tm4c123.o(.text)
    WTIMER2A_Handler                         0x0000048d   Thumb Code     2  startup_tm4c123.o(.text)
    WTIMER2B_Handler                         0x0000048f   Thumb Code     2  startup_tm4c123.o(.text)
    WTIMER3A_Handler                         0x00000491   Thumb Code     2  startup_tm4c123.o(.text)
    WTIMER3B_Handler                         0x00000493   Thumb Code     2  startup_tm4c123.o(.text)
    WTIMER4A_Handler                         0x00000495   Thumb Code     2  startup_tm4c123.o(.text)
    WTIMER4B_Handler                         0x00000497   Thumb Code     2  startup_tm4c123.o(.text)
    WTIMER5A_Handler                         0x00000499   Thumb Code     2  startup_tm4c123.o(.text)
    WTIMER5B_Handler                         0x0000049b   Thumb Code     2  startup_tm4c123.o(.text)
    FPU_Handler                              0x0000049d   Thumb Code     2  startup_tm4c123.o(.text)
    I2C4_Handler                             0x0000049f   Thumb Code     2  startup_tm4c123.o(.text)
    I2C5_Handler                             0x000004a1   Thumb Code     2  startup_tm4c123.o(.text)
    GPIOM_Handler                            0x000004a3   Thumb Code     2  startup_tm4c123.o(.text)
    GPION_Handler                            0x000004a5   Thumb Code     2  startup_tm4c123.o(.text)
    QEI2_Handler                             0x000004a7   Thumb Code     2  startup_tm4c123.o(.text)
    GPIOP0_Handler                           0x000004a9   Thumb Code     2  startup_tm4c123.o(.text)
    GPIOP1_Handler                           0x000004ab   Thumb Code     2  startup_tm4c123.o(.text)
    GPIOP2_Handler                           0x000004ad   Thumb Code     2  startup_tm4c123.o(.text)
    GPIOP3_Handler                           0x000004af   Thumb Code     2  startup_tm4c123.o(.text)
    GPIOP4_Handler                           0x000004b1   Thumb Code     2  startup_tm4c123.o(.text)
    GPIOP5_Handler                           0x000004b3   Thumb Code     2  startup_tm4c123.o(.text)
    GPIOP6_Handler                           0x000004b5   Thumb Code     2  startup_tm4c123.o(.text)
    GPIOP7_Handler                           0x000004b7   Thumb Code     2  startup_tm4c123.o(.text)
    GPIOQ0_Handler                           0x000004b9   Thumb Code     2  startup_tm4c123.o(.text)
    GPIOQ1_Handler                           0x000004bb   Thumb Code     2  startup_tm4c123.o(.text)
    GPIOQ2_Handler                           0x000004bd   Thumb Code     2  startup_tm4c123.o(.text)
    GPIOQ3_Handler                           0x000004bf   Thumb Code     2  startup_tm4c123.o(.text)
    GPIOQ4_Handler                           0x000004c1   Thumb Code     2  startup_tm4c123.o(.text)
    GPIOQ5_Handler                           0x000004c3   Thumb Code     2  startup_tm4c123.o(.text)
    GPIOQ6_Handler                           0x000004c5   Thumb Code     2  startup_tm4c123.o(.text)
    GPIOQ7_Handler                           0x000004c7   Thumb Code     2  startup_tm4c123.o(.text)
    GPIOR_Handler                            0x000004c9   Thumb Code     2  startup_tm4c123.o(.text)
    GPIOS_Handler                            0x000004cb   Thumb Code     2  startup_tm4c123.o(.text)
    PMW1_0_Handler                           0x000004cd   Thumb Code     2  startup_tm4c123.o(.text)
    PWM1_1_Handler                           0x000004cf   Thumb Code     2  startup_tm4c123.o(.text)
    PWM1_2_Handler                           0x000004d1   Thumb Code     2  startup_tm4c123.o(.text)
    PWM1_3_Handler                           0x000004d3   Thumb Code     2  startup_tm4c123.o(.text)
    PWM1_FAULT_Handler                       0x000004d5   Thumb Code     2  startup_tm4c123.o(.text)
    __user_initial_stackheap                 0x000004d9   Thumb Code     0  startup_tm4c123.o(.text)
    printf                                   0x000004f9   Thumb Code    20  printf.o(.text)
    __use_two_region_memory                  0x00000511   Thumb Code     2  heapauxi.o(.text)
    __rt_heap_escrow$2region                 0x00000513   Thumb Code     2  heapauxi.o(.text)
    __rt_heap_expand$2region                 0x00000515   Thumb Code     2  heapauxi.o(.text)
    _printf_pre_padding                      0x00000517   Thumb Code    44  _printf_pad.o(.text)
    _printf_post_padding                     0x00000543   Thumb Code    34  _printf_pad.o(.text)
    _printf_truncate_signed                  0x00000565   Thumb Code    18  _printf_truncate.o(.text)
    _printf_truncate_unsigned                0x00000577   Thumb Code    18  _printf_truncate.o(.text)
    _printf_str                              0x00000589   Thumb Code    82  _printf_str.o(.text)
    _printf_int_dec                          0x000005dd   Thumb Code   104  _printf_dec.o(.text)
    _printf_charcount                        0x00000655   Thumb Code    40  _printf_charcount.o(.text)
    _printf_char_common                      0x00000687   Thumb Code    32  _printf_char_common.o(.text)
    _printf_char_file                        0x000006ad   Thumb Code    32  _printf_char_file.o(.text)
    _printf_wctomb                           0x000006d1   Thumb Code   182  _printf_wctomb.o(.text)
    _printf_longlong_dec                     0x0000078d   Thumb Code   108  _printf_longlong_dec.o(.text)
    _printf_longlong_oct                     0x00000809   Thumb Code    68  _printf_oct_int_ll.o(.text)
    _printf_int_oct                          0x0000084d   Thumb Code    24  _printf_oct_int_ll.o(.text)
    _printf_ll_oct                           0x00000865   Thumb Code    12  _printf_oct_int_ll.o(.text)
    _printf_longlong_hex                     0x00000879   Thumb Code    86  _printf_hex_int_ll_ptr.o(.text)
    _printf_int_hex                          0x000008cf   Thumb Code    28  _printf_hex_int_ll_ptr.o(.text)
    _printf_ll_hex                           0x000008eb   Thumb Code    12  _printf_hex_int_ll_ptr.o(.text)
    _printf_hex_ptr                          0x000008f7   Thumb Code    18  _printf_hex_int_ll_ptr.o(.text)
    __printf                                 0x0000090d   Thumb Code   388  __printf_flags_ss_wp.o(.text)
    _ll_udiv10                               0x00000a95   Thumb Code   138  lludiv10.o(.text)
    _printf_int_common                       0x00000b1f   Thumb Code   178  _printf_intcommon.o(.text)
    _printf_fp_dec_real                      0x00000d81   Thumb Code   620  _printf_fp_dec.o(.text)
    _printf_fp_hex_real                      0x00000fed   Thumb Code   756  _printf_fp_hex.o(.text)
    _printf_cs_common                        0x000012e9   Thumb Code    20  _printf_char.o(.text)
    _printf_char                             0x000012fd   Thumb Code    16  _printf_char.o(.text)
    _printf_string                           0x0000130d   Thumb Code     8  _printf_char.o(.text)
    _printf_lcs_common                       0x00001315   Thumb Code    20  _printf_wchar.o(.text)
    _printf_wchar                            0x00001329   Thumb Code    16  _printf_wchar.o(.text)
    _printf_wstring                          0x00001339   Thumb Code     8  _printf_wchar.o(.text)
    ferror                                   0x00001341   Thumb Code     8  ferror.o(.text)
    _c16rtomb                                0x00001349   Thumb Code    72  _c16rtomb.o(.text)
    _wcrtomb                                 0x00001349   Thumb Code     0  _c16rtomb.o(.text)
    __user_setup_stackheap                   0x00001391   Thumb Code    74  sys_stackheap_outer.o(.text)
    __rt_ctype_table                         0x000013dd   Thumb Code    16  rt_ctype_table.o(.text)
    __rt_locale                              0x000013ed   Thumb Code     8  rt_locale_intlibspace.o(.text)
    _printf_fp_infnan                        0x000013f5   Thumb Code   112  _printf_fp_infnan.o(.text)
    _btod_etento                             0x00001475   Thumb Code   224  bigflt0.o(.text)
    exit                                     0x00001559   Thumb Code    18  exit.o(.text)
    __user_libspace                          0x0000156d   Thumb Code     8  libspace.o(.text)
    __user_perproc_libspace                  0x0000156d   Thumb Code     0  libspace.o(.text)
    __user_perthread_libspace                0x0000156d   Thumb Code     0  libspace.o(.text)
    strcmp                                   0x00001579   Thumb Code   124  strcmpv7em.o(.text)
    _sys_exit                                0x000015f5   Thumb Code     8  sys_exit.o(.text)
    __I$use$semihosting                      0x00001601   Thumb Code     0  use_no_semi.o(.text)
    __use_no_semihosting_swi                 0x00001601   Thumb Code     2  use_no_semi.o(.text)
    __semihosting_library_function           0x00001603   Thumb Code     0  indicate_semi.o(.text)
    GPIOF_Button_IRQHandler                  0x00001605   Thumb Code    58  main.o(.text.GPIOF_Button_IRQHandler)
    GPIOF_Handler                            0x00001641   Thumb Code    26  irq.o(.text.GPIOF_Handler)
    HT1621_Command                           0x0000165d   Thumb Code   188  ht1621.o(.text.HT1621_Command)
    HT1621_Write_Digit                       0x00001719   Thumb Code   458  ht1621.o(.text.HT1621_Write_Digit)
    HardFault_Handler                        0x000018e5   Thumb Code    16  bsp.o(.text.HardFault_Handler)
    IRQ_Init                                 0x000018f5   Thumb Code    10  irq.o(.text.IRQ_Init)
    LCD_AddCallback                          0x00001901   Thumb Code    20  lcd_st7735r.o(.text.LCD_AddCallback)
    LCD_GetSize                              0x00001915   Thumb Code    38  lcd_st7735r.o(.text.LCD_GetSize)
    LcdInit                                  0x0000193d   Thumb Code   812  lcd_st7735r.o(.text.LcdInit)
    Port_Init                                0x00001c69   Thumb Code  1054  hal.o(.text.Port_Init)
    SSI0_Handler                             0x0000219d   Thumb Code    18  spim.o(.text.SSI0_Handler)
    SSI1_Handler                             0x000021b1   Thumb Code    18  spim.o(.text.SSI1_Handler)
    SSI2_Handler                             0x000021c5   Thumb Code    18  spim.o(.text.SSI2_Handler)
    SSI3_Handler                             0x000021d9   Thumb Code    18  spim.o(.text.SSI3_Handler)
    SpimAddCallbackTransferDone              0x000021ed   Thumb Code    20  spim.o(.text.SpimAddCallbackTransferDone)
    SpimInit                                 0x00002201   Thumb Code   914  spim.o(.text.SpimInit)
    SpimSetDataSize                          0x00002595   Thumb Code   464  spim.o(.text.SpimSetDataSize)
    SpimTransfer                             0x00002765   Thumb Code   132  spim.o(.text.SpimTransfer)
    SysTick_Handler                          0x0000283d   Thumb Code   466  main.o(.text.SysTick_Handler)
    SystemCoreClockUpdate                    0x00002a11   Thumb Code   358  system_tm4c123.o(.text.SystemCoreClockUpdate)
    SystemInit                               0x00002b79   Thumb Code   270  system_tm4c123.o(.text.SystemInit)
    TIMER0A_Handler                          0x00002c89   Thumb Code    50  timer.o(.text.TIMER0A_Handler)
    TimerInit                                0x00002cbd   Thumb Code   642  timer.o(.text.TimerInit)
    UART_Init                                0x00002f41   Thumb Code   616  uart.o(.text.UART_Init)
    delay_ms                                 0x000032b1   Thumb Code    54  common.o(.text.delay_ms)
    fputc                                    0x000032e9   Thumb Code    24  retarget.o(.text.fputc)
    main                                     0x000034c9   Thumb Code   766  main.o(.text.main)
    main_Timer0A_IRQHandler                  0x000038bd   Thumb Code   318  main.o(.text.main_Timer0A_IRQHandler)
    write_ASCII_UART                         0x00003a35   Thumb Code   160  uart.o(.text.write_ASCII_UART)
    _btod_d2e                                0x00003ad5   Thumb Code    62  btod.o(CL$$btod_d2e)
    _d2e_denorm_low                          0x00003b13   Thumb Code    70  btod.o(CL$$btod_d2e_denorm_low)
    _d2e_norm_op1                            0x00003b59   Thumb Code    96  btod.o(CL$$btod_d2e_norm_op1)
    __btod_div_common                        0x00003bb9   Thumb Code   696  btod.o(CL$$btod_div_common)
    _e2e                                     0x00003ef1   Thumb Code   220  btod.o(CL$$btod_e2e)
    _btod_ediv                               0x00003fcd   Thumb Code    42  btod.o(CL$$btod_ediv)
    _btod_emul                               0x00003ff7   Thumb Code    42  btod.o(CL$$btod_emul)
    __btod_mult_common                       0x00004021   Thumb Code   580  btod.o(CL$$btod_mult_common)
    GUI_16BitPerPixel                        0x00004265   Thumb Code     6  gui.o(i.GUI_16BitPerPixel)
    GUI_AddCbFrameEnd                        0x00004271   Thumb Code     6  gui.o(i.GUI_AddCbFrameEnd)
    GUI_Clear                                0x0000427d   Thumb Code    96  gui.o(i.GUI_Clear)
    GUI_Init                                 0x000042e1   Thumb Code    70  gui.o(i.GUI_Init)
    GUI_SetFont                              0x0000432d   Thumb Code     6  gui.o(i.GUI_SetFont)
    GUI_SetFontBackColor                     0x00004339   Thumb Code    30  gui.o(i.GUI_SetFontBackColor)
    __ARM_fpclassify                         0x0000435d   Thumb Code    48  fpclassify.o(i.__ARM_fpclassify)
    _is_digit                                0x0000438d   Thumb Code    14  __printf_wp.o(i._is_digit)
    _get_lc_numeric                          0x0000439d   Thumb Code    44  lc_numeric_c.o(locale$$code)
    _get_lc_ctype                            0x000043c9   Thumb Code    44  lc_ctype_c.o(locale$$code)
    __aeabi_d2f                              0x000043f5   Thumb Code     0  d2f.o(x$fpl$d2f)
    _d2f                                     0x000043f5   Thumb Code    98  d2f.o(x$fpl$d2f)
    __aeabi_dadd                             0x00004459   Thumb Code     0  daddsub_clz.o(x$fpl$dadd)
    _dadd                                    0x00004459   Thumb Code   332  daddsub_clz.o(x$fpl$dadd)
    __aeabi_ddiv                             0x000045a9   Thumb Code     0  ddiv.o(x$fpl$ddiv)
    _ddiv                                    0x000045a9   Thumb Code   560  ddiv.o(x$fpl$ddiv)
    __aeabi_d2iz                             0x00004861   Thumb Code     0  dfix.o(x$fpl$dfix)
    _dfix                                    0x00004861   Thumb Code    94  dfix.o(x$fpl$dfix)
    __aeabi_i2d                              0x000048bf   Thumb Code     0  dflt_clz.o(x$fpl$dflt)
    _dflt                                    0x000048bf   Thumb Code    46  dflt_clz.o(x$fpl$dflt)
    __aeabi_ui2d                             0x000048ed   Thumb Code     0  dflt_clz.o(x$fpl$dfltu)
    _dfltu                                   0x000048ed   Thumb Code    38  dflt_clz.o(x$fpl$dfltu)
    __fpl_dnaninf                            0x00004913   Thumb Code   156  dnaninf.o(x$fpl$dnaninf)
    __fpl_dretinf                            0x000049af   Thumb Code    12  dretinf.o(x$fpl$dretinf)
    __aeabi_dsub                             0x000049bd   Thumb Code     0  daddsub_clz.o(x$fpl$dsub)
    _dsub                                    0x000049bd   Thumb Code   472  daddsub_clz.o(x$fpl$dsub)
    __aeabi_f2d                              0x00004b99   Thumb Code     0  f2d.o(x$fpl$f2d)
    _f2d                                     0x00004b99   Thumb Code    86  f2d.o(x$fpl$f2d)
    __fpl_fnaninf                            0x00004bef   Thumb Code   140  fnaninf.o(x$fpl$fnaninf)
    _fp_init                                 0x00004c7b   Thumb Code    26  fpinit.o(x$fpl$fpinit)
    __fplib_config_fpu_vfp                   0x00004c93   Thumb Code     0  fpinit.o(x$fpl$fpinit)
    __fplib_config_pureend_doubles           0x00004c93   Thumb Code     0  fpinit.o(x$fpl$fpinit)
    __fpl_fretinf                            0x00004c95   Thumb Code    10  fretinf.o(x$fpl$fretinf)
    _printf_fp_dec                           0x00004c9f   Thumb Code     4  printf1.o(x$fpl$printf1)
    _printf_fp_hex                           0x00004ca3   Thumb Code     4  printf2.o(x$fpl$printf2)
    __I$use$fp                               0x00004ca6   Number         0  usenofp.o(x$fpl$usenofp)
    g_sFontCalibri10                         0x000050c0   Data         200  font_calibri10.o(.constdata)
    Region$$Table$$Base                      0x00005410   Number         0  anon$$obj.o(Region$$Table)
    Region$$Table$$Limit                     0x00005430   Number         0  anon$$obj.o(Region$$Table)
    __ctype                                  0x00005459   Data           0  lc_ctype_c.o(locale$$data)
    SystemCoreClock                          0x2000001c   Data           4  system_tm4c123.o(.data.SystemCoreClock)
    __libspace_start                         0x20000038   Data          96  libspace.o(.bss)
    BUZZCOUNT                                0x20000098   Data           4  main.o(.bss.BUZZCOUNT)
    __temporary_stack_top$libspace           0x20000098   Data           0  libspace.o(.bss)
    BUZZER                                   0x2000009c   Data           4  main.o(.bss.BUZZER)
    __stdout                                 0x200000a0   Data          84  retarget.o(.bss.__stdout)
    g_bTimer0AISRDone                        0x20002254   Data           4  main.o(.bss.g_bTimer0AISRDone)



==============================================================================

Memory Map of the image

  Image Entry point : 0x0000026d

  Load Region LR_IROM1 (Base: 0x00000000, Size: 0x00005598, Max: 0x00040000, ABSOLUTE)

    Execution Region ER_IROM1 (Exec base: 0x00000000, Load base: 0x00000000, Size: 0x0000555c, Max: 0x00040000, ABSOLUTE)

    Exec Addr    Load Addr    Size         Type   Attr      Idx    E Section Name        Object

    0x00000000   0x00000000   0x0000026c   Data   RO          268    RESET               startup_tm4c123.o
    0x0000026c   0x0000026c   0x00000008   Code   RO          391  * !!!main             c_w.l(__main.o)
    0x00000274   0x00000274   0x0000005c   Code   RO          766    !!!scatter          c_w.l(__scatter.o)
    0x000002d0   0x000002d0   0x0000001a   Code   RO          770    !!handler_copy      c_w.l(__scatter_copy.o)
    0x000002ea   0x000002ea   0x00000002   PAD
    0x000002ec   0x000002ec   0x00000002   Code   RO          767    !!handler_null      c_w.l(__scatter.o)
    0x000002ee   0x000002ee   0x00000002   PAD
    0x000002f0   0x000002f0   0x0000001c   Code   RO          772    !!handler_zi        c_w.l(__scatter_zi.o)
    0x0000030c   0x0000030c   0x00000000   Code   RO          501    .ARM.Collect$$_printf_percent$$00000000  c_w.l(_printf_percent.o)
    0x0000030c   0x0000030c   0x00000006   Code   RO          490    .ARM.Collect$$_printf_percent$$00000001  c_w.l(_printf_n.o)
    0x00000312   0x00000312   0x00000006   Code   RO          492    .ARM.Collect$$_printf_percent$$00000002  c_w.l(_printf_p.o)
    0x00000318   0x00000318   0x00000006   Code   RO          497    .ARM.Collect$$_printf_percent$$00000003  c_w.l(_printf_f.o)
    0x0000031e   0x0000031e   0x00000006   Code   RO          498    .ARM.Collect$$_printf_percent$$00000004  c_w.l(_printf_e.o)
    0x00000324   0x00000324   0x00000006   Code   RO          499    .ARM.Collect$$_printf_percent$$00000005  c_w.l(_printf_g.o)
    0x0000032a   0x0000032a   0x00000006   Code   RO          500    .ARM.Collect$$_printf_percent$$00000006  c_w.l(_printf_a.o)
    0x00000330   0x00000330   0x0000000a   Code   RO          505    .ARM.Collect$$_printf_percent$$00000007  c_w.l(_printf_ll.o)
    0x0000033a   0x0000033a   0x00000006   Code   RO          494    .ARM.Collect$$_printf_percent$$00000008  c_w.l(_printf_i.o)
    0x00000340   0x00000340   0x00000006   Code   RO          495    .ARM.Collect$$_printf_percent$$00000009  c_w.l(_printf_d.o)
    0x00000346   0x00000346   0x00000006   Code   RO          496    .ARM.Collect$$_printf_percent$$0000000A  c_w.l(_printf_u.o)
    0x0000034c   0x0000034c   0x00000006   Code   RO          493    .ARM.Collect$$_printf_percent$$0000000B  c_w.l(_printf_o.o)
    0x00000352   0x00000352   0x00000006   Code   RO          491    .ARM.Collect$$_printf_percent$$0000000C  c_w.l(_printf_x.o)
    0x00000358   0x00000358   0x00000006   Code   RO          502    .ARM.Collect$$_printf_percent$$0000000D  c_w.l(_printf_lli.o)
    0x0000035e   0x0000035e   0x00000006   Code   RO          503    .ARM.Collect$$_printf_percent$$0000000E  c_w.l(_printf_lld.o)
    0x00000364   0x00000364   0x00000006   Code   RO          504    .ARM.Collect$$_printf_percent$$0000000F  c_w.l(_printf_llu.o)
    0x0000036a   0x0000036a   0x00000006   Code   RO          509    .ARM.Collect$$_printf_percent$$00000010  c_w.l(_printf_llo.o)
    0x00000370   0x00000370   0x00000006   Code   RO          510    .ARM.Collect$$_printf_percent$$00000011  c_w.l(_printf_llx.o)
    0x00000376   0x00000376   0x0000000a   Code   RO          506    .ARM.Collect$$_printf_percent$$00000012  c_w.l(_printf_l.o)
    0x00000380   0x00000380   0x00000006   Code   RO          488    .ARM.Collect$$_printf_percent$$00000013  c_w.l(_printf_c.o)
    0x00000386   0x00000386   0x00000006   Code   RO          489    .ARM.Collect$$_printf_percent$$00000014  c_w.l(_printf_s.o)
    0x0000038c   0x0000038c   0x00000006   Code   RO          507    .ARM.Collect$$_printf_percent$$00000015  c_w.l(_printf_lc.o)
    0x00000392   0x00000392   0x00000006   Code   RO          508    .ARM.Collect$$_printf_percent$$00000016  c_w.l(_printf_ls.o)
    0x00000398   0x00000398   0x00000004   Code   RO          560    .ARM.Collect$$_printf_percent$$00000017  c_w.l(_printf_percent_end.o)
    0x0000039c   0x0000039c   0x00000002   Code   RO          615    .ARM.Collect$$libinit$$00000000  c_w.l(libinit.o)
    0x0000039e   0x0000039e   0x00000004   Code   RO          632    .ARM.Collect$$libinit$$00000001  c_w.l(libinit2.o)
    0x000003a2   0x000003a2   0x00000000   Code   RO          635    .ARM.Collect$$libinit$$00000004  c_w.l(libinit2.o)
    0x000003a2   0x000003a2   0x00000000   Code   RO          637    .ARM.Collect$$libinit$$00000006  c_w.l(libinit2.o)
    0x000003a2   0x000003a2   0x00000000   Code   RO          640    .ARM.Collect$$libinit$$0000000C  c_w.l(libinit2.o)
    0x000003a2   0x000003a2   0x00000000   Code   RO          642    .ARM.Collect$$libinit$$0000000E  c_w.l(libinit2.o)
    0x000003a2   0x000003a2   0x00000000   Code   RO          644    .ARM.Collect$$libinit$$00000010  c_w.l(libinit2.o)
    0x000003a2   0x000003a2   0x00000006   Code   RO          645    .ARM.Collect$$libinit$$00000011  c_w.l(libinit2.o)
    0x000003a8   0x000003a8   0x00000000   Code   RO          647    .ARM.Collect$$libinit$$00000013  c_w.l(libinit2.o)
    0x000003a8   0x000003a8   0x0000000c   Code   RO          648    .ARM.Collect$$libinit$$00000014  c_w.l(libinit2.o)
    0x000003b4   0x000003b4   0x00000000   Code   RO          649    .ARM.Collect$$libinit$$00000015  c_w.l(libinit2.o)
    0x000003b4   0x000003b4   0x00000000   Code   RO          651    .ARM.Collect$$libinit$$00000017  c_w.l(libinit2.o)
    0x000003b4   0x000003b4   0x0000000a   Code   RO          652    .ARM.Collect$$libinit$$00000018  c_w.l(libinit2.o)
    0x000003be   0x000003be   0x00000000   Code   RO          653    .ARM.Collect$$libinit$$00000019  c_w.l(libinit2.o)
    0x000003be   0x000003be   0x00000000   Code   RO          655    .ARM.Collect$$libinit$$0000001B  c_w.l(libinit2.o)
    0x000003be   0x000003be   0x00000000   Code   RO          657    .ARM.Collect$$libinit$$0000001D  c_w.l(libinit2.o)
    0x000003be   0x000003be   0x00000000   Code   RO          659    .ARM.Collect$$libinit$$0000001F  c_w.l(libinit2.o)
    0x000003be   0x000003be   0x00000000   Code   RO          661    .ARM.Collect$$libinit$$00000021  c_w.l(libinit2.o)
    0x000003be   0x000003be   0x00000000   Code   RO          663    .ARM.Collect$$libinit$$00000023  c_w.l(libinit2.o)
    0x000003be   0x000003be   0x00000000   Code   RO          665    .ARM.Collect$$libinit$$00000025  c_w.l(libinit2.o)
    0x000003be   0x000003be   0x00000000   Code   RO          667    .ARM.Collect$$libinit$$00000027  c_w.l(libinit2.o)
    0x000003be   0x000003be   0x00000000   Code   RO          671    .ARM.Collect$$libinit$$0000002E  c_w.l(libinit2.o)
    0x000003be   0x000003be   0x00000000   Code   RO          673    .ARM.Collect$$libinit$$00000030  c_w.l(libinit2.o)
    0x000003be   0x000003be   0x00000000   Code   RO          675    .ARM.Collect$$libinit$$00000032  c_w.l(libinit2.o)
    0x000003be   0x000003be   0x00000000   Code   RO          677    .ARM.Collect$$libinit$$00000034  c_w.l(libinit2.o)
    0x000003be   0x000003be   0x00000002   Code   RO          678    .ARM.Collect$$libinit$$00000035  c_w.l(libinit2.o)
    0x000003c0   0x000003c0   0x00000002   Code   RO          702    .ARM.Collect$$libshutdown$$00000000  c_w.l(libshutdown.o)
    0x000003c2   0x000003c2   0x00000000   Code   RO          717    .ARM.Collect$$libshutdown$$00000002  c_w.l(libshutdown2.o)
    0x000003c2   0x000003c2   0x00000000   Code   RO          719    .ARM.Collect$$libshutdown$$00000004  c_w.l(libshutdown2.o)
    0x000003c2   0x000003c2   0x00000000   Code   RO          722    .ARM.Collect$$libshutdown$$00000007  c_w.l(libshutdown2.o)
    0x000003c2   0x000003c2   0x00000000   Code   RO          725    .ARM.Collect$$libshutdown$$0000000A  c_w.l(libshutdown2.o)
    0x000003c2   0x000003c2   0x00000000   Code   RO          727    .ARM.Collect$$libshutdown$$0000000C  c_w.l(libshutdown2.o)
    0x000003c2   0x000003c2   0x00000000   Code   RO          730    .ARM.Collect$$libshutdown$$0000000F  c_w.l(libshutdown2.o)
    0x000003c2   0x000003c2   0x00000002   Code   RO          731    .ARM.Collect$$libshutdown$$00000010  c_w.l(libshutdown2.o)
    0x000003c4   0x000003c4   0x00000000   Code   RO          417    .ARM.Collect$$rtentry$$00000000  c_w.l(__rtentry.o)
    0x000003c4   0x000003c4   0x00000000   Code   RO          529    .ARM.Collect$$rtentry$$00000002  c_w.l(__rtentry2.o)
    0x000003c4   0x000003c4   0x00000006   Code   RO          541    .ARM.Collect$$rtentry$$00000004  c_w.l(__rtentry4.o)
    0x000003ca   0x000003ca   0x00000000   Code   RO          531    .ARM.Collect$$rtentry$$00000009  c_w.l(__rtentry2.o)
    0x000003ca   0x000003ca   0x00000004   Code   RO          532    .ARM.Collect$$rtentry$$0000000A  c_w.l(__rtentry2.o)
    0x000003ce   0x000003ce   0x00000000   Code   RO          534    .ARM.Collect$$rtentry$$0000000C  c_w.l(__rtentry2.o)
    0x000003ce   0x000003ce   0x00000008   Code   RO          535    .ARM.Collect$$rtentry$$0000000D  c_w.l(__rtentry2.o)
    0x000003d6   0x000003d6   0x00000002   Code   RO          623    .ARM.Collect$$rtexit$$00000000  c_w.l(rtexit.o)
    0x000003d8   0x000003d8   0x00000000   Code   RO          680    .ARM.Collect$$rtexit$$00000002  c_w.l(rtexit2.o)
    0x000003d8   0x000003d8   0x00000004   Code   RO          681    .ARM.Collect$$rtexit$$00000003  c_w.l(rtexit2.o)
    0x000003dc   0x000003dc   0x00000006   Code   RO          682    .ARM.Collect$$rtexit$$00000004  c_w.l(rtexit2.o)
    0x000003e2   0x000003e2   0x00000002   PAD
    0x000003e4   0x000003e4   0x00000114   Code   RO          269    .text               startup_tm4c123.o
    0x000004f8   0x000004f8   0x00000018   Code   RO          383    .text               c_w.l(printf.o)
    0x00000510   0x00000510   0x00000006   Code   RO          389    .text               c_w.l(heapauxi.o)
    0x00000516   0x00000516   0x0000004e   Code   RO          420    .text               c_w.l(_printf_pad.o)
    0x00000564   0x00000564   0x00000024   Code   RO          422    .text               c_w.l(_printf_truncate.o)
    0x00000588   0x00000588   0x00000052   Code   RO          424    .text               c_w.l(_printf_str.o)
    0x000005da   0x000005da   0x00000002   PAD
    0x000005dc   0x000005dc   0x00000078   Code   RO          426    .text               c_w.l(_printf_dec.o)
    0x00000654   0x00000654   0x00000028   Code   RO          428    .text               c_w.l(_printf_charcount.o)
    0x0000067c   0x0000067c   0x00000030   Code   RO          430    .text               c_w.l(_printf_char_common.o)
    0x000006ac   0x000006ac   0x00000024   Code   RO          434    .text               c_w.l(_printf_char_file.o)
    0x000006d0   0x000006d0   0x000000bc   Code   RO          436    .text               c_w.l(_printf_wctomb.o)
    0x0000078c   0x0000078c   0x0000007c   Code   RO          439    .text               c_w.l(_printf_longlong_dec.o)
    0x00000808   0x00000808   0x00000070   Code   RO          445    .text               c_w.l(_printf_oct_int_ll.o)
    0x00000878   0x00000878   0x00000094   Code   RO          465    .text               c_w.l(_printf_hex_int_ll_ptr.o)
    0x0000090c   0x0000090c   0x00000188   Code   RO          485    .text               c_w.l(__printf_flags_ss_wp.o)
    0x00000a94   0x00000a94   0x0000008a   Code   RO          543    .text               c_w.l(lludiv10.o)
    0x00000b1e   0x00000b1e   0x000000b2   Code   RO          545    .text               c_w.l(_printf_intcommon.o)
    0x00000bd0   0x00000bd0   0x0000041c   Code   RO          547    .text               c_w.l(_printf_fp_dec.o)
    0x00000fec   0x00000fec   0x000002fc   Code   RO          551    .text               c_w.l(_printf_fp_hex.o)
    0x000012e8   0x000012e8   0x0000002c   Code   RO          556    .text               c_w.l(_printf_char.o)
    0x00001314   0x00001314   0x0000002c   Code   RO          558    .text               c_w.l(_printf_wchar.o)
    0x00001340   0x00001340   0x00000008   Code   RO          561    .text               c_w.l(ferror.o)
    0x00001348   0x00001348   0x00000048   Code   RO          565    .text               c_w.l(_c16rtomb.o)
    0x00001390   0x00001390   0x0000004a   Code   RO          567    .text               c_w.l(sys_stackheap_outer.o)
    0x000013da   0x000013da   0x00000002   PAD
    0x000013dc   0x000013dc   0x00000010   Code   RO          569    .text               c_w.l(rt_ctype_table.o)
    0x000013ec   0x000013ec   0x00000008   Code   RO          574    .text               c_w.l(rt_locale_intlibspace.o)
    0x000013f4   0x000013f4   0x00000080   Code   RO          576    .text               c_w.l(_printf_fp_infnan.o)
    0x00001474   0x00001474   0x000000e4   Code   RO          578    .text               c_w.l(bigflt0.o)
    0x00001558   0x00001558   0x00000012   Code   RO          608    .text               c_w.l(exit.o)
    0x0000156a   0x0000156a   0x00000002   PAD
    0x0000156c   0x0000156c   0x00000008   Code   RO          620    .text               c_w.l(libspace.o)
    0x00001574   0x00001574   0x00000004   PAD
    0x00001578   0x00001578   0x0000007c   Code   RO          630    .text               c_w.l(strcmpv7em.o)
    0x000015f4   0x000015f4   0x0000000c   Code   RO          692    .text               c_w.l(sys_exit.o)
    0x00001600   0x00001600   0x00000002   Code   RO          707    .text               c_w.l(use_no_semi.o)
    0x00001602   0x00001602   0x00000000   Code   RO          709    .text               c_w.l(indicate_semi.o)
    0x00001602   0x00001602   0x00000002   PAD
    0x00001604   0x00001604   0x0000003a   Code   RO           20    .text.GPIOF_Button_IRQHandler  main.o
    0x0000163e   0x0000163e   0x00000002   PAD
    0x00001640   0x00001640   0x0000001a   Code   RO          204    .text.GPIOF_Handler  irq.o
    0x0000165a   0x0000165a   0x00000002   PAD
    0x0000165c   0x0000165c   0x000000bc   Code   RO           64    .text.HT1621_Command  ht1621.o
    0x00001718   0x00001718   0x000001ca   Code   RO           66    .text.HT1621_Write_Digit  ht1621.o
    0x000018e2   0x000018e2   0x00000002   PAD
    0x000018e4   0x000018e4   0x00000010   Code   RO          180    .text.HardFault_Handler  bsp.o
    0x000018f4   0x000018f4   0x0000000a   Code   RO          200    .text.IRQ_Init      irq.o
    0x000018fe   0x000018fe   0x00000002   PAD
    0x00001900   0x00001900   0x00000014   Code   RO           99    .text.LCD_AddCallback  lcd_st7735r.o
    0x00001914   0x00001914   0x00000026   Code   RO           97    .text.LCD_GetSize   lcd_st7735r.o
    0x0000193a   0x0000193a   0x00000002   PAD
    0x0000193c   0x0000193c   0x0000032c   Code   RO           85    .text.LcdInit       lcd_st7735r.o
    0x00001c68   0x00001c68   0x0000041e   Code   RO          192    .text.Port_Init     hal.o
    0x00002086   0x00002086   0x00000002   PAD
    0x00002088   0x00002088   0x00000112   Code   RO          303    .text.SPI_Handler   spim.o
    0x0000219a   0x0000219a   0x00000002   PAD
    0x0000219c   0x0000219c   0x00000012   Code   RO          301    .text.SSI0_Handler  spim.o
    0x000021ae   0x000021ae   0x00000002   PAD
    0x000021b0   0x000021b0   0x00000012   Code   RO          305    .text.SSI1_Handler  spim.o
    0x000021c2   0x000021c2   0x00000002   PAD
    0x000021c4   0x000021c4   0x00000012   Code   RO          307    .text.SSI2_Handler  spim.o
    0x000021d6   0x000021d6   0x00000002   PAD
    0x000021d8   0x000021d8   0x00000012   Code   RO          309    .text.SSI3_Handler  spim.o
    0x000021ea   0x000021ea   0x00000002   PAD
    0x000021ec   0x000021ec   0x00000014   Code   RO          297    .text.SpimAddCallbackTransferDone  spim.o
    0x00002200   0x00002200   0x00000392   Code   RO          289    .text.SpimInit      spim.o
    0x00002592   0x00002592   0x00000002   PAD
    0x00002594   0x00002594   0x000001d0   Code   RO          295    .text.SpimSetDataSize  spim.o
    0x00002764   0x00002764   0x00000084   Code   RO          299    .text.SpimTransfer  spim.o
    0x000027e8   0x000027e8   0x00000054   Code   RO            6    .text.SysTick_Config  main.o
    0x0000283c   0x0000283c   0x000001d2   Code   RO           16    .text.SysTick_Handler  main.o
    0x00002a0e   0x00002a0e   0x00000002   PAD
    0x00002a10   0x00002a10   0x00000166   Code   RO          276    .text.SystemCoreClockUpdate  system_tm4c123.o
    0x00002b76   0x00002b76   0x00000002   PAD
    0x00002b78   0x00002b78   0x0000010e   Code   RO          278    .text.SystemInit    system_tm4c123.o
    0x00002c86   0x00002c86   0x00000002   PAD
    0x00002c88   0x00002c88   0x00000032   Code   RO          257    .text.TIMER0A_Handler  timer.o
    0x00002cba   0x00002cba   0x00000002   PAD
    0x00002cbc   0x00002cbc   0x00000282   Code   RO          249    .text.TimerInit     timer.o
    0x00002f3e   0x00002f3e   0x00000002   PAD
    0x00002f40   0x00002f40   0x00000274   Code   RO          213    .text.UART_Init     uart.o
    0x000031b4   0x000031b4   0x00000030   Code   RO          202    .text.__NVIC_EnableIRQ  irq.o
    0x000031e4   0x000031e4   0x00000030   Code   RO          251    .text.__NVIC_EnableIRQ  timer.o
    0x00003214   0x00003214   0x00000030   Code   RO          291    .text.__NVIC_EnableIRQ  spim.o
    0x00003244   0x00003244   0x00000042   Code   RO            8    .text.__NVIC_SetPriority  main.o
    0x00003286   0x00003286   0x00000002   PAD
    0x00003288   0x00003288   0x00000026   Code   RO          182    .text.__NVIC_SystemReset  bsp.o
    0x000032ae   0x000032ae   0x00000002   PAD
    0x000032b0   0x000032b0   0x00000036   Code   RO          229    .text.delay_ms      common.o
    0x000032e6   0x000032e6   0x00000002   PAD
    0x000032e8   0x000032e8   0x00000018   Code   RO          240    .text.fputc         retarget.o
    0x00003300   0x00003300   0x00000036   Code   RO           89    .text.lcd_Delayms   lcd_st7735r.o
    0x00003336   0x00003336   0x00000002   PAD
    0x00003338   0x00003338   0x00000072   Code   RO           91    .text.lcd_WriteCmd  lcd_st7735r.o
    0x000033aa   0x000033aa   0x00000002   PAD
    0x000033ac   0x000033ac   0x00000072   Code   RO           93    .text.lcd_WriteData  lcd_st7735r.o
    0x0000341e   0x0000341e   0x00000002   PAD
    0x00003420   0x00003420   0x00000066   Code   RO           95    .text.lcd_WriteMultipleByte  lcd_st7735r.o
    0x00003486   0x00003486   0x00000002   PAD
    0x00003488   0x00003488   0x0000003e   Code   RO           87    .text.lcd_cbSpiDone  lcd_st7735r.o
    0x000034c6   0x000034c6   0x00000002   PAD
    0x000034c8   0x000034c8   0x000002fe   Code   RO            4    .text.main          main.o
    0x000037c6   0x000037c6   0x00000002   PAD
    0x000037c8   0x000037c8   0x00000064   Code   RO           14    .text.main_HT1621Init  main.o
    0x0000382c   0x0000382c   0x00000090   Code   RO           12    .text.main_LcdInit  main.o
    0x000038bc   0x000038bc   0x0000013e   Code   RO           22    .text.main_Timer0A_IRQHandler  main.o
    0x000039fa   0x000039fa   0x00000002   PAD
    0x000039fc   0x000039fc   0x0000000e   Code   RO           26    .text.main_cbGuiFrameEnd  main.o
    0x00003a0a   0x00003a0a   0x00000002   PAD
    0x00003a0c   0x00003a0c   0x0000000e   Code   RO           24    .text.main_cbLcdTransferDone  main.o
    0x00003a1a   0x00003a1a   0x00000002   PAD
    0x00003a1c   0x00003a1c   0x00000018   Code   RO           10    .text.main_cbTimer0A  main.o
    0x00003a34   0x00003a34   0x000000a0   Code   RO          217    .text.write_ASCII_UART  uart.o
    0x00003ad4   0x00003ad4   0x0000003e   Code   RO          581    CL$$btod_d2e        c_w.l(btod.o)
    0x00003b12   0x00003b12   0x00000046   Code   RO          583    CL$$btod_d2e_denorm_low  c_w.l(btod.o)
    0x00003b58   0x00003b58   0x00000060   Code   RO          582    CL$$btod_d2e_norm_op1  c_w.l(btod.o)
    0x00003bb8   0x00003bb8   0x00000338   Code   RO          591    CL$$btod_div_common  c_w.l(btod.o)
    0x00003ef0   0x00003ef0   0x000000dc   Code   RO          588    CL$$btod_e2e        c_w.l(btod.o)
    0x00003fcc   0x00003fcc   0x0000002a   Code   RO          585    CL$$btod_ediv       c_w.l(btod.o)
    0x00003ff6   0x00003ff6   0x0000002a   Code   RO          584    CL$$btod_emul       c_w.l(btod.o)
    0x00004020   0x00004020   0x00000244   Code   RO          590    CL$$btod_mult_common  c_w.l(btod.o)
    0x00004264   0x00004264   0x0000000c   Code   RO          337    i.GUI_16BitPerPixel  DPGUI_KEIL_CM4_V11.lib(gui.o)
    0x00004270   0x00004270   0x0000000c   Code   RO          338    i.GUI_AddCbFrameEnd  DPGUI_KEIL_CM4_V11.lib(gui.o)
    0x0000427c   0x0000427c   0x00000064   Code   RO          339    i.GUI_Clear         DPGUI_KEIL_CM4_V11.lib(gui.o)
    0x000042e0   0x000042e0   0x0000004c   Code   RO          349    i.GUI_Init          DPGUI_KEIL_CM4_V11.lib(gui.o)
    0x0000432c   0x0000432c   0x0000000c   Code   RO          353    i.GUI_SetFont       DPGUI_KEIL_CM4_V11.lib(gui.o)
    0x00004338   0x00004338   0x00000024   Code   RO          354    i.GUI_SetFontBackColor  DPGUI_KEIL_CM4_V11.lib(gui.o)
    0x0000435c   0x0000435c   0x00000030   Code   RO          618    i.__ARM_fpclassify  m_wm.l(fpclassify.o)
    0x0000438c   0x0000438c   0x0000000e   Code   RO          478    i._is_digit         c_w.l(__printf_wp.o)
    0x0000439a   0x0000439a   0x00000002   PAD
    0x0000439c   0x0000439c   0x0000002c   Code   RO          606    locale$$code        c_w.l(lc_numeric_c.o)
    0x000043c8   0x000043c8   0x0000002c   Code   RO          628    locale$$code        c_w.l(lc_ctype_c.o)
    0x000043f4   0x000043f4   0x00000062   Code   RO          393    x$fpl$d2f           fz_wm.l(d2f.o)
    0x00004456   0x00004456   0x00000002   PAD
    0x00004458   0x00004458   0x00000150   Code   RO          395    x$fpl$dadd          fz_wm.l(daddsub_clz.o)
    0x000045a8   0x000045a8   0x000002b8   Code   RO          402    x$fpl$ddiv          fz_wm.l(ddiv.o)
    0x00004860   0x00004860   0x0000005e   Code   RO          405    x$fpl$dfix          fz_wm.l(dfix.o)
    0x000048be   0x000048be   0x0000002e   Code   RO          410    x$fpl$dflt          fz_wm.l(dflt_clz.o)
    0x000048ec   0x000048ec   0x00000026   Code   RO          409    x$fpl$dfltu         fz_wm.l(dflt_clz.o)
    0x00004912   0x00004912   0x0000009c   Code   RO          511    x$fpl$dnaninf       fz_wm.l(dnaninf.o)
    0x000049ae   0x000049ae   0x0000000c   Code   RO          513    x$fpl$dretinf       fz_wm.l(dretinf.o)
    0x000049ba   0x000049ba   0x00000002   PAD
    0x000049bc   0x000049bc   0x000001dc   Code   RO          397    x$fpl$dsub          fz_wm.l(daddsub_clz.o)
    0x00004b98   0x00004b98   0x00000056   Code   RO          415    x$fpl$f2d           fz_wm.l(f2d.o)
    0x00004bee   0x00004bee   0x0000008c   Code   RO          515    x$fpl$fnaninf       fz_wm.l(fnaninf.o)
    0x00004c7a   0x00004c7a   0x0000001a   Code   RO          690    x$fpl$fpinit        fz_wm.l(fpinit.o)
    0x00004c94   0x00004c94   0x0000000a   Code   RO          517    x$fpl$fretinf       fz_wm.l(fretinf.o)
    0x00004c9e   0x00004c9e   0x00000004   Code   RO          519    x$fpl$printf1       fz_wm.l(printf1.o)
    0x00004ca2   0x00004ca2   0x00000004   Code   RO          521    x$fpl$printf2       fz_wm.l(printf2.o)
    0x00004ca6   0x00004ca6   0x00000000   Code   RO          527    x$fpl$usenofp       fz_wm.l(usenofp.o)
    0x00004ca6   0x00004ca6   0x00000417   Data   RO          321    .constdata          DPGUI_KEIL_CM4_V11.lib(font_calibri10.o)
    0x000050bd   0x000050bd   0x00000003   PAD
    0x000050c0   0x000050c0   0x000000c8   Data   RO          322    .constdata          DPGUI_KEIL_CM4_V11.lib(font_calibri10.o)
    0x00005188   0x00005188   0x00000008   Data   RO          437    .constdata          c_w.l(_printf_wctomb.o)
    0x00005190   0x00005190   0x00000028   Data   RO          466    .constdata          c_w.l(_printf_hex_int_ll_ptr.o)
    0x000051b8   0x000051b8   0x00000011   Data   RO          486    .constdata          c_w.l(__printf_flags_ss_wp.o)
    0x000051c9   0x000051c9   0x00000026   Data   RO          552    .constdata          c_w.l(_printf_fp_hex.o)
    0x000051ef   0x000051ef   0x00000001   PAD
    0x000051f0   0x000051f0   0x00000094   Data   RO          579    .constdata          c_w.l(bigflt0.o)
    0x00005284   0x00005284   0x0000001c   Data   RO           70    .rodata..L__const.HT1621_Write_Digit.addr_1  ht1621.o
    0x000052a0   0x000052a0   0x0000001c   Data   RO           72    .rodata..L__const.HT1621_Write_Digit.addr_2  ht1621.o
    0x000052bc   0x000052bc   0x0000002c   Data   RO           73    .rodata..L__const.HT1621_Write_Digit.disp_num_2  ht1621.o
    0x000052e8   0x000052e8   0x0000006c   Data   RO          281    .rodata.XTAL_NO_PLL  system_tm4c123.o
    0x00005354   0x00005354   0x00000081   Data   RO           37    .rodata.str1.1      main.o
    0x000053d5   0x000053d5   0x0000000c   Data   RO          184    .rodata.str1.1      bsp.o
    0x000053e1   0x000053e1   0x00000003   PAD
    0x000053e4   0x000053e4   0x0000002c   Data   RO           71    .rodata.str4.4      ht1621.o
    0x00005410   0x00005410   0x00000020   Data   RO          765    Region$$Table       anon$$obj.o
    0x00005430   0x00005430   0x0000001c   Data   RO          605    locale$$data        c_w.l(lc_numeric_c.o)
    0x0000544c   0x0000544c   0x00000110   Data   RO          627    locale$$data        c_w.l(lc_ctype_c.o)


    Execution Region RW_IRAM1 (Exec base: 0x20000000, Load base: 0x00005560, Size: 0x00002c88, Max: 0x00008000, ABSOLUTE)

    Exec Addr    Load Addr    Size         Type   Attr      Idx    E Section Name        Object

    0x20000000   0x00005560   0x0000001c   Data   RW          357    .data               DPGUI_KEIL_CM4_V11.lib(gui.o)
    0x2000001c   0x0000557c   0x00000004   Data   RW          280    .data.SystemCoreClock  system_tm4c123.o
    0x20000020   0x00005580   0x00000004   Data   RW           55    .data.g_bLcdFree    main.o
    0x20000024   0x00005584   0x00000004   Data   RW           48    .data.g_nKeypad     main.o
    0x20000028   0x00005588   0x00000004   Data   RW           46    .data.g_nLCD        main.o
    0x2000002c   0x0000558c   0x00000004   Data   RW          109    .data.g_nScreenX    lcd_st7735r.o
    0x20000030   0x00005590   0x00000004   Data   RW          110    .data.g_nScreenY    lcd_st7735r.o
    0x20000034   0x00005594   0x00000004   PAD
    0x20000038        -       0x00000060   Zero   RW          621    .bss                c_w.l(libspace.o)
    0x20000098        -       0x00000004   Zero   RW           28    .bss.BUZZCOUNT      main.o
    0x2000009c        -       0x00000004   Zero   RW           30    .bss.BUZZER         main.o
    0x200000a0        -       0x00000054   Zero   RW          242    .bss.__stdout       retarget.o
    0x200000f4        -       0x00000040   Zero   RW          108    .bss.data           lcd_st7735r.o
    0x20000134        -       0x00000001   Zero   RW          114    .bss.g_Cmd          lcd_st7735r.o
    0x20000135        -       0x00000001   Zero   RW          112    .bss.g_Data         lcd_st7735r.o
    0x20000136   0x00005594   0x00000002   PAD
    0x20000138        -       0x00000028   Zero   RW           40    .bss.g_HT1621       main.o
    0x20000160        -       0x00000050   Zero   RW           53    .bss.g_MemDev       main.o
    0x200001b0        -       0x00000034   Zero   RW           34    .bss.g_SpimHandle   main.o
    0x200001e4        -       0x0000001c   Zero   RW           35    .bss.g_Timer0AHandle  main.o
    0x20000200        -       0x00000010   Zero   RW           36    .bss.g_UartHandle   main.o
    0x20000210        -       0x00002000   Zero   RW           54    .bss.g_aBuf         main.o
    0x20002210        -       0x00000030   Zero   RW          259    .bss.g_aTimerIrqHandle  timer.o
    0x20002240        -       0x00000004   Zero   RW           47    .bss.g_bLCDUpdate   main.o
    0x20002244        -       0x00000004   Zero   RW           45    .bss.g_bSecTick     main.o
    0x20002248        -       0x00000004   Zero   RW          113    .bss.g_bSpiDone     lcd_st7735r.o
    0x2000224c        -       0x00000004   Zero   RW           41    .bss.g_bSystemTick  main.o
    0x20002250        -       0x00000004   Zero   RW           43    .bss.g_bSystemTick1000  main.o
    0x20002254        -       0x00000004   Zero   RW           32    .bss.g_bTimer0AISRDone  main.o
    0x20002258        -       0x00000004   Zero   RW           42    .bss.g_nCount       main.o
    0x2000225c        -       0x00000004   Zero   RW           49    .bss.g_nKeypadScan  main.o
    0x20002260        -       0x00000004   Zero   RW           44    .bss.g_nTimeSec     main.o
    0x20002264        -       0x00000004   Zero   RW          111    .bss.g_pLcdCbDone   lcd_st7735r.o
    0x20002268        -       0x00000010   Zero   RW          311    .bss.g_pSpiIrqhandles  spim.o
    0x20002278        -       0x00000004   Zero   RW          107    .bss.g_pSpimHandle  lcd_st7735r.o
    0x2000227c        -       0x00000004   Zero   RW          221    .bss.g_pUartHandle  uart.o
    0x20002280        -       0x00000002   Zero   RW           38    .bss.hr             main.o
    0x20002282        -       0x00000002   Zero   RW           39    .bss.min            main.o
    0x20002284        -       0x00000002   Zero   RW           51    .bss.n              main.o
    0x20002286   0x00005594   0x00000002   PAD
    0x20002288        -       0x00000000   Zero   RW          267    HEAP                startup_tm4c123.o
    0x20002288        -       0x00000a00   Zero   RW          266    STACK               startup_tm4c123.o


==============================================================================

Image component sizes


      Code (inc. data)   RO Data    RW Data    ZI Data      Debug   Object Name

        54          0         12          0          0       1593   bsp.o
        54          0          0          0          0        647   common.o
      1054          0          0          0          0       5803   hal.o
       646          6        144          0          0       2561   ht1621.o
        84          0          0          0          0       3842   irq.o
      1316          0          0          8         78       4186   lcd_st7735r.o
      2054          0        129         12       8454      10403   main.o
        24          0          0          0         84        851   retarget.o
      1924         32          0          0         16       7947   spim.o
       276         24        620          0       2560       5460   startup_tm4c123.o
       628          0        108          4          0       6191   system_tm4c123.o
       740         12          0          0         48       5274   timer.o
       788         32          0          0          4       2687   uart.o

    ----------------------------------------------------------------------
      9700        106       1048         24      11252      57445   Object Totals
         0          0         32          0          0          0   (incl. Generated)
        58          0          3          0          8          0   (incl. Padding)

    ----------------------------------------------------------------------

      Code (inc. data)   RO Data    RW Data    ZI Data      Debug   Library Member Name

         0          0       1247          0          0          0   font_calibri10.o
       248         34          0         28          0        732   gui.o
         8          0          0          0          0         68   __main.o
       392          4         17          0          0         92   __printf_flags_ss_wp.o
        14          0          0          0          0         68   __printf_wp.o
         0          0          0          0          0          0   __rtentry.o
        12          0          0          0          0          0   __rtentry2.o
         6          0          0          0          0          0   __rtentry4.o
        94          8          0          0          0          0   __scatter.o
        26          0          0          0          0          0   __scatter_copy.o
        28          0          0          0          0          0   __scatter_zi.o
        72          0          0          0          0         96   _c16rtomb.o
         6          0          0          0          0          0   _printf_a.o
         6          0          0          0          0          0   _printf_c.o
        44          0          0          0          0        108   _printf_char.o
        48          6          0          0          0         96   _printf_char_common.o
        36          4          0          0          0         80   _printf_char_file.o
        40          0          0          0          0         68   _printf_charcount.o
         6          0          0          0          0          0   _printf_d.o
       120         16          0          0          0         92   _printf_dec.o
         6          0          0          0          0          0   _printf_e.o
         6          0          0          0          0          0   _printf_f.o
      1052          0          0          0          0        148   _printf_fp_dec.o
       764          8         38          0          0        100   _printf_fp_hex.o
       128         16          0          0          0         84   _printf_fp_infnan.o
         6          0          0          0          0          0   _printf_g.o
       148          4         40          0          0        160   _printf_hex_int_ll_ptr.o
         6          0          0          0          0          0   _printf_i.o
       178          0          0          0          0         88   _printf_intcommon.o
        10          0          0          0          0          0   _printf_l.o
         6          0          0          0          0          0   _printf_lc.o
        10          0          0          0          0          0   _printf_ll.o
         6          0          0          0          0          0   _printf_lld.o
         6          0          0          0          0          0   _printf_lli.o
         6          0          0          0          0          0   _printf_llo.o
         6          0          0          0          0          0   _printf_llu.o
         6          0          0          0          0          0   _printf_llx.o
       124         16          0          0          0         92   _printf_longlong_dec.o
         6          0          0          0          0          0   _printf_ls.o
         6          0          0          0          0          0   _printf_n.o
         6          0          0          0          0          0   _printf_o.o
       112          8          0          0          0        124   _printf_oct_int_ll.o
         6          0          0          0          0          0   _printf_p.o
        78          0          0          0          0        108   _printf_pad.o
         0          0          0          0          0          0   _printf_percent.o
         4          0          0          0          0          0   _printf_percent_end.o
         6          0          0          0          0          0   _printf_s.o
        82          0          0          0          0         80   _printf_str.o
        36          0          0          0          0         84   _printf_truncate.o
         6          0          0          0          0          0   _printf_u.o
        44          0          0          0          0        108   _printf_wchar.o
       188          6          8          0          0         92   _printf_wctomb.o
         6          0          0          0          0          0   _printf_x.o
       228          4        148          0          0         96   bigflt0.o
      1936        128          0          0          0        668   btod.o
        18          0          0          0          0         80   exit.o
         8          0          0          0          0         68   ferror.o
         6          0          0          0          0        152   heapauxi.o
         0          0          0          0          0          0   indicate_semi.o
        44         10        272          0          0         76   lc_ctype_c.o
        44         10         28          0          0         76   lc_numeric_c.o
         2          0          0          0          0          0   libinit.o
        34          0          0          0          0          0   libinit2.o
         2          0          0          0          0          0   libshutdown.o
         2          0          0          0          0          0   libshutdown2.o
         8          4          0          0         96         68   libspace.o
       138          0          0          0          0         80   lludiv10.o
        24          4          0          0          0         84   printf.o
        16          4          0          0          0         76   rt_ctype_table.o
         8          4          0          0          0         68   rt_locale_intlibspace.o
         2          0          0          0          0          0   rtexit.o
        10          0          0          0          0          0   rtexit2.o
       124          0          0          0          0         88   strcmpv7em.o
        12          4          0          0          0         68   sys_exit.o
        74          0          0          0          0         80   sys_stackheap_outer.o
         2          0          0          0          0         68   use_no_semi.o
        98          4          0          0          0        140   d2f.o
       812         16          0          0          0        392   daddsub_clz.o
       696        140          0          0          0        264   ddiv.o
        94          4          0          0          0        140   dfix.o
        84          0          0          0          0        232   dflt_clz.o
       156          4          0          0          0        140   dnaninf.o
        12          0          0          0          0        116   dretinf.o
        86          4          0          0          0        132   f2d.o
       140          4          0          0          0        132   fnaninf.o
        26          0          0          0          0        116   fpinit.o
        10          0          0          0          0        116   fretinf.o
         4          0          0          0          0        116   printf1.o
         4          0          0          0          0        116   printf2.o
         0          0          0          0          0          0   usenofp.o
        48          0          0          0          0        124   fpclassify.o

    ----------------------------------------------------------------------
      9302        482       1802         28         96       6940   Library Totals
        24          4          4          0          0          0   (incl. Padding)

    ----------------------------------------------------------------------

      Code (inc. data)   RO Data    RW Data    ZI Data      Debug   Library Name

       248         34       1247         28          0        732   DPGUI_KEIL_CM4_V11.lib
      6760        268        551          0         96       3932   c_w.l
      2222        176          0          0          0       2152   fz_wm.l
        48          0          0          0          0        124   m_wm.l

    ----------------------------------------------------------------------
      9302        482       1802         28         96       6940   Library Totals

    ----------------------------------------------------------------------

==============================================================================


      Code (inc. data)   RO Data    RW Data    ZI Data      Debug   

     19002        588       2850         52      11348      60453   Grand Totals
     19002        588       2850         52      11348      60453   ELF Image Totals
     19002        588       2850         52          0          0   ROM Totals

==============================================================================

    Total RO  Size (Code + RO Data)                21852 (  21.34kB)
    Total RW  Size (RW Data + ZI Data)             11400 (  11.13kB)
    Total ROM Size (Code + RO Data + RW Data)      21904 (  21.39kB)

==============================================================================

