Component: Arm Compiler for Embedded 6.22 Tool: armlink [5ee90200]

==============================================================================

Section Cross References

    main.o(.text.main) refers to hal.o(.text.Port_Init) for Port_Init
    main.o(.text.main) refers to system_tm4c123.o(.text.SystemCoreClockUpdate) for SystemCoreClockUpdate
    main.o(.text.main) refers to system_tm4c123.o(.data.SystemCoreClock) for SystemCoreClock
    main.o(.text.main) refers to main.o(.text.SysTick_Config) for SysTick_Config
    main.o(.text.main) refers to main.o(.text.__NVIC_SetPriority) for __NVIC_SetPriority
    main.o(.text.main) refers to main.o(.bss.g_SpimHandle) for g_SpimHandle
    main.o(.text.main) refers to spim.o(.text.SpimInit) for SpimInit
    main.o(.text.main) refers to main.o(.text.main_LcdInit) for main_LcdInit
    main.o(.text.main) refers to irq.o(.text.IRQ_Init) for IRQ_Init
    main.o(.text.main) refers to main.o(.text.main_HT1621Init) for main_HT1621Init
    main.o(.text.main) refers to main.o(.bss.g_bLCDUpdate) for g_bLCDUpdate
    main.o(.text.main) refers to main.o(.data.g_bLcdFree) for g_bLcdFree
    main.o(.text.main) refers to gui.o(i.GUI_Draw_Exe) for GUI_Draw_Exe
    main.o(.text.main) refers to main.o(.bss.g_nKeypadScan) for g_nKeypadScan
    main.o(.text.main) refers to main.o(.text.main_KeyScan) for main_KeyScan
    main.o(.ARM.exidx.text.main) refers to main.o(.text.main) for [Anonymous Symbol]
    main.o(.text.SysTick_Config) refers to main.o(.text.__NVIC_SetPriority) for __NVIC_SetPriority
    main.o(.ARM.exidx.text.SysTick_Config) refers to main.o(.text.SysTick_Config) for [Anonymous Symbol]
    main.o(.ARM.exidx.text.__NVIC_SetPriority) refers to main.o(.text.__NVIC_SetPriority) for [Anonymous Symbol]
    main.o(.text.main_LcdInit) refers to main.o(.bss.g_SpimHandle) for g_SpimHandle
    main.o(.text.main_LcdInit) refers to lcd_st7735r.o(.text.LcdInit) for LcdInit
    main.o(.text.main_LcdInit) refers to lcd_st7735r.o(.text.LCD_GetSize) for LCD_GetSize
    main.o(.text.main_LcdInit) refers to main.o(.bss.g_MemDev) for g_MemDev
    main.o(.text.main_LcdInit) refers to main.o(.bss.g_aBuf) for g_aBuf
    main.o(.text.main_LcdInit) refers to gui.o(i.GUI_Init) for GUI_Init
    main.o(.text.main_LcdInit) refers to spim.o(.text.SpimSetDataSize) for SpimSetDataSize
    main.o(.text.main_LcdInit) refers to gui.o(i.GUI_16BitPerPixel) for GUI_16BitPerPixel
    main.o(.text.main_LcdInit) refers to gui.o(i.GUI_Clear) for GUI_Clear
    main.o(.text.main_LcdInit) refers to gui.o(i.GUI_SetFontBackColor) for GUI_SetFontBackColor
    main.o(.text.main_LcdInit) refers to font_calibri10.o(.constdata) for g_sFontCalibri10
    main.o(.text.main_LcdInit) refers to gui.o(i.GUI_SetFont) for GUI_SetFont
    main.o(.text.main_LcdInit) refers to main.o(.text.main_cbLcdTransferDone) for main_cbLcdTransferDone
    main.o(.text.main_LcdInit) refers to lcd_st7735r.o(.text.LCD_AddCallback) for LCD_AddCallback
    main.o(.text.main_LcdInit) refers to main.o(.text.main_cbGuiFrameEnd) for main_cbGuiFrameEnd
    main.o(.text.main_LcdInit) refers to gui.o(i.GUI_AddCbFrameEnd) for GUI_AddCbFrameEnd
    main.o(.ARM.exidx.text.main_LcdInit) refers to main.o(.text.main_LcdInit) for [Anonymous Symbol]
    main.o(.text.main_HT1621Init) refers to main.o(.bss.g_HT1621) for g_HT1621
    main.o(.text.main_HT1621Init) refers to ht1621.o(.text.HT1621_Command) for HT1621_Command
    main.o(.text.main_HT1621Init) refers to ht1621.o(.text.HT1621_Write_Digit) for HT1621_Write_Digit
    main.o(.ARM.exidx.text.main_HT1621Init) refers to main.o(.text.main_HT1621Init) for [Anonymous Symbol]
    main.o(.text.main_KeyScan) refers to main.o(.bss.BUZZER) for BUZZER
    main.o(.text.main_KeyScan) refers to main.o(.bss.SECLICK) for SECLICK
    main.o(.text.main_KeyScan) refers to main.o(.bss.BUZZCOUNT) for BUZZCOUNT
    main.o(.text.main_KeyScan) refers to main.o(.data.KEY_DECODE_TABLE) for KEY_DECODE_TABLE
    main.o(.text.main_KeyScan) refers to main.o(.data.g_cKey) for g_cKey
    main.o(.ARM.exidx.text.main_KeyScan) refers to main.o(.text.main_KeyScan) for [Anonymous Symbol]
    main.o(.text.SysTick_Handler) refers to main.o(.bss.g_bSystemTick) for g_bSystemTick
    main.o(.text.SysTick_Handler) refers to main.o(.bss.g_nCount) for g_nCount
    main.o(.text.SysTick_Handler) refers to main.o(.bss.BUZZER) for BUZZER
    main.o(.text.SysTick_Handler) refers to main.o(.bss.BUZZCOUNT) for BUZZCOUNT
    main.o(.text.SysTick_Handler) refers to main.o(.bss.g_bSecTick) for g_bSecTick
    main.o(.text.SysTick_Handler) refers to main.o(.bss.g_nTimeSec) for g_nTimeSec
    main.o(.text.SysTick_Handler) refers to main.o(.data.g_nLCD) for g_nLCD
    main.o(.text.SysTick_Handler) refers to main.o(.bss.g_bLCDUpdate) for g_bLCDUpdate
    main.o(.text.SysTick_Handler) refers to main.o(.data.g_nKeypad) for g_nKeypad
[...]
    [Anonymous Symbol]                       0x00002eb4   Section        0  bsp.o(.text.__NVIC_SystemReset)
    lcd_Delayms                              0x00002edd   Thumb Code    54  lcd_st7735r.o(.text.lcd_Delayms)
    [Anonymous Symbol]                       0x00002edc   Section        0  lcd_st7735r.o(.text.lcd_Delayms)
    lcd_WriteCmd                             0x00002f15   Thumb Code   114  lcd_st7735r.o(.text.lcd_WriteCmd)
    [Anonymous Symbol]                       0x00002f14   Section        0  lcd_st7735r.o(.text.lcd_WriteCmd)
    lcd_WriteData                            0x00002f89   Thumb Code   114  lcd_st7735r.o(.text.lcd_WriteData)
    [Anonymous Symbol]                       0x00002f88   Section        0  lcd_st7735r.o(.text.lcd_WriteData)
    lcd_WriteMultipleByte                    0x00002ffd   Thumb Code   102  lcd_st7735r.o(.text.lcd_WriteMultipleByte)
    [Anonymous Symbol]                       0x00002ffc   Section        0  lcd_st7735r.o(.text.lcd_WriteMultipleByte)
    lcd_cbSpiDone                            0x00003065   Thumb Code    62  lcd_st7735r.o(.text.lcd_cbSpiDone)
    [Anonymous Symbol]                       0x00003064   Section        0  lcd_st7735r.o(.text.lcd_cbSpiDone)
    [Anonymous Symbol]                       0x000030a4   Section        0  main.o(.text.main)
    main_HT1621Init                          0x00003169   Thumb Code   100  main.o(.text.main_HT1621Init)
    [Anonymous Symbol]                       0x00003168   Section        0  main.o(.text.main_HT1621Init)
    main_KeyScan                             0x000031cd   Thumb Code   306  main.o(.text.main_KeyScan)
    [Anonymous Symbol]                       0x000031cc   Section        0  main.o(.text.main_KeyScan)
    main_LcdInit                             0x00003301   Thumb Code   144  main.o(.text.main_LcdInit)
    [Anonymous Symbol]                       0x00003300   Section        0  main.o(.text.main_LcdInit)
    main_cbGuiFrameEnd                       0x00003391   Thumb Code    14  main.o(.text.main_cbGuiFrameEnd)
    [Anonymous Symbol]                       0x00003390   Section        0  main.o(.text.main_cbGuiFrameEnd)
    main_cbLcdTransferDone                   0x000033a1   Thumb Code    14  main.o(.text.main_cbLcdTransferDone)
    [Anonymous Symbol]                       0x000033a0   Section        0  main.o(.text.main_cbLcdTransferDone)
    CL$$btod_d2e                             0x000033ae   Section       62  btod.o(CL$$btod_d2e)
    CL$$btod_d2e_denorm_low                  0x000033ec   Section       70  btod.o(CL$$btod_d2e_denorm_low)
    CL$$btod_d2e_norm_op1                    0x00003432   Section       96  btod.o(CL$$btod_d2e_norm_op1)
    CL$$btod_div_common                      0x00003494   Section      824  btod.o(CL$$btod_div_common)
    CL$$btod_e2e                             0x000037cc   Section      220  btod.o(CL$$btod_e2e)
    CL$$btod_ediv                            0x000038a8   Section       42  btod.o(CL$$btod_ediv)
    CL$$btod_emul                            0x000038d2   Section       42  btod.o(CL$$btod_emul)
    CL$$btod_mult_common                     0x000038fc   Section      580  btod.o(CL$$btod_mult_common)
    i.GUI_16BitPerPixel                      0x00003b40   Section        0  gui.o(i.GUI_16BitPerPixel)
    i.GUI_AddCbFrameEnd                      0x00003b4c   Section        0  gui.o(i.GUI_AddCbFrameEnd)
    i.GUI_Clear                              0x00003b58   Section        0  gui.o(i.GUI_Clear)
    i.GUI_DrawFilledRect                     0x00003bbc   Section        0  gui.o(i.GUI_DrawFilledRect)
    i.GUI_DrawHortLine                       0x00003c14   Section        0  gui.o(i.GUI_DrawHortLine)
    i.GUI_Draw_Exe                           0x00003c74   Section        0  gui.o(i.GUI_Draw_Exe)
    i.GUI_Init                               0x00003d24   Section        0  gui.o(i.GUI_Init)
    i.GUI_PrintChar                          0x00003d70   Section        0  gui.o(i.GUI_PrintChar)
    i.GUI_PrintString                        0x00004018   Section        0  gui.o(i.GUI_PrintString)
    i.GUI_SetColor                           0x0000409c   Section        0  gui.o(i.GUI_SetColor)
    i.GUI_SetFont                            0x000040c0   Section        0  gui.o(i.GUI_SetFont)
    i.GUI_SetFontBackColor                   0x000040cc   Section        0  gui.o(i.GUI_SetFontBackColor)
    GUI_WriteMem                             0x000040f1   Thumb Code   114  gui.o(i.GUI_WriteMem)
    i.GUI_WriteMem                           0x000040f0   Section        0  gui.o(i.GUI_WriteMem)
    i.__ARM_fpclassify                       0x00004168   Section        0  fpclassify.o(i.__ARM_fpclassify)
    i._is_digit                              0x00004198   Section        0  __printf_wp.o(i._is_digit)
    locale$$code                             0x000041a8   Section       44  lc_numeric_c.o(locale$$code)
    locale$$code                             0x000041d4   Section       44  lc_ctype_c.o(locale$$code)
    $v0                                      0x00004200   Number         0  fpinit.o(x$fpl$fpinit)
    x$fpl$fpinit                             0x00004200   Section       26  fpinit.o(x$fpl$fpinit)
    $v0                                      0x0000421a   Number         0  printf1.o(x$fpl$printf1)
    x$fpl$printf1                            0x0000421a   Section        4  printf1.o(x$fpl$printf1)
    $v0                                      0x0000421e   Number         0  printf2.o(x$fpl$printf2)
    x$fpl$printf2                            0x0000421e   Section        4  printf2.o(x$fpl$printf2)
    g_pucCalibri10Data                       0x00004222   Data        1047  font_calibri10.o(.constdata)
    .constdata                               0x00004222   Section     1047  font_calibri10.o(.constdata)
    x$fpl$usenofp                            0x00004222   Section        0  usenofp.o(x$fpl$usenofp)
    .constdata                               0x0000463c   Section      200  font_calibri10.o(.constdata)
    g_pucCalibri24Data                       0x00004704   Data        2441  font_calibri24.o(.constdata)
    .constdata                               0x00004704   Section     2441  font_calibri24.o(.constdata)
    .constdata                               0x00005090   Section      200  font_calibri24.o(.constdata)
    initial_mbstate                          0x00005158   Data           8  _printf_wctomb.o(.constdata)
    .constdata                               0x00005158   Section        8  _printf_wctomb.o(.constdata)
    uc_hextab                                0x00005160   Data          20  _printf_hex_int_ll_ptr.o(.constdata)
    .constdata                               0x00005160   Section       40  _printf_hex_int_ll_ptr.o(.constdata)
    lc_hextab                                0x00005174   Data          20  _printf_hex_int_ll_ptr.o(.constdata)
    maptable                                 0x00005188   Data          17  __printf_flags_ss_wp.o(.constdata)
    .constdata                               0x00005188   Section       17  __printf_flags_ss_wp.o(.constdata)
    lc_hextab                                0x00005199   Data          19  _printf_fp_hex.o(.constdata)
    .constdata                               0x00005199   Section       38  _printf_fp_hex.o(.constdata)
    uc_hextab                                0x000051ac   Data          19  _printf_fp_hex.o(.constdata)
    tenpwrs_x                                0x000051c0   Data          60  bigflt0.o(.constdata)
    .constdata                               0x000051c0   Section      148  bigflt0.o(.constdata)
    tenpwrs_i                                0x000051fc   Data          64  bigflt0.o(.constdata)
    .L__const.HT1621_Write_Digit.addr_1      0x00005254   Data          28  ht1621.o(.rodata..L__const.HT1621_Write_Digit.addr_1)
    .L__const.HT1621_Write_Digit.addr_2      0x00005270   Data          28  ht1621.o(.rodata..L__const.HT1621_Write_Digit.addr_2)
    .L__const.HT1621_Write_Digit.disp_num_2  0x0000528c   Data          44  ht1621.o(.rodata..L__const.HT1621_Write_Digit.disp_num_2)
    XTAL_NO_PLL                              0x00005380   Data         108  system_tm4c123.o(.rodata.XTAL_NO_PLL)
    [Anonymous Symbol]                       0x00005380   Section        0  system_tm4c123.o(.rodata.XTAL_NO_PLL)
    g_puc01digit20Data                       0x0000570c   Data        2240  font01digit20.o(.rodata.g_puc01digit20Data)
    [Anonymous Symbol]                       0x0000570c   Section        0  font01digit20.o(.rodata.g_puc01digit20Data)
    g_pucArialbold16Data                     0x00005fcc   Data        1921  fontarialbold16.o(.rodata.g_pucArialbold16Data)
    [Anonymous Symbol]                       0x00005fcc   Section        0  fontarialbold16.o(.rodata.g_pucArialbold16Data)
    g_pucBookos16Data                        0x0000674d   Data        1983  fontbookos16.o(.rodata.g_pucBookos16Data)
    [Anonymous Symbol]                       0x0000674d   Section        0  fontbookos16.o(.rodata.g_pucBookos16Data)
    g_pucBookosb16Data                       0x00006f0c   Data        1898  fontbookosb16.o(.rodata.g_pucBookosb16Data)
    [Anonymous Symbol]                       0x00006f0c   Section        0  fontbookosb16.o(.rodata.g_pucBookosb16Data)
    g_pucBradhitc16Data                      0x00007676   Data        1815  fontbradhitc16.o(.rodata.g_pucBradhitc16Data)
    [Anonymous Symbol]                       0x00007676   Section        0  fontbradhitc16.o(.rodata.g_pucBradhitc16Data)
    .L.str                                   0x00007d8d   Data           8  main.o(.rodata.str1.1)
    [Anonymous Symbol]                       0x00007d8d   Section        0  main.o(.rodata.str1.1)
    .L.str.1                                 0x00007d95   Data           5  main.o(.rodata.str1.1)
    .L.str.4                                 0x00007d9a   Data           3  main.o(.rodata.str1.1)
    .L.str.3                                 0x00007d9d   Data          12  main.o(.rodata.str1.1)
    .L.str.2                                 0x00007da9   Data          13  main.o(.rodata.str1.1)
    .L.str.5                                 0x00007db6   Data          17  main.o(.rodata.str1.1)
    .L.str                                   0x00007dc7   Data          12  bsp.o(.rodata.str1.1)
    [Anonymous Symbol]                       0x00007dc7   Section        0  bsp.o(.rodata.str1.1)
    .L__const.HT1621_Write_Digit.disp_num_1  0x00007dd4   Data          44  ht1621.o(.rodata.str4.4)
    [Anonymous Symbol]                       0x00007dd4   Section        0  ht1621.o(.rodata.str4.4)
    .L__const.HT1621_Write_Dot.disp_num_1    0x00007e00   Data          44  ht1621.o(.rodata.str4.4)
    locale$$data                             0x00007e20   Section       28  lc_numeric_c.o(locale$$data)
    __lcnum_c_name                           0x00007e24   Data           2  lc_numeric_c.o(locale$$data)
    __lcnum_c_start                          0x00007e2c   Data           0  lc_numeric_c.o(locale$$data)
    __lcnum_c_point                          0x00007e38   Data           0  lc_numeric_c.o(locale$$data)
    __lcnum_c_thousands                      0x00007e3a   Data           0  lc_numeric_c.o(locale$$data)
    __lcnum_c_grouping                       0x00007e3b   Data           0  lc_numeric_c.o(locale$$data)
    __lcnum_c_end                            0x00007e3c   Data           0  lc_numeric_c.o(locale$$data)
    locale$$data                             0x00007e3c   Section      272  lc_ctype_c.o(locale$$data)
    __lcctype_c_name                         0x00007e40   Data           2  lc_ctype_c.o(locale$$data)
    __lcctype_c_start                        0x00007e48   Data           0  lc_ctype_c.o(locale$$data)
    __lcctype_c_end                          0x00007f4c   Data           0  lc_ctype_c.o(locale$$data)
    g_pFont                                  0x20000000   Data           4  gui.o(.data)
    .data                                    0x20000000   Section       28  gui.o(.data)
    g_Color                                  0x20000004   Data           4  gui.o(.data)
    g_hMemPtr                                0x20000008   Data           4  gui.o(.data)
    g_b16BitPerPixel                         0x2000000c   Data           4  gui.o(.data)
    g_pFramEnd                               0x20000010   Data           4  gui.o(.data)
    g_nWidth                                 0x20000014   Data           4  gui.o(.data)
    g_FontBackColor                          0x20000018   Data           4  gui.o(.data)
    KEY_DECODE_TABLE                         0x2000001c   Data          12  main.o(.data.KEY_DECODE_TABLE)
    [Anonymous Symbol]                       0x2000001c   Section        0  main.o(.data.KEY_DECODE_TABLE)
    g_bLcdFree                               0x2000002c   Data           4  main.o(.data.g_bLcdFree)
    [Anonymous Symbol]                       0x2000002c   Section        0  main.o(.data.g_bLcdFree)
    g_cKey                                   0x20000030   Data           1  main.o(.data.g_cKey)
    [Anonymous Symbol]                       0x20000030   Section        0  main.o(.data.g_cKey)
    g_nKeypad                                0x20000034   Data           4  main.o(.data.g_nKeypad)
    [Anonymous Symbol]                       0x20000034   Section        0  main.o(.data.g_nKeypad)
    g_nLCD                                   0x20000038   Data           4  main.o(.data.g_nLCD)
    [Anonymous Symbol]                       0x20000038   Section        0  main.o(.data.g_nLCD)
    g_nScreenX                               0x2000003c   Data           4  lcd_st7735r.o(.data.g_nScreenX)
    [Anonymous Symbol]                       0x2000003c   Section        0  lcd_st7735r.o(.data.g_nScreenX)
    g_nScreenY                               0x20000040   Data           4  lcd_st7735r.o(.data.g_nScreenY)
    [Anonymous Symbol]                       0x20000040   Section        0  lcd_st7735r.o(.data.g_nScreenY)
    .bss                                     0x20000048   Section       96  libspace.o(.bss)
    data                                     0x200000b4   Data          64  lcd_st7735r.o(.bss.data)
    [Anonymous Symbol]                       0x200000b4   Section        0  lcd_st7735r.o(.bss.data)
    g_Cmd                                    0x200000f4   Data           1  lcd_st7735r.o(.bss.g_Cmd)
    [Anonymous Symbol]                       0x200000f4   Section        0  lcd_st7735r.o(.bss.g_Cmd)
    g_Data                                   0x200000f5   Data           1  lcd_st7735r.o(.bss.g_Data)
    [Anonymous Symbol]                       0x200000f5   Section        0  lcd_st7735r.o(.bss.g_Data)
    g_HT1621                                 0x200000f8   Data          40  main.o(.bss.g_HT1621)
    [Anonymous Symbol]                       0x200000f8   Section        0  main.o(.bss.g_HT1621)
    g_MemDev                                 0x20000120   Data          80  main.o(.bss.g_MemDev)
    [Anonymous Symbol]                       0x20000120   Section        0  main.o(.bss.g_MemDev)
    g_SpimHandle                             0x20000170   Data          52  main.o(.bss.g_SpimHandle)
    [Anonymous Symbol]                       0x20000170   Section        0  main.o(.bss.g_SpimHandle)
    g_aBuf                                   0x200001a4   Data        8192  main.o(.bss.g_aBuf)
    [Anonymous Symbol]                       0x200001a4   Section        0  main.o(.bss.g_aBuf)
    g_bLCDUpdate                             0x200021a4   Data           4  main.o(.bss.g_bLCDUpdate)
    [Anonymous Symbol]                       0x200021a4   Section        0  main.o(.bss.g_bLCDUpdate)
    g_bSecTick                               0x200021a8   Data           4  main.o(.bss.g_bSecTick)
    [Anonymous Symbol]                       0x200021a8   Section        0  main.o(.bss.g_bSecTick)
    g_bSpiDone                               0x200021ac   Data           4  lcd_st7735r.o(.bss.g_bSpiDone)
    [Anonymous Symbol]                       0x200021ac   Section        0  lcd_st7735r.o(.bss.g_bSpiDone)
    g_bSystemTick                            0x200021b0   Data           4  main.o(.bss.g_bSystemTick)
    [Anonymous Symbol]                       0x200021b0   Section        0  main.o(.bss.g_bSystemTick)
    g_nCount                                 0x200021b4   Data           4  main.o(.bss.g_nCount)
    [Anonymous Symbol]                       0x200021b4   Section        0  main.o(.bss.g_nCount)
    g_nKeypadScan                            0x200021b8   Data           4  main.o(.bss.g_nKeypadScan)
    [Anonymous Symbol]                       0x200021b8   Section        0  main.o(.bss.g_nKeypadScan)
    g_nTimeSec                               0x200021bc   Data           4  main.o(.bss.g_nTimeSec)
    [Anonymous Symbol]                       0x200021bc   Section        0  main.o(.bss.g_nTimeSec)
    g_pLcdCbDone                             0x200021c0   Data           4  lcd_st7735r.o(.bss.g_pLcdCbDone)
    [Anonymous Symbol]                       0x200021c0   Section        0  lcd_st7735r.o(.bss.g_pLcdCbDone)
    g_pSpiIrqhandles                         0x200021c4   Data          16  spim.o(.bss.g_pSpiIrqhandles)
    [Anonymous Symbol]                       0x200021c4   Section        0  spim.o(.bss.g_pSpiIrqhandles)
    g_pSpimHandle                            0x200021d4   Data           4  lcd_st7735r.o(.bss.g_pSpimHandle)
    [Anonymous Symbol]                       0x200021d4   Section        0  lcd_st7735r.o(.bss.g_pSpimHandle)
    Heap_Mem                                 0x200021d8   Data           0  startup_tm4c123.o(HEAP)
    Stack_Mem                                0x200021d8   Data        2560  startup_tm4c123.o(STACK)
    HEAP                                     0x200021d8   Section        0  startup_tm4c123.o(HEAP)
    STACK                                    0x200021d8   Section     2560  startup_tm4c123.o(STACK)
    __initial_sp                             0x20002bd8   Data           0  startup_tm4c123.o(STACK)

    Global Symbols

    Symbol Name                              Value     Ov Type        Size  Object(Section)

    BuildAttributes$$THM_ISAv4$E$P$D$K$B$S$7EM$VFPi3$EXTD16$VFPS$VFMA$PE$A:L22UL41UL21$X:L11$S22US41US21$IEEE1$IW$~IW$USESV6$~STKCKD$USESV7$~SHL$OTIME$ROPI$IEEEJ$EBA8$UX$STANDARDLIB$REQ8$PRES8$EABIv2 0x00000000   Number         0  anon$$obj.o ABSOLUTE
    __Vectors                                0x00000000   Data           4  startup_tm4c123.o(RESET)
    _printf_flags                            0x00000000   Number         0  printf_stubs.o ABSOLUTE
    _printf_return_value                     0x00000000   Number         0  printf_stubs.o ABSOLUTE
    _printf_sizespec                         0x00000000   Number         0  printf_stubs.o ABSOLUTE
    _printf_widthprec                        0x00000000   Number         0  printf_stubs.o ABSOLUTE
    __ARM_exceptions_init                     - Undefined Weak Reference
    __alloca_initialize                       - Undefined Weak Reference
    __arm_preinit_                            - Undefined Weak Reference
    __arm_relocate_pie_                       - Undefined Weak Reference
    __cpp_initialize__aeabi_                  - Undefined Weak Reference
    __cxa_finalize                            - Undefined Weak Reference
    __sigvec_lookup                           - Undefined Weak Reference
    _atexit_init                              - Undefined Weak Reference
    _call_atexit_fns                          - Undefined Weak Reference
    _clock_init                               - Undefined Weak Reference
    _fp_trap_init                             - Undefined Weak Reference
    _fp_trap_shutdown                         - Undefined Weak Reference
    _get_lc_collate                           - Undefined Weak Reference
    _get_lc_monetary                          - Undefined Weak Reference
    _get_lc_time                              - Undefined Weak Reference
    _getenv_init                              - Undefined Weak Reference
    _handle_redirection                       - Undefined Weak Reference
    _init_alloc                               - Undefined Weak Reference
    _init_user_alloc                          - Undefined Weak Reference
    _initio                                   - Undefined Weak Reference
    _printf_mbtowc                            - Undefined Weak Reference
    _printf_wc                                - Undefined Weak Reference
    _rand_init                                - Undefined Weak Reference
    _signal_finish                            - Undefined Weak Reference
    _signal_init                              - Undefined Weak Reference
    _terminate_alloc                          - Undefined Weak Reference
    _terminate_user_alloc                     - Undefined Weak Reference
    _terminateio                              - Undefined Weak Reference
    __Vectors_End                            0x0000026c   Data           0  startup_tm4c123.o(RESET)
    __Vectors_Size                           0x0000026c   Number         0  startup_tm4c123.o ABSOLUTE
    __main                                   0x0000026d   Thumb Code     8  __main.o(!!!main)
    __scatterload                            0x00000275   Thumb Code     0  __scatter.o(!!!scatter)
    __scatterload_rt2                        0x00000275   Thumb Code    84  __scatter.o(!!!scatter)
    __scatterload_rt2_thumb_only             0x00000275   Thumb Code     0  __scatter.o(!!!scatter)
    __scatterload_loop                       0x0000027f   Thumb Code     0  __scatter.o(!!!scatter)
    __scatterload_copy                       0x000002d1   Thumb Code    26  __scatter_copy.o(!!handler_copy)
    __scatterload_null                       0x000002ed   Thumb Code     2  __scatter.o(!!handler_null)
    __scatterload_zeroinit                   0x000002f1   Thumb Code    28  __scatter_zi.o(!!handler_zi)
    _printf_n                                0x0000030d   Thumb Code     0  _printf_n.o(.ARM.Collect$$_printf_percent$$00000001)
    _printf_percent                          0x0000030d   Thumb Code     0  _printf_percent.o(.ARM.Collect$$_printf_percent$$00000000)
    _printf_p                                0x00000313   Thumb Code     0  _printf_p.o(.ARM.Collect$$_printf_percent$$00000002)
    _printf_f                                0x00000319   Thumb Code     0  _printf_f.o(.ARM.Collect$$_printf_percent$$00000003)
    _printf_e                                0x0000031f   Thumb Code     0  _printf_e.o(.ARM.Collect$$_printf_percent$$00000004)
    _printf_g                                0x00000325   Thumb Code     0  _printf_g.o(.ARM.Collect$$_printf_percent$$00000005)
    _printf_a                                0x0000032b   Thumb Code     0  _printf_a.o(.ARM.Collect$$_printf_percent$$00000006)
    _printf_ll                               0x00000331   Thumb Code     0  _printf_ll.o(.ARM.Collect$$_printf_percent$$00000007)
    _printf_i                                0x0000033b   Thumb Code     0  _printf_i.o(.ARM.Collect$$_printf_percent$$00000008)
    _printf_d                                0x00000341   Thumb Code     0  _printf_d.o(.ARM.Collect$$_printf_percent$$00000009)
    _printf_u                                0x00000347   Thumb Code     0  _printf_u.o(.ARM.Collect$$_printf_percent$$0000000A)
    _printf_o                                0x0000034d   Thumb Code     0  _printf_o.o(.ARM.Collect$$_printf_percent$$0000000B)
    _printf_x                                0x00000353   Thumb Code     0  _printf_x.o(.ARM.Collect$$_printf_percent$$0000000C)
    _printf_lli                              0x00000359   Thumb Code     0  _printf_lli.o(.ARM.Collect$$_printf_percent$$0000000D)
    _printf_lld                              0x0000035f   Thumb Code     0  _printf_lld.o(.ARM.Collect$$_printf_percent$$0000000E)
    _printf_llu                              0x00000365   Thumb Code     0  _printf_llu.o(.ARM.Collect$$_printf_percent$$0000000F)
    _printf_llo                              0x0000036b   Thumb Code     0  _printf_llo.o(.ARM.Collect$$_printf_percent$$00000010)
    _printf_llx                              0x00000371   Thumb Code     0  _printf_llx.o(.ARM.Collect$$_printf_percent$$00000011)
    _printf_l                                0x00000377   Thumb Code     0  _printf_l.o(.ARM.Collect$$_printf_percent$$00000012)
    _printf_c                                0x00000381   Thumb Code     0  _printf_c.o(.ARM.Collect$$_printf_percent$$00000013)
    _printf_s                                0x00000387   Thumb Code     0  _printf_s.o(.ARM.Collect$$_printf_percent$$00000014)
    _printf_lc                               0x0000038d   Thumb Code     0  _printf_lc.o(.ARM.Collect$$_printf_percent$$00000015)
    _printf_ls                               0x00000393   Thumb Code     0  _printf_ls.o(.ARM.Collect$$_printf_percent$$00000016)
    _printf_percent_end                      0x00000399   Thumb Code     0  _printf_percent_end.o(.ARM.Collect$$_printf_percent$$00000017)
    __rt_lib_init                            0x0000039d   Thumb Code     0  libinit.o(.ARM.Collect$$libinit$$00000000)
    __rt_lib_init_fp_1                       0x0000039f   Thumb Code     0  libinit2.o(.ARM.Collect$$libinit$$00000001)
    __rt_lib_init_heap_1                     0x000003a3   Thumb Code     0  libinit2.o(.ARM.Collect$$libinit$$0000000C)
    __rt_lib_init_lc_common                  0x000003a3   Thumb Code     0  libinit2.o(.ARM.Collect$$libinit$$00000011)
    __rt_lib_init_preinit_1                  0x000003a3   Thumb Code     0  libinit2.o(.ARM.Collect$$libinit$$00000006)
    __rt_lib_init_rand_1                     0x000003a3   Thumb Code     0  libinit2.o(.ARM.Collect$$libinit$$00000010)
    __rt_lib_init_relocate_pie_1             0x000003a3   Thumb Code     0  libinit2.o(.ARM.Collect$$libinit$$00000004)
    __rt_lib_init_user_alloc_1               0x000003a3   Thumb Code     0  libinit2.o(.ARM.Collect$$libinit$$0000000E)
    __rt_lib_init_lc_collate_1               0x000003a9   Thumb Code     0  libinit2.o(.ARM.Collect$$libinit$$00000013)
    __rt_lib_init_lc_ctype_2                 0x000003a9   Thumb Code     0  libinit2.o(.ARM.Collect$$libinit$$00000014)
    __rt_lib_init_lc_ctype_1                 0x000003b5   Thumb Code     0  libinit2.o(.ARM.Collect$$libinit$$00000015)
    __rt_lib_init_lc_monetary_1              0x000003b5   Thumb Code     0  libinit2.o(.ARM.Collect$$libinit$$00000017)
    __rt_lib_init_lc_numeric_2               0x000003b5   Thumb Code     0  libinit2.o(.ARM.Collect$$libinit$$00000018)
    __rt_lib_init_alloca_1                   0x000003bf   Thumb Code     0  libinit2.o(.ARM.Collect$$libinit$$00000030)
    __rt_lib_init_argv_1                     0x000003bf   Thumb Code     0  libinit2.o(.ARM.Collect$$libinit$$0000002E)
    __rt_lib_init_atexit_1                   0x000003bf   Thumb Code     0  libinit2.o(.ARM.Collect$$libinit$$0000001D)
    __rt_lib_init_clock_1                    0x000003bf   Thumb Code     0  libinit2.o(.ARM.Collect$$libinit$$00000023)
    __rt_lib_init_cpp_1                      0x000003bf   Thumb Code     0  libinit2.o(.ARM.Collect$$libinit$$00000034)
    __rt_lib_init_exceptions_1               0x000003bf   Thumb Code     0  libinit2.o(.ARM.Collect$$libinit$$00000032)
    __rt_lib_init_fp_trap_1                  0x000003bf   Thumb Code     0  libinit2.o(.ARM.Collect$$libinit$$00000021)
    __rt_lib_init_getenv_1                   0x000003bf   Thumb Code     0  libinit2.o(.ARM.Collect$$libinit$$00000025)
    __rt_lib_init_lc_numeric_1               0x000003bf   Thumb Code     0  libinit2.o(.ARM.Collect$$libinit$$00000019)
    __rt_lib_init_lc_time_1                  0x000003bf   Thumb Code     0  libinit2.o(.ARM.Collect$$libinit$$0000001B)
    __rt_lib_init_return                     0x000003bf   Thumb Code     0  libinit2.o(.ARM.Collect$$libinit$$00000035)
    __rt_lib_init_signal_1                   0x000003bf   Thumb Code     0  libinit2.o(.ARM.Collect$$libinit$$0000001F)
    __rt_lib_init_stdio_1                    0x000003bf   Thumb Code     0  libinit2.o(.ARM.Collect$$libinit$$00000027)
    __rt_lib_shutdown                        0x000003c1   Thumb Code     0  libshutdown.o(.ARM.Collect$$libshutdown$$00000000)
    __rt_lib_shutdown_cpp_1                  0x000003c3   Thumb Code     0  libshutdown2.o(.ARM.Collect$$libshutdown$$00000002)
    __rt_lib_shutdown_fp_trap_1              0x000003c3   Thumb Code     0  libshutdown2.o(.ARM.Collect$$libshutdown$$00000007)
    __rt_lib_shutdown_heap_1                 0x000003c3   Thumb Code     0  libshutdown2.o(.ARM.Collect$$libshutdown$$0000000F)
    __rt_lib_shutdown_return                 0x000003c3   Thumb Code     0  libshutdown2.o(.ARM.Collect$$libshutdown$$00000010)
    __rt_lib_shutdown_signal_1               0x000003c3   Thumb Code     0  libshutdown2.o(.ARM.Collect$$libshutdown$$0000000A)
    __rt_lib_shutdown_stdio_1                0x000003c3   Thumb Code     0  libshutdown2.o(.ARM.Collect$$libshutdown$$00000004)
    __rt_lib_shutdown_user_alloc_1           0x000003c3   Thumb Code     0  libshutdown2.o(.ARM.Collect$$libshutdown$$0000000C)
    __rt_entry                               0x000003c5   Thumb Code     0  __rtentry.o(.ARM.Collect$$rtentry$$00000000)
    __rt_entry_presh_1                       0x000003c5   Thumb Code     0  __rtentry2.o(.ARM.Collect$$rtentry$$00000002)
    __rt_entry_sh                            0x000003c5   Thumb Code     0  __rtentry4.o(.ARM.Collect$$rtentry$$00000004)
    __rt_entry_li                            0x000003cb   Thumb Code     0  __rtentry2.o(.ARM.Collect$$rtentry$$0000000A)
    __rt_entry_postsh_1                      0x000003cb   Thumb Code     0  __rtentry2.o(.ARM.Collect$$rtentry$$00000009)
    __rt_entry_main                          0x000003cf   Thumb Code     0  __rtentry2.o(.ARM.Collect$$rtentry$$0000000D)
    __rt_entry_postli_1                      0x000003cf   Thumb Code     0  __rtentry2.o(.ARM.Collect$$rtentry$$0000000C)
    __rt_exit                                0x000003d7   Thumb Code     0  rtexit.o(.ARM.Collect$$rtexit$$00000000)
    __rt_exit_ls                             0x000003d9   Thumb Code     0  rtexit2.o(.ARM.Collect$$rtexit$$00000003)
    __rt_exit_prels_1                        0x000003d9   Thumb Code     0  rtexit2.o(.ARM.Collect$$rtexit$$00000002)
    __rt_exit_exit                           0x000003dd   Thumb Code     0  rtexit2.o(.ARM.Collect$$rtexit$$00000004)
    Reset_Handler                            0x000003e5   Thumb Code     8  startup_tm4c123.o(.text)
    NMI_Handler                              0x000003ed   Thumb Code     2  startup_tm4c123.o(.text)
    MemManage_Handler                        0x000003f1   Thumb Code     2  startup_tm4c123.o(.text)
    BusFault_Handler                         0x000003f3   Thumb Code     2  startup_tm4c123.o(.text)
    UsageFault_Handler                       0x000003f5   Thumb Code     2  startup_tm4c123.o(.text)
    SVC_Handler                              0x000003f7   Thumb Code     2  startup_tm4c123.o(.text)
    DebugMon_Handler                         0x000003f9   Thumb Code     2  startup_tm4c123.o(.text)
    PendSV_Handler                           0x000003fb   Thumb Code     2  startup_tm4c123.o(.text)
    GPIOA_Handler                            0x000003ff   Thumb Code     2  startup_tm4c123.o(.text)
    GPIOB_Handler                            0x00000401   Thumb Code     2  startup_tm4c123.o(.text)
    GPIOC_Handler                            0x00000403   Thumb Code     2  startup_tm4c123.o(.text)
    GPIOD_Handler                            0x00000405   Thumb Code     2  startup_tm4c123.o(.text)
    GPIOE_Handler                            0x00000407   Thumb Code     2  startup_tm4c123.o(.text)
    UART0_Handler                            0x00000409   Thumb Code     2  startup_tm4c123.o(.text)
    UART1_Handler                            0x0000040b   Thumb Code     2  startup_tm4c123.o(.text)
    I2C0_Handler                             0x0000040f   Thumb Code     2  startup_tm4c123.o(.text)
    PMW0_FAULT_Handler                       0x00000411   Thumb Code     2  startup_tm4c123.o(.text)
    PWM0_0_Handler                           0x00000413   Thumb Code     2  startup_tm4c123.o(.text)
    PWM0_1_Handler                           0x00000415   Thumb Code     2  startup_tm4c123.o(.text)
    PWM0_2_Handler                           0x00000417   Thumb Code     2  startup_tm4c123.o(.text)
    QEI0_Handler                             0x00000419   Thumb Code     2  startup_tm4c123.o(.text)
    ADC0SS0_Handler                          0x0000041b   Thumb Code     2  startup_tm4c123.o(.text)
    ADC0SS1_Handler                          0x0000041d   Thumb Code     2  startup_tm4c123.o(.text)
    ADC0SS2_Handler                          0x0000041f   Thumb Code     2  startup_tm4c123.o(.text)
    ADC0SS3_Handler                          0x00000421   Thumb Code     2  startup_tm4c123.o(.text)
    WDT0_Handler                             0x00000423   Thumb Code     2  startup_tm4c123.o(.text)
    TIMER0A_Handler                          0x00000425   Thumb Code     2  startup_tm4c123.o(.text)
    TIMER0B_Handler                          0x00000427   Thumb Code     2  startup_tm4c123.o(.text)
    TIMER1A_Handler                          0x00000429   Thumb Code     2  startup_tm4c123.o(.text)
    TIMER1B_Handler                          0x0000042b   Thumb Code     2  startup_tm4c123.o(.text)
    TIMER2A_Handler                          0x0000042d   Thumb Code     2  startup_tm4c123.o(.text)
    TIMER2B_Handler                          0x0000042f   Thumb Code     2  startup_tm4c123.o(.text)
    COMP0_Handler                            0x00000431   Thumb Code     2  startup_tm4c123.o(.text)
    COMP1_Handler                            0x00000433   Thumb Code     2  startup_tm4c123.o(.text)
    COMP2_Handler                            0x00000435   Thumb Code     2  startup_tm4c123.o(.text)
    SYSCTL_Handler                           0x00000437   Thumb Code     2  startup_tm4c123.o(.text)
    FLASH_Handler                            0x00000439   Thumb Code     2  startup_tm4c123.o(.text)
    GPIOG_Handler                            0x0000043d   Thumb Code     2  startup_tm4c123.o(.text)
    GPIOH_Handler                            0x0000043f   Thumb Code     2  startup_tm4c123.o(.text)
    UART2_Handler                            0x00000441   Thumb Code     2  startup_tm4c123.o(.text)
    TIMER3A_Handler                          0x00000445   Thumb Code     2  startup_tm4c123.o(.text)
    TIMER3B_Handler                          0x00000447   Thumb Code     2  startup_tm4c123.o(.text)
    I2C1_Handler                             0x00000449   Thumb Code     2  startup_tm4c123.o(.text)
    QEI1_Handler                             0x0000044b   Thumb Code     2  startup_tm4c123.o(.text)
    CAN0_Handler                             0x0000044d   Thumb Code     2  startup_tm4c123.o(.text)
    CAN1_Handler                             0x0000044f   Thumb Code     2  startup_tm4c123.o(.text)
    CAN2_Handler                             0x00000451   Thumb Code     2  startup_tm4c123.o(.text)
    HIB_Handler                              0x00000453   Thumb Code     2  startup_tm4c123.o(.text)
    USB0_Handler                             0x00000455   Thumb Code     2  startup_tm4c123.o(.text)
    PWM0_3_Handler                           0x00000457   Thumb Code     2  startup_tm4c123.o(.text)
    UDMA_Handler                             0x00000459   Thumb Code     2  startup_tm4c123.o(.text)
    UDMAERR_Handler                          0x0000045b   Thumb Code     2  startup_tm4c123.o(.text)
    ADC1SS0_Handler                          0x0000045d   Thumb Code     2  startup_tm4c123.o(.text)
    ADC1SS1_Handler                          0x0000045f   Thumb Code     2  startup_tm4c123.o(.text)
    ADC1SS2_Handler                          0x00000461   Thumb Code     2  startup_tm4c123.o(.text)
    ADC1SS3_Handler                          0x00000463   Thumb Code     2  startup_tm4c123.o(.text)
    GPIOJ_Handler                            0x00000465   Thumb Code     2  startup_tm4c123.o(.text)
    GPIOK_Handler                            0x00000467   Thumb Code     2  startup_tm4c123.o(.text)
    GPIOL_Handler                            0x00000469   Thumb Code     2  startup_tm4c123.o(.text)
    UART3_Handler                            0x0000046f   Thumb Code     2  startup_tm4c123.o(.text)
    UART4_Handler                            0x00000471   Thumb Code     2  startup_tm4c123.o(.text)
    UART5_Handler                            0x00000473   Thumb Code     2  startup_tm4c123.o(.text)
    UART6_Handler                            0x00000475   Thumb Code     2  startup_tm4c123.o(.text)
    UART7_Handler                            0x00000477   Thumb Code     2  startup_tm4c123.o(.text)
    I2C2_Handler                             0x00000479   Thumb Code     2  startup_tm4c123.o(.text)
    I2C3_Handler                             0x0000047b   Thumb Code     2  startup_tm4c123.o(.text)
    TIMER4A_Handler                          0x0000047d   Thumb Code     2  startup_tm4c123.o(.text)
    TIMER4B_Handler                          0x0000047f   Thumb Code     2  startup_tm4c123.o(.text)
    TIMER5A_Handler                          0x00000481   Thumb Code     2  startup_tm4c123.o(.text)
    TIMER5B_Handler                          0x00000483   Thumb Code     2  startup_tm4c123.o(.text)
    WTIMER0A_Handler                         0x00000485   Thumb Code     2  startup_tm4c123.o(.text)
    WTIMER0B_Handler                         0x00000487   Thumb Code     2  startup_tm4c123.o(.text)
    WTIMER1A_Handler                         0x00000489   Thumb Code     2  startup_tm4c123.o(.text)
    WTIMER1B_Handler                         0x0000048b   Thumb Code     2  startup_tm4c123.o(.text)
    WTIMER2A_Handler                         0x0000048d   Thumb Code     2  startup_tm4c123.o(.text)
    WTIMER2B_Handler                         0x0000048f   Thumb Code     2  startup_tm4c123.o(.text)
    WTIMER3A_Handler                         0x00000491   Thumb Code     2  startup_tm4c123.o(.text)
    WTIMER3B_Handler                         0x00000493   Thumb Code     2  startup_tm4c123.o(.text)
    WTIMER4A_Handler                         0x00000495   Thumb Code     2  startup_tm4c123.o(.text)
    WTIMER4B_Handler                         0x00000497   Thumb Code     2  startup_tm4c123.o(.text)
    WTIMER5A_Handler                         0x00000499   Thumb Code     2  startup_tm4c123.o(.text)
    WTIMER5B_Handler                         0x0000049b   Thumb Code     2  startup_tm4c123.o(.text)
    FPU_Handler                              0x0000049d   Thumb Code     2  startup_tm4c123.o(.text)
    I2C4_Handler                             0x0000049f   Thumb Code     2  startup_tm4c123.o(.text)
    I2C5_Handler                             0x000004a1   Thumb Code     2  startup_tm4c123.o(.text)
    GPIOM_Handler                            0x000004a3   Thumb Code     2  startup_tm4c123.o(.text)
    GPION_Handler                            0x000004a5   Thumb Code     2  startup_tm4c123.o(.text)
    QEI2_Handler                             0x000004a7   Thumb Code     2  startup_tm4c123.o(.text)
    GPIOP0_Handler                           0x000004a9   Thumb Code     2  startup_tm4c123.o(.text)
    GPIOP1_Handler                           0x000004ab   Thumb Code     2  startup_tm4c123.o(.text)
    GPIOP2_Handler                           0x000004ad   Thumb Code     2  startup_tm4c123.o(.text)
    GPIOP3_Handler                           0x000004af   Thumb Code     2  startup_tm4c123.o(.text)
    GPIOP4_Handler                           0x000004b1   Thumb Code     2  startup_tm4c123.o(.text)
    GPIOP5_Handler                           0x000004b3   Thumb Code     2  startup_tm4c123.o(.text)
    GPIOP6_Handler                           0x000004b5   Thumb Code     2  startup_tm4c123.o(.text)
    GPIOP7_Handler                           0x000004b7   Thumb Code     2  startup_tm4c123.o(.text)
    GPIOQ0_Handler                           0x000004b9   Thumb Code     2  startup_tm4c123.o(.text)
    GPIOQ1_Handler                           0x000004bb   Thumb Code     2  startup_tm4c123.o(.text)
    GPIOQ2_Handler                           0x000004bd   Thumb Code     2  startup_tm4c123.o(.text)
    GPIOQ3_Handler                           0x000004bf   Thumb Code     2  startup_tm4c123.o(.text)
    GPIOQ4_Handler                           0x000004c1   Thumb Code     2  startup_tm4c123.o(.text)
    GPIOQ5_Handler                           0x000004c3   Thumb Code     2  startup_tm4c123.o(.text)
    GPIOQ6_Handler                           0x000004c5   Thumb Code     2  startup_tm4c123.o(.text)
    GPIOQ7_Handler                           0x000004c7   Thumb Code     2  startup_tm4c123.o(.text)
    GPIOR_Handler                            0x000004c9   Thumb Code     2  startup_tm4c123.o(.text)
    GPIOS_Handler                            0x000004cb   Thumb Code     2  startup_tm4c123.o(.text)
    PMW1_0_Handler                           0x000004cd   Thumb Code     2  startup_tm4c123.o(.text)
    PWM1_1_Handler                           0x000004cf   Thumb Code     2  startup_tm4c123.o(.text)
    PWM1_2_Handler                           0x000004d1   Thumb Code     2  startup_tm4c123.o(.text)
    PWM1_3_Handler                           0x000004d3   Thumb Code     2  startup_tm4c123.o(.text)
    PWM1_FAULT_Handler                       0x000004d5   Thumb Code     2  startup_tm4c123.o(.text)
    __user_initial_stackheap                 0x000004d9   Thumb Code     0  startup_tm4c123.o(.text)
    sprintf                                  0x000004f9   Thumb Code    38  sprintf.o(.text)
    strlen                                   0x00000525   Thumb Code    62  strlen.o(.text)
    __use_two_region_memory                  0x00000563   Thumb Code     2  heapauxi.o(.text)
    __rt_heap_escrow$2region                 0x00000565   Thumb Code     2  heapauxi.o(.text)
    __rt_heap_expand$2region                 0x00000567   Thumb Code     2  heapauxi.o(.text)
    _printf_pre_padding                      0x00000569   Thumb Code    44  _printf_pad.o(.text)
    _printf_post_padding                     0x00000595   Thumb Code    34  _printf_pad.o(.text)
    _printf_truncate_signed                  0x000005b7   Thumb Code    18  _printf_truncate.o(.text)
    _printf_truncate_unsigned                0x000005c9   Thumb Code    18  _printf_truncate.o(.text)
    _printf_str                              0x000005db   Thumb Code    82  _printf_str.o(.text)
    _printf_int_dec                          0x0000062d   Thumb Code   104  _printf_dec.o(.text)
    _printf_charcount                        0x000006a5   Thumb Code    40  _printf_charcount.o(.text)
    _printf_char_common                      0x000006d7   Thumb Code    32  _printf_char_common.o(.text)
    _sputc                                   0x000006fd   Thumb Code    10  _sputc.o(.text)
    _printf_wctomb                           0x00000709   Thumb Code   182  _printf_wctomb.o(.text)
    _printf_longlong_dec                     0x000007c5   Thumb Code   108  _printf_longlong_dec.o(.text)
    _printf_longlong_oct                     0x00000841   Thumb Code    68  _printf_oct_int_ll.o(.text)
    _printf_int_oct                          0x00000885   Thumb Code    24  _printf_oct_int_ll.o(.text)
    _printf_ll_oct                           0x0000089d   Thumb Code    12  _printf_oct_int_ll.o(.text)
    _printf_longlong_hex                     0x000008b1   Thumb Code    86  _printf_hex_int_ll_ptr.o(.text)
    _printf_int_hex                          0x00000907   Thumb Code    28  _printf_hex_int_ll_ptr.o(.text)
    _printf_ll_hex                           0x00000923   Thumb Code    12  _printf_hex_int_ll_ptr.o(.text)
    _printf_hex_ptr                          0x0000092f   Thumb Code    18  _printf_hex_int_ll_ptr.o(.text)
    __printf                                 0x00000945   Thumb Code   388  __printf_flags_ss_wp.o(.text)
    _ll_udiv10                               0x00000acd   Thumb Code   138  lludiv10.o(.text)
    _printf_int_common                       0x00000b57   Thumb Code   178  _printf_intcommon.o(.text)
    _printf_fp_dec_real                      0x00000db9   Thumb Code   620  _printf_fp_dec.o(.text)
    _printf_fp_hex_real                      0x00001025   Thumb Code   756  _printf_fp_hex.o(.text)
    _printf_cs_common                        0x00001321   Thumb Code    20  _printf_char.o(.text)
    _printf_char                             0x00001335   Thumb Code    16  _printf_char.o(.text)
    _printf_string                           0x00001345   Thumb Code     8  _printf_char.o(.text)
    _printf_lcs_common                       0x0000134d   Thumb Code    20  _printf_wchar.o(.text)
    _printf_wchar                            0x00001361   Thumb Code    16  _printf_wchar.o(.text)
    _printf_wstring                          0x00001371   Thumb Code     8  _printf_wchar.o(.text)
    _c16rtomb                                0x00001379   Thumb Code    72  _c16rtomb.o(.text)
    _wcrtomb                                 0x00001379   Thumb Code     0  _c16rtomb.o(.text)
    __user_setup_stackheap                   0x000013c1   Thumb Code    74  sys_stackheap_outer.o(.text)
    __rt_ctype_table                         0x0000140d   Thumb Code    16  rt_ctype_table.o(.text)
    __rt_locale                              0x0000141d   Thumb Code     8  rt_locale_intlibspace.o(.text)
    _printf_fp_infnan                        0x00001425   Thumb Code   112  _printf_fp_infnan.o(.text)
    _btod_etento                             0x000014a5   Thumb Code   224  bigflt0.o(.text)
    exit                                     0x00001589   Thumb Code    18  exit.o(.text)
    __user_libspace                          0x0000159d   Thumb Code     8  libspace.o(.text)
    __user_perproc_libspace                  0x0000159d   Thumb Code     0  libspace.o(.text)
    __user_perthread_libspace                0x0000159d   Thumb Code     0  libspace.o(.text)
    strcmp                                   0x000015a9   Thumb Code   124  strcmpv7em.o(.text)
    _sys_exit                                0x00001625   Thumb Code     8  sys_exit.o(.text)
    __I$use$semihosting                      0x00001631   Thumb Code     0  use_no_semi.o(.text)
    __use_no_semihosting_swi                 0x00001631   Thumb Code     2  use_no_semi.o(.text)
    __semihosting_library_function           0x00001633   Thumb Code     0  indicate_semi.o(.text)
    GPIOF_Button_IRQHandler                  0x00001635   Thumb Code    58  main.o(.text.GPIOF_Button_IRQHandler)
    GPIOF_Handler                            0x00001671   Thumb Code    26  irq.o(.text.GPIOF_Handler)
    GUI_AppDraw                              0x0000168d   Thumb Code   402  main.o(.text.GUI_AppDraw)
    HT1621_Command                           0x00001821   Thumb Code   188  ht1621.o(.text.HT1621_Command)
    HT1621_Write_Digit                       0x000018dd   Thumb Code   458  ht1621.o(.text.HT1621_Write_Digit)
    HardFault_Handler                        0x00001aa9   Thumb Code    16  bsp.o(.text.HardFault_Handler)
    IRQ_Init                                 0x00001ab9   Thumb Code    10  irq.o(.text.IRQ_Init)
    LCD_AddCallback                          0x00001ac5   Thumb Code    20  lcd_st7735r.o(.text.LCD_AddCallback)
    LCD_GetSize                              0x00001ad9   Thumb Code    38  lcd_st7735r.o(.text.LCD_GetSize)
    LCD_WriteDataPixel                       0x00001b01   Thumb Code   118  lcd_st7735r.o(.text.LCD_WriteDataPixel)
    LcdInit                                  0x00001b79   Thumb Code   812  lcd_st7735r.o(.text.LcdInit)
    Port_Init                                0x00001ea5   Thumb Code   974  hal.o(.text.Port_Init)
    SSI0_Handler                             0x00002389   Thumb Code    18  spim.o(.text.SSI0_Handler)
    SSI1_Handler                             0x0000239d   Thumb Code    18  spim.o(.text.SSI1_Handler)
    SSI2_Handler                             0x000023b1   Thumb Code    18  spim.o(.text.SSI2_Handler)
    SSI3_Handler                             0x000023c5   Thumb Code    18  spim.o(.text.SSI3_Handler)
    SpimAddCallbackTransferDone              0x000023d9   Thumb Code    20  spim.o(.text.SpimAddCallbackTransferDone)
    SpimInit                                 0x000023ed   Thumb Code   914  spim.o(.text.SpimInit)
    SpimSetDataSize                          0x00002781   Thumb Code   464  spim.o(.text.SpimSetDataSize)
    SpimTransfer                             0x00002951   Thumb Code   132  spim.o(.text.SpimTransfer)
    SysTick_Handler                          0x00002a29   Thumb Code   368  main.o(.text.SysTick_Handler)
    SystemCoreClockUpdate                    0x00002b99   Thumb Code   358  system_tm4c123.o(.text.SystemCoreClockUpdate)
    SystemInit                               0x00002d01   Thumb Code   270  system_tm4c123.o(.text.SystemInit)
    main                                     0x000030a5   Thumb Code   194  main.o(.text.main)
    _btod_d2e                                0x000033af   Thumb Code    62  btod.o(CL$$btod_d2e)
    _d2e_denorm_low                          0x000033ed   Thumb Code    70  btod.o(CL$$btod_d2e_denorm_low)
    _d2e_norm_op1                            0x00003433   Thumb Code    96  btod.o(CL$$btod_d2e_norm_op1)
    __btod_div_common                        0x00003495   Thumb Code   696  btod.o(CL$$btod_div_common)
    _e2e                                     0x000037cd   Thumb Code   220  btod.o(CL$$btod_e2e)
    _btod_ediv                               0x000038a9   Thumb Code    42  btod.o(CL$$btod_ediv)
    _btod_emul                               0x000038d3   Thumb Code    42  btod.o(CL$$btod_emul)
    __btod_mult_common                       0x000038fd   Thumb Code   580  btod.o(CL$$btod_mult_common)
    GUI_16BitPerPixel                        0x00003b41   Thumb Code     6  gui.o(i.GUI_16BitPerPixel)
    GUI_AddCbFrameEnd                        0x00003b4d   Thumb Code     6  gui.o(i.GUI_AddCbFrameEnd)
    GUI_Clear                                0x00003b59   Thumb Code    96  gui.o(i.GUI_Clear)
    GUI_DrawFilledRect                       0x00003bbd   Thumb Code    84  gui.o(i.GUI_DrawFilledRect)
    GUI_DrawHortLine                         0x00003c15   Thumb Code    90  gui.o(i.GUI_DrawHortLine)
    GUI_Draw_Exe                             0x00003c75   Thumb Code   170  gui.o(i.GUI_Draw_Exe)
    GUI_Init                                 0x00003d25   Thumb Code    70  gui.o(i.GUI_Init)
    GUI_PrintChar                            0x00003d71   Thumb Code   676  gui.o(i.GUI_PrintChar)
    GUI_PrintString                          0x00004019   Thumb Code   128  gui.o(i.GUI_PrintString)
    GUI_SetColor                             0x0000409d   Thumb Code    30  gui.o(i.GUI_SetColor)
    GUI_SetFont                              0x000040c1   Thumb Code     6  gui.o(i.GUI_SetFont)
    GUI_SetFontBackColor                     0x000040cd   Thumb Code    30  gui.o(i.GUI_SetFontBackColor)
    __ARM_fpclassify                         0x00004169   Thumb Code    48  fpclassify.o(i.__ARM_fpclassify)
    _is_digit                                0x00004199   Thumb Code    14  __printf_wp.o(i._is_digit)
    _get_lc_numeric                          0x000041a9   Thumb Code    44  lc_numeric_c.o(locale$$code)
    _get_lc_ctype                            0x000041d5   Thumb Code    44  lc_ctype_c.o(locale$$code)
    _fp_init                                 0x00004201   Thumb Code    26  fpinit.o(x$fpl$fpinit)
    __fplib_config_fpu_vfp                   0x00004219   Thumb Code     0  fpinit.o(x$fpl$fpinit)
    __fplib_config_pureend_doubles           0x00004219   Thumb Code     0  fpinit.o(x$fpl$fpinit)
    _printf_fp_dec                           0x0000421b   Thumb Code     4  printf1.o(x$fpl$printf1)
    _printf_fp_hex                           0x0000421f   Thumb Code     4  printf2.o(x$fpl$printf2)
    __I$use$fp                               0x00004222   Number         0  usenofp.o(x$fpl$usenofp)
    g_sFontCalibri10                         0x0000463c   Data         200  font_calibri10.o(.constdata)
    g_sFontCalibri24                         0x00005090   Data         200  font_calibri24.o(.constdata)
    FONT_Arialbold16                         0x000052b8   Data         200  fontarialbold16.o(.rodata.FONT_Arialbold16)
    g_Font01digit20                          0x000053ec   Data         200  font01digit20.o(.rodata.g_Font01digit20)
    g_FontBookos16                           0x000054b4   Data         200  fontbookos16.o(.rodata.g_FontBookos16)
    g_FontBookosb16                          0x0000557c   Data         200  fontbookosb16.o(.rodata.g_FontBookosb16)
    g_FontBradhitc16                         0x00005644   Data         200  fontbradhitc16.o(.rodata.g_FontBradhitc16)
    Region$$Table$$Base                      0x00007e00   Number         0  anon$$obj.o(Region$$Table)
    Region$$Table$$Limit                     0x00007e20   Number         0  anon$$obj.o(Region$$Table)
    __ctype                                  0x00007e49   Data           0  lc_ctype_c.o(locale$$data)
    SystemCoreClock                          0x20000028   Data           4  system_tm4c123.o(.data.SystemCoreClock)
    __libspace_start                         0x20000048   Data          96  libspace.o(.bss)
    BUZZCOUNT                                0x200000a8   Data           4  main.o(.bss.BUZZCOUNT)
    __temporary_stack_top$libspace           0x200000a8   Data           0  libspace.o(.bss)
    BUZZER                                   0x200000ac   Data           4  main.o(.bss.BUZZER)
    SECLICK                                  0x200000b0   Data           4  main.o(.bss.SECLICK)



==============================================================================

Memory Map of the image

  Image Entry point : 0x0000026d

  Load Region LR_IROM1 (Base: 0x00000000, Size: 0x00007f98, Max: 0x00040000, ABSOLUTE)

    Execution Region ER_IROM1 (Exec base: 0x00000000, Load base: 0x00000000, Size: 0x00007f4c, Max: 0x00040000, ABSOLUTE)

    Exec Addr    Load Addr    Size         Type   Attr      Idx    E Section Name        Object

    0x00000000   0x00000000   0x0000026c   Data   RO          239    RESET               startup_tm4c123.o
    0x0000026c   0x0000026c   0x00000008   Code   RO          360  * !!!main             c_w.l(__main.o)
    0x00000274   0x00000274   0x0000005c   Code   RO          729    !!!scatter          c_w.l(__scatter.o)
    0x000002d0   0x000002d0   0x0000001a   Code   RO          733    !!handler_copy      c_w.l(__scatter_copy.o)
    0x000002ea   0x000002ea   0x00000002   PAD
    0x000002ec   0x000002ec   0x00000002   Code   RO          730    !!handler_null      c_w.l(__scatter.o)
    0x000002ee   0x000002ee   0x00000002   PAD
    0x000002f0   0x000002f0   0x0000001c   Code   RO          735    !!handler_zi        c_w.l(__scatter_zi.o)
    0x0000030c   0x0000030c   0x00000000   Code   RO          468    .ARM.Collect$$_printf_percent$$00000000  c_w.l(_printf_percent.o)
    0x0000030c   0x0000030c   0x00000006   Code   RO          457    .ARM.Collect$$_printf_percent$$00000001  c_w.l(_printf_n.o)
    0x00000312   0x00000312   0x00000006   Code   RO          459    .ARM.Collect$$_printf_percent$$00000002  c_w.l(_printf_p.o)
    0x00000318   0x00000318   0x00000006   Code   RO          464    .ARM.Collect$$_printf_percent$$00000003  c_w.l(_printf_f.o)
    0x0000031e   0x0000031e   0x00000006   Code   RO          465    .ARM.Collect$$_printf_percent$$00000004  c_w.l(_printf_e.o)
    0x00000324   0x00000324   0x00000006   Code   RO          466    .ARM.Collect$$_printf_percent$$00000005  c_w.l(_printf_g.o)
    0x0000032a   0x0000032a   0x00000006   Code   RO          467    .ARM.Collect$$_printf_percent$$00000006  c_w.l(_printf_a.o)
    0x00000330   0x00000330   0x0000000a   Code   RO          472    .ARM.Collect$$_printf_percent$$00000007  c_w.l(_printf_ll.o)
    0x0000033a   0x0000033a   0x00000006   Code   RO          461    .ARM.Collect$$_printf_percent$$00000008  c_w.l(_printf_i.o)
    0x00000340   0x00000340   0x00000006   Code   RO          462    .ARM.Collect$$_printf_percent$$00000009  c_w.l(_printf_d.o)
    0x00000346   0x00000346   0x00000006   Code   RO          463    .ARM.Collect$$_printf_percent$$0000000A  c_w.l(_printf_u.o)
    0x0000034c   0x0000034c   0x00000006   Code   RO          460    .ARM.Collect$$_printf_percent$$0000000B  c_w.l(_printf_o.o)
    0x00000352   0x00000352   0x00000006   Code   RO          458    .ARM.Collect$$_printf_percent$$0000000C  c_w.l(_printf_x.o)
    0x00000358   0x00000358   0x00000006   Code   RO          469    .ARM.Collect$$_printf_percent$$0000000D  c_w.l(_printf_lli.o)
    0x0000035e   0x0000035e   0x00000006   Code   RO          470    .ARM.Collect$$_printf_percent$$0000000E  c_w.l(_printf_lld.o)
    0x00000364   0x00000364   0x00000006   Code   RO          471    .ARM.Collect$$_printf_percent$$0000000F  c_w.l(_printf_llu.o)
    0x0000036a   0x0000036a   0x00000006   Code   RO          476    .ARM.Collect$$_printf_percent$$00000010  c_w.l(_printf_llo.o)
    0x00000370   0x00000370   0x00000006   Code   RO          477    .ARM.Collect$$_printf_percent$$00000011  c_w.l(_printf_llx.o)
    0x00000376   0x00000376   0x0000000a   Code   RO          473    .ARM.Collect$$_printf_percent$$00000012  c_w.l(_printf_l.o)
    0x00000380   0x00000380   0x00000006   Code   RO          455    .ARM.Collect$$_printf_percent$$00000013  c_w.l(_printf_c.o)
    0x00000386   0x00000386   0x00000006   Code   RO          456    .ARM.Collect$$_printf_percent$$00000014  c_w.l(_printf_s.o)
    0x0000038c   0x0000038c   0x00000006   Code   RO          474    .ARM.Collect$$_printf_percent$$00000015  c_w.l(_printf_lc.o)
    0x00000392   0x00000392   0x00000006   Code   RO          475    .ARM.Collect$$_printf_percent$$00000016  c_w.l(_printf_ls.o)
    0x00000398   0x00000398   0x00000004   Code   RO          527    .ARM.Collect$$_printf_percent$$00000017  c_w.l(_printf_percent_end.o)
    0x0000039c   0x0000039c   0x00000002   Code   RO          578    .ARM.Collect$$libinit$$00000000  c_w.l(libinit.o)
    0x0000039e   0x0000039e   0x00000004   Code   RO          595    .ARM.Collect$$libinit$$00000001  c_w.l(libinit2.o)
    0x000003a2   0x000003a2   0x00000000   Code   RO          598    .ARM.Collect$$libinit$$00000004  c_w.l(libinit2.o)
    0x000003a2   0x000003a2   0x00000000   Code   RO          600    .ARM.Collect$$libinit$$00000006  c_w.l(libinit2.o)
    0x000003a2   0x000003a2   0x00000000   Code   RO          603    .ARM.Collect$$libinit$$0000000C  c_w.l(libinit2.o)
    0x000003a2   0x000003a2   0x00000000   Code   RO          605    .ARM.Collect$$libinit$$0000000E  c_w.l(libinit2.o)
    0x000003a2   0x000003a2   0x00000000   Code   RO          607    .ARM.Collect$$libinit$$00000010  c_w.l(libinit2.o)
    0x000003a2   0x000003a2   0x00000006   Code   RO          608    .ARM.Collect$$libinit$$00000011  c_w.l(libinit2.o)
    0x000003a8   0x000003a8   0x00000000   Code   RO          610    .ARM.Collect$$libinit$$00000013  c_w.l(libinit2.o)
    0x000003a8   0x000003a8   0x0000000c   Code   RO          611    .ARM.Collect$$libinit$$00000014  c_w.l(libinit2.o)
    0x000003b4   0x000003b4   0x00000000   Code   RO          612    .ARM.Collect$$libinit$$00000015  c_w.l(libinit2.o)
    0x000003b4   0x000003b4   0x00000000   Code   RO          614    .ARM.Collect$$libinit$$00000017  c_w.l(libinit2.o)
    0x000003b4   0x000003b4   0x0000000a   Code   RO          615    .ARM.Collect$$libinit$$00000018  c_w.l(libinit2.o)
    0x000003be   0x000003be   0x00000000   Code   RO          616    .ARM.Collect$$libinit$$00000019  c_w.l(libinit2.o)
    0x000003be   0x000003be   0x00000000   Code   RO          618    .ARM.Collect$$libinit$$0000001B  c_w.l(libinit2.o)
    0x000003be   0x000003be   0x00000000   Code   RO          620    .ARM.Collect$$libinit$$0000001D  c_w.l(libinit2.o)
    0x000003be   0x000003be   0x00000000   Code   RO          622    .ARM.Collect$$libinit$$0000001F  c_w.l(libinit2.o)
    0x000003be   0x000003be   0x00000000   Code   RO          624    .ARM.Collect$$libinit$$00000021  c_w.l(libinit2.o)
    0x000003be   0x000003be   0x00000000   Code   RO          626    .ARM.Collect$$libinit$$00000023  c_w.l(libinit2.o)
    0x000003be   0x000003be   0x00000000   Code   RO          628    .ARM.Collect$$libinit$$00000025  c_w.l(libinit2.o)
    0x000003be   0x000003be   0x00000000   Code   RO          630    .ARM.Collect$$libinit$$00000027  c_w.l(libinit2.o)
    0x000003be   0x000003be   0x00000000   Code   RO          634    .ARM.Collect$$libinit$$0000002E  c_w.l(libinit2.o)
    0x000003be   0x000003be   0x00000000   Code   RO          636    .ARM.Collect$$libinit$$00000030  c_w.l(libinit2.o)
    0x000003be   0x000003be   0x00000000   Code   RO          638    .ARM.Collect$$libinit$$00000032  c_w.l(libinit2.o)
    0x000003be   0x000003be   0x00000000   Code   RO          640    .ARM.Collect$$libinit$$00000034  c_w.l(libinit2.o)
    0x000003be   0x000003be   0x00000002   Code   RO          641    .ARM.Collect$$libinit$$00000035  c_w.l(libinit2.o)
    0x000003c0   0x000003c0   0x00000002   Code   RO          665    .ARM.Collect$$libshutdown$$00000000  c_w.l(libshutdown.o)
    0x000003c2   0x000003c2   0x00000000   Code   RO          680    .ARM.Collect$$libshutdown$$00000002  c_w.l(libshutdown2.o)
    0x000003c2   0x000003c2   0x00000000   Code   RO          682    .ARM.Collect$$libshutdown$$00000004  c_w.l(libshutdown2.o)
    0x000003c2   0x000003c2   0x00000000   Code   RO          685    .ARM.Collect$$libshutdown$$00000007  c_w.l(libshutdown2.o)
    0x000003c2   0x000003c2   0x00000000   Code   RO          688    .ARM.Collect$$libshutdown$$0000000A  c_w.l(libshutdown2.o)
    0x000003c2   0x000003c2   0x00000000   Code   RO          690    .ARM.Collect$$libshutdown$$0000000C  c_w.l(libshutdown2.o)
    0x000003c2   0x000003c2   0x00000000   Code   RO          693    .ARM.Collect$$libshutdown$$0000000F  c_w.l(libshutdown2.o)
    0x000003c2   0x000003c2   0x00000002   Code   RO          694    .ARM.Collect$$libshutdown$$00000010  c_w.l(libshutdown2.o)
    0x000003c4   0x000003c4   0x00000000   Code   RO          386    .ARM.Collect$$rtentry$$00000000  c_w.l(__rtentry.o)
    0x000003c4   0x000003c4   0x00000000   Code   RO          496    .ARM.Collect$$rtentry$$00000002  c_w.l(__rtentry2.o)
    0x000003c4   0x000003c4   0x00000006   Code   RO          508    .ARM.Collect$$rtentry$$00000004  c_w.l(__rtentry4.o)
    0x000003ca   0x000003ca   0x00000000   Code   RO          498    .ARM.Collect$$rtentry$$00000009  c_w.l(__rtentry2.o)
    0x000003ca   0x000003ca   0x00000004   Code   RO          499    .ARM.Collect$$rtentry$$0000000A  c_w.l(__rtentry2.o)
    0x000003ce   0x000003ce   0x00000000   Code   RO          501    .ARM.Collect$$rtentry$$0000000C  c_w.l(__rtentry2.o)
    0x000003ce   0x000003ce   0x00000008   Code   RO          502    .ARM.Collect$$rtentry$$0000000D  c_w.l(__rtentry2.o)
    0x000003d6   0x000003d6   0x00000002   Code   RO          586    .ARM.Collect$$rtexit$$00000000  c_w.l(rtexit.o)
    0x000003d8   0x000003d8   0x00000000   Code   RO          643    .ARM.Collect$$rtexit$$00000002  c_w.l(rtexit2.o)
    0x000003d8   0x000003d8   0x00000004   Code   RO          644    .ARM.Collect$$rtexit$$00000003  c_w.l(rtexit2.o)
    0x000003dc   0x000003dc   0x00000006   Code   RO          645    .ARM.Collect$$rtexit$$00000004  c_w.l(rtexit2.o)
    0x000003e2   0x000003e2   0x00000002   PAD
    0x000003e4   0x000003e4   0x00000114   Code   RO          240    .text               startup_tm4c123.o
    0x000004f8   0x000004f8   0x0000002c   Code   RO          354    .text               c_w.l(sprintf.o)
    0x00000524   0x00000524   0x0000003e   Code   RO          356    .text               c_w.l(strlen.o)
    0x00000562   0x00000562   0x00000006   Code   RO          358    .text               c_w.l(heapauxi.o)
    0x00000568   0x00000568   0x0000004e   Code   RO          389    .text               c_w.l(_printf_pad.o)
    0x000005b6   0x000005b6   0x00000024   Code   RO          391    .text               c_w.l(_printf_truncate.o)
    0x000005da   0x000005da   0x00000052   Code   RO          393    .text               c_w.l(_printf_str.o)
    0x0000062c   0x0000062c   0x00000078   Code   RO          395    .text               c_w.l(_printf_dec.o)
    0x000006a4   0x000006a4   0x00000028   Code   RO          397    .text               c_w.l(_printf_charcount.o)
    0x000006cc   0x000006cc   0x00000030   Code   RO          399    .text               c_w.l(_printf_char_common.o)
    0x000006fc   0x000006fc   0x0000000a   Code   RO          401    .text               c_w.l(_sputc.o)
    0x00000706   0x00000706   0x00000002   PAD
    0x00000708   0x00000708   0x000000bc   Code   RO          403    .text               c_w.l(_printf_wctomb.o)
    0x000007c4   0x000007c4   0x0000007c   Code   RO          406    .text               c_w.l(_printf_longlong_dec.o)
    0x00000840   0x00000840   0x00000070   Code   RO          412    .text               c_w.l(_printf_oct_int_ll.o)
    0x000008b0   0x000008b0   0x00000094   Code   RO          432    .text               c_w.l(_printf_hex_int_ll_ptr.o)
    0x00000944   0x00000944   0x00000188   Code   RO          452    .text               c_w.l(__printf_flags_ss_wp.o)
    0x00000acc   0x00000acc   0x0000008a   Code   RO          510    .text               c_w.l(lludiv10.o)
    0x00000b56   0x00000b56   0x000000b2   Code   RO          512    .text               c_w.l(_printf_intcommon.o)
    0x00000c08   0x00000c08   0x0000041c   Code   RO          514    .text               c_w.l(_printf_fp_dec.o)
    0x00001024   0x00001024   0x000002fc   Code   RO          518    .text               c_w.l(_printf_fp_hex.o)
    0x00001320   0x00001320   0x0000002c   Code   RO          523    .text               c_w.l(_printf_char.o)
    0x0000134c   0x0000134c   0x0000002c   Code   RO          525    .text               c_w.l(_printf_wchar.o)
    0x00001378   0x00001378   0x00000048   Code   RO          528    .text               c_w.l(_c16rtomb.o)
    0x000013c0   0x000013c0   0x0000004a   Code   RO          530    .text               c_w.l(sys_stackheap_outer.o)
    0x0000140a   0x0000140a   0x00000002   PAD
    0x0000140c   0x0000140c   0x00000010   Code   RO          532    .text               c_w.l(rt_ctype_table.o)
    0x0000141c   0x0000141c   0x00000008   Code   RO          537    .text               c_w.l(rt_locale_intlibspace.o)
    0x00001424   0x00001424   0x00000080   Code   RO          539    .text               c_w.l(_printf_fp_infnan.o)
    0x000014a4   0x000014a4   0x000000e4   Code   RO          541    .text               c_w.l(bigflt0.o)
    0x00001588   0x00001588   0x00000012   Code   RO          571    .text               c_w.l(exit.o)
    0x0000159a   0x0000159a   0x00000002   PAD
    0x0000159c   0x0000159c   0x00000008   Code   RO          583    .text               c_w.l(libspace.o)
    0x000015a4   0x000015a4   0x00000004   PAD
    0x000015a8   0x000015a8   0x0000007c   Code   RO          593    .text               c_w.l(strcmpv7em.o)
    0x00001624   0x00001624   0x0000000c   Code   RO          655    .text               c_w.l(sys_exit.o)
    0x00001630   0x00001630   0x00000002   Code   RO          670    .text               c_w.l(use_no_semi.o)
    0x00001632   0x00001632   0x00000000   Code   RO          672    .text               c_w.l(indicate_semi.o)
    0x00001632   0x00001632   0x00000002   PAD
    0x00001634   0x00001634   0x0000003a   Code   RO           18    .text.GPIOF_Button_IRQHandler  main.o
    0x0000166e   0x0000166e   0x00000002   PAD
    0x00001670   0x00001670   0x0000001a   Code   RO          193    .text.GPIOF_Handler  irq.o
    0x0000168a   0x0000168a   0x00000002   PAD
    0x0000168c   0x0000168c   0x00000192   Code   RO           16    .text.GUI_AppDraw   main.o
    0x0000181e   0x0000181e   0x00000002   PAD
    0x00001820   0x00001820   0x000000bc   Code   RO           53    .text.HT1621_Command  ht1621.o
    0x000018dc   0x000018dc   0x000001ca   Code   RO           55    .text.HT1621_Write_Digit  ht1621.o
    0x00001aa6   0x00001aa6   0x00000002   PAD
    0x00001aa8   0x00001aa8   0x00000010   Code   RO          169    .text.HardFault_Handler  bsp.o
    0x00001ab8   0x00001ab8   0x0000000a   Code   RO          189    .text.IRQ_Init      irq.o
    0x00001ac2   0x00001ac2   0x00000002   PAD
    0x00001ac4   0x00001ac4   0x00000014   Code   RO           88    .text.LCD_AddCallback  lcd_st7735r.o
    0x00001ad8   0x00001ad8   0x00000026   Code   RO           86    .text.LCD_GetSize   lcd_st7735r.o
    0x00001afe   0x00001afe   0x00000002   PAD
    0x00001b00   0x00001b00   0x00000076   Code   RO           94    .text.LCD_WriteDataPixel  lcd_st7735r.o
    0x00001b76   0x00001b76   0x00000002   PAD
    0x00001b78   0x00001b78   0x0000032c   Code   RO           74    .text.LcdInit       lcd_st7735r.o
    0x00001ea4   0x00001ea4   0x000003ce   Code   RO          181    .text.Port_Init     hal.o
    0x00002272   0x00002272   0x00000002   PAD
    0x00002274   0x00002274   0x00000112   Code   RO          274    .text.SPI_Handler   spim.o
    0x00002386   0x00002386   0x00000002   PAD
    0x00002388   0x00002388   0x00000012   Code   RO          272    .text.SSI0_Handler  spim.o
    0x0000239a   0x0000239a   0x00000002   PAD
    0x0000239c   0x0000239c   0x00000012   Code   RO          276    .text.SSI1_Handler  spim.o
    0x000023ae   0x000023ae   0x00000002   PAD
    0x000023b0   0x000023b0   0x00000012   Code   RO          278    .text.SSI2_Handler  spim.o
    0x000023c2   0x000023c2   0x00000002   PAD
    0x000023c4   0x000023c4   0x00000012   Code   RO          280    .text.SSI3_Handler  spim.o
    0x000023d6   0x000023d6   0x00000002   PAD
    0x000023d8   0x000023d8   0x00000014   Code   RO          268    .text.SpimAddCallbackTransferDone  spim.o
    0x000023ec   0x000023ec   0x00000392   Code   RO          260    .text.SpimInit      spim.o
    0x0000277e   0x0000277e   0x00000002   PAD
    0x00002780   0x00002780   0x000001d0   Code   RO          266    .text.SpimSetDataSize  spim.o
    0x00002950   0x00002950   0x00000084   Code   RO          270    .text.SpimTransfer  spim.o
    0x000029d4   0x000029d4   0x00000054   Code   RO            4    .text.SysTick_Config  main.o
    0x00002a28   0x00002a28   0x00000170   Code   RO           14    .text.SysTick_Handler  main.o
    0x00002b98   0x00002b98   0x00000166   Code   RO          247    .text.SystemCoreClockUpdate  system_tm4c123.o
    0x00002cfe   0x00002cfe   0x00000002   PAD
    0x00002d00   0x00002d00   0x0000010e   Code   RO          249    .text.SystemInit    system_tm4c123.o
    0x00002e0e   0x00002e0e   0x00000002   PAD
    0x00002e10   0x00002e10   0x00000030   Code   RO          191    .text.__NVIC_EnableIRQ  irq.o
    0x00002e40   0x00002e40   0x00000030   Code   RO          262    .text.__NVIC_EnableIRQ  spim.o
    0x00002e70   0x00002e70   0x00000042   Code   RO            6    .text.__NVIC_SetPriority  main.o
    0x00002eb2   0x00002eb2   0x00000002   PAD
    0x00002eb4   0x00002eb4   0x00000026   Code   RO          171    .text.__NVIC_SystemReset  bsp.o
    0x00002eda   0x00002eda   0x00000002   PAD
    0x00002edc   0x00002edc   0x00000036   Code   RO           78    .text.lcd_Delayms   lcd_st7735r.o
    0x00002f12   0x00002f12   0x00000002   PAD
    0x00002f14   0x00002f14   0x00000072   Code   RO           80    .text.lcd_WriteCmd  lcd_st7735r.o
    0x00002f86   0x00002f86   0x00000002   PAD
    0x00002f88   0x00002f88   0x00000072   Code   RO           82    .text.lcd_WriteData  lcd_st7735r.o
    0x00002ffa   0x00002ffa   0x00000002   PAD
    0x00002ffc   0x00002ffc   0x00000066   Code   RO           84    .text.lcd_WriteMultipleByte  lcd_st7735r.o
    0x00003062   0x00003062   0x00000002   PAD
    0x00003064   0x00003064   0x0000003e   Code   RO           76    .text.lcd_cbSpiDone  lcd_st7735r.o
    0x000030a2   0x000030a2   0x00000002   PAD
    0x000030a4   0x000030a4   0x000000c2   Code   RO            2    .text.main          main.o
    0x00003166   0x00003166   0x00000002   PAD
    0x00003168   0x00003168   0x00000064   Code   RO           10    .text.main_HT1621Init  main.o
    0x000031cc   0x000031cc   0x00000132   Code   RO           12    .text.main_KeyScan  main.o
    0x000032fe   0x000032fe   0x00000002   PAD
    0x00003300   0x00003300   0x00000090   Code   RO            8    .text.main_LcdInit  main.o
    0x00003390   0x00003390   0x0000000e   Code   RO           22    .text.main_cbGuiFrameEnd  main.o
    0x0000339e   0x0000339e   0x00000002   PAD
    0x000033a0   0x000033a0   0x0000000e   Code   RO           20    .text.main_cbLcdTransferDone  main.o
    0x000033ae   0x000033ae   0x0000003e   Code   RO          544    CL$$btod_d2e        c_w.l(btod.o)
    0x000033ec   0x000033ec   0x00000046   Code   RO          546    CL$$btod_d2e_denorm_low  c_w.l(btod.o)
    0x00003432   0x00003432   0x00000060   Code   RO          545    CL$$btod_d2e_norm_op1  c_w.l(btod.o)
    0x00003492   0x00003492   0x00000002   PAD
    0x00003494   0x00003494   0x00000338   Code   RO          554    CL$$btod_div_common  c_w.l(btod.o)
    0x000037cc   0x000037cc   0x000000dc   Code   RO          551    CL$$btod_e2e        c_w.l(btod.o)
    0x000038a8   0x000038a8   0x0000002a   Code   RO          548    CL$$btod_ediv       c_w.l(btod.o)
    0x000038d2   0x000038d2   0x0000002a   Code   RO          547    CL$$btod_emul       c_w.l(btod.o)
    0x000038fc   0x000038fc   0x00000244   Code   RO          553    CL$$btod_mult_common  c_w.l(btod.o)
    0x00003b40   0x00003b40   0x0000000c   Code   RO          308    i.GUI_16BitPerPixel  DPGUI_KEIL_CM4_V11.lib(gui.o)
    0x00003b4c   0x00003b4c   0x0000000c   Code   RO          309    i.GUI_AddCbFrameEnd  DPGUI_KEIL_CM4_V11.lib(gui.o)
    0x00003b58   0x00003b58   0x00000064   Code   RO          310    i.GUI_Clear         DPGUI_KEIL_CM4_V11.lib(gui.o)
    0x00003bbc   0x00003bbc   0x00000058   Code   RO          314    i.GUI_DrawFilledRect  DPGUI_KEIL_CM4_V11.lib(gui.o)
    0x00003c14   0x00003c14   0x00000060   Code   RO          315    i.GUI_DrawHortLine  DPGUI_KEIL_CM4_V11.lib(gui.o)
    0x00003c74   0x00003c74   0x000000b0   Code   RO          319    i.GUI_Draw_Exe      DPGUI_KEIL_CM4_V11.lib(gui.o)
    0x00003d24   0x00003d24   0x0000004c   Code   RO          320    i.GUI_Init          DPGUI_KEIL_CM4_V11.lib(gui.o)
    0x00003d70   0x00003d70   0x000002a8   Code   RO          321    i.GUI_PrintChar     DPGUI_KEIL_CM4_V11.lib(gui.o)
    0x00004018   0x00004018   0x00000084   Code   RO          322    i.GUI_PrintString   DPGUI_KEIL_CM4_V11.lib(gui.o)
    0x0000409c   0x0000409c   0x00000024   Code   RO          323    i.GUI_SetColor      DPGUI_KEIL_CM4_V11.lib(gui.o)
    0x000040c0   0x000040c0   0x0000000c   Code   RO          324    i.GUI_SetFont       DPGUI_KEIL_CM4_V11.lib(gui.o)
    0x000040cc   0x000040cc   0x00000024   Code   RO          325    i.GUI_SetFontBackColor  DPGUI_KEIL_CM4_V11.lib(gui.o)
    0x000040f0   0x000040f0   0x00000078   Code   RO          327    i.GUI_WriteMem      DPGUI_KEIL_CM4_V11.lib(gui.o)
    0x00004168   0x00004168   0x00000030   Code   RO          581    i.__ARM_fpclassify  m_wm.l(fpclassify.o)
    0x00004198   0x00004198   0x0000000e   Code   RO          445    i._is_digit         c_w.l(__printf_wp.o)
    0x000041a6   0x000041a6   0x00000002   PAD
    0x000041a8   0x000041a8   0x0000002c   Code   RO          569    locale$$code        c_w.l(lc_numeric_c.o)
    0x000041d4   0x000041d4   0x0000002c   Code   RO          591    locale$$code        c_w.l(lc_ctype_c.o)
    0x00004200   0x00004200   0x0000001a   Code   RO          653    x$fpl$fpinit        fz_wm.l(fpinit.o)
    0x0000421a   0x0000421a   0x00000004   Code   RO          486    x$fpl$printf1       fz_wm.l(printf1.o)
    0x0000421e   0x0000421e   0x00000004   Code   RO          488    x$fpl$printf2       fz_wm.l(printf2.o)
    0x00004222   0x00004222   0x00000000   Code   RO          494    x$fpl$usenofp       fz_wm.l(usenofp.o)
    0x00004222   0x00004222   0x00000417   Data   RO          292    .constdata          DPGUI_KEIL_CM4_V11.lib(font_calibri10.o)
    0x00004639   0x00004639   0x00000003   PAD
    0x0000463c   0x0000463c   0x000000c8   Data   RO          293    .constdata          DPGUI_KEIL_CM4_V11.lib(font_calibri10.o)
    0x00004704   0x00004704   0x00000989   Data   RO          300    .constdata          DPGUI_KEIL_CM4_V11.lib(font_calibri24.o)
    0x0000508d   0x0000508d   0x00000003   PAD
    0x00005090   0x00005090   0x000000c8   Data   RO          301    .constdata          DPGUI_KEIL_CM4_V11.lib(font_calibri24.o)
    0x00005158   0x00005158   0x00000008   Data   RO          404    .constdata          c_w.l(_printf_wctomb.o)
    0x00005160   0x00005160   0x00000028   Data   RO          433    .constdata          c_w.l(_printf_hex_int_ll_ptr.o)
    0x00005188   0x00005188   0x00000011   Data   RO          453    .constdata          c_w.l(__printf_flags_ss_wp.o)
    0x00005199   0x00005199   0x00000026   Data   RO          519    .constdata          c_w.l(_printf_fp_hex.o)
    0x000051bf   0x000051bf   0x00000001   PAD
    0x000051c0   0x000051c0   0x00000094   Data   RO          542    .constdata          c_w.l(bigflt0.o)
    0x00005254   0x00005254   0x0000001c   Data   RO           59    .rodata..L__const.HT1621_Write_Digit.addr_1  ht1621.o
    0x00005270   0x00005270   0x0000001c   Data   RO           61    .rodata..L__const.HT1621_Write_Digit.addr_2  ht1621.o
    0x0000528c   0x0000528c   0x0000002c   Data   RO           62    .rodata..L__const.HT1621_Write_Digit.disp_num_2  ht1621.o
    0x000052b8   0x000052b8   0x000000c8   Data   RO          112    .rodata.FONT_Arialbold16  fontarialbold16.o
    0x00005380   0x00005380   0x0000006c   Data   RO          252    .rodata.XTAL_NO_PLL  system_tm4c123.o
    0x000053ec   0x000053ec   0x000000c8   Data   RO          161    .rodata.g_Font01digit20  font01digit20.o
    0x000054b4   0x000054b4   0x000000c8   Data   RO          147    .rodata.g_FontBookos16  fontbookos16.o
    0x0000557c   0x0000557c   0x000000c8   Data   RO          154    .rodata.g_FontBookosb16  fontbookosb16.o
    0x00005644   0x00005644   0x000000c8   Data   RO          140    .rodata.g_FontBradhitc16  fontbradhitc16.o
    0x0000570c   0x0000570c   0x000008c0   Data   RO          160    .rodata.g_puc01digit20Data  font01digit20.o
    0x00005fcc   0x00005fcc   0x00000781   Data   RO          111    .rodata.g_pucArialbold16Data  fontarialbold16.o
    0x0000674d   0x0000674d   0x000007bf   Data   RO          146    .rodata.g_pucBookos16Data  fontbookos16.o
    0x00006f0c   0x00006f0c   0x0000076a   Data   RO          153    .rodata.g_pucBookosb16Data  fontbookosb16.o
    0x00007676   0x00007676   0x00000717   Data   RO          139    .rodata.g_pucBradhitc16Data  fontbradhitc16.o
    0x00007d8d   0x00007d8d   0x0000003a   Data   RO           38    .rodata.str1.1      main.o
    0x00007dc7   0x00007dc7   0x0000000c   Data   RO          173    .rodata.str1.1      bsp.o
    0x00007dd3   0x00007dd3   0x00000001   PAD
    0x00007dd4   0x00007dd4   0x0000002c   Data   RO           60    .rodata.str4.4      ht1621.o
    0x00007e00   0x00007e00   0x00000020   Data   RO          728    Region$$Table       anon$$obj.o
    0x00007e20   0x00007e20   0x0000001c   Data   RO          568    locale$$data        c_w.l(lc_numeric_c.o)
    0x00007e3c   0x00007e3c   0x00000110   Data   RO          590    locale$$data        c_w.l(lc_ctype_c.o)


    Execution Region RW_IRAM1 (Exec base: 0x20000000, Load base: 0x00007f50, Size: 0x00002bd8, Max: 0x00008000, ABSOLUTE)

    Exec Addr    Load Addr    Size         Type   Attr      Idx    E Section Name        Object

    0x20000000   0x00007f50   0x0000001c   Data   RW          328    .data               DPGUI_KEIL_CM4_V11.lib(gui.o)
    0x2000001c   0x00007f6c   0x0000000c   Data   RW           42    .data.KEY_DECODE_TABLE  main.o
    0x20000028   0x00007f78   0x00000004   Data   RW          251    .data.SystemCoreClock  system_tm4c123.o
    0x2000002c   0x00007f7c   0x00000004   Data   RW           30    .data.g_bLcdFree    main.o
    0x20000030   0x00007f80   0x00000001   Data   RW           39    .data.g_cKey        main.o
    0x20000031   0x00007f81   0x00000003   PAD
    0x20000034   0x00007f84   0x00000004   Data   RW           37    .data.g_nKeypad     main.o
    0x20000038   0x00007f88   0x00000004   Data   RW           36    .data.g_nLCD        main.o
    0x2000003c   0x00007f8c   0x00000004   Data   RW           98    .data.g_nScreenX    lcd_st7735r.o
    0x20000040   0x00007f90   0x00000004   Data   RW           99    .data.g_nScreenY    lcd_st7735r.o
    0x20000044   0x00007f94   0x00000004   PAD
    0x20000048        -       0x00000060   Zero   RW          584    .bss                c_w.l(libspace.o)
    0x200000a8        -       0x00000004   Zero   RW           24    .bss.BUZZCOUNT      main.o
    0x200000ac        -       0x00000004   Zero   RW           26    .bss.BUZZER         main.o
    0x200000b0        -       0x00000004   Zero   RW           27    .bss.SECLICK        main.o
    0x200000b4        -       0x00000040   Zero   RW           97    .bss.data           lcd_st7735r.o
    0x200000f4        -       0x00000001   Zero   RW          103    .bss.g_Cmd          lcd_st7735r.o
    0x200000f5        -       0x00000001   Zero   RW          101    .bss.g_Data         lcd_st7735r.o
    0x200000f6   0x00007f94   0x00000002   PAD
    0x200000f8        -       0x00000028   Zero   RW           41    .bss.g_HT1621       main.o
    0x20000120        -       0x00000050   Zero   RW           43    .bss.g_MemDev       main.o
    0x20000170        -       0x00000034   Zero   RW           28    .bss.g_SpimHandle   main.o
    0x200001a4        -       0x00002000   Zero   RW           44    .bss.g_aBuf         main.o
    0x200021a4        -       0x00000004   Zero   RW           29    .bss.g_bLCDUpdate   main.o
    0x200021a8        -       0x00000004   Zero   RW           34    .bss.g_bSecTick     main.o
    0x200021ac        -       0x00000004   Zero   RW          102    .bss.g_bSpiDone     lcd_st7735r.o
    0x200021b0        -       0x00000004   Zero   RW           32    .bss.g_bSystemTick  main.o
    0x200021b4        -       0x00000004   Zero   RW           33    .bss.g_nCount       main.o
    0x200021b8        -       0x00000004   Zero   RW           31    .bss.g_nKeypadScan  main.o
    0x200021bc        -       0x00000004   Zero   RW           35    .bss.g_nTimeSec     main.o
    0x200021c0        -       0x00000004   Zero   RW          100    .bss.g_pLcdCbDone   lcd_st7735r.o
    0x200021c4        -       0x00000010   Zero   RW          282    .bss.g_pSpiIrqhandles  spim.o
    0x200021d4        -       0x00000004   Zero   RW           96    .bss.g_pSpimHandle  lcd_st7735r.o
    0x200021d8        -       0x00000000   Zero   RW          238    HEAP                startup_tm4c123.o
    0x200021d8        -       0x00000a00   Zero   RW          237    STACK               startup_tm4c123.o


==============================================================================

Image component sizes


      Code (inc. data)   RO Data    RW Data    ZI Data      Debug   Object Name

        54          0         12          0          0       1593   bsp.o
         0          0       2440          0          0        754   font01digit20.o
         0          0       2121          0          0        761   fontarialbold16.o
         0          0       2183          0          0        750   fontbookos16.o
         0          0       2098          0          0        754   fontbookosb16.o
         0          0       2015          0          0        758   fontbradhitc16.o
       974          0          0          0          0       5789   hal.o
       646          6        144          0          0       2561   ht1621.o
        84          0          0          0          0       3842   irq.o
      1434          0          0          8         78       4186   lcd_st7735r.o
      1750          0         58         25       8400       8913   main.o
      1924         32          0          0         16       7947   spim.o
       276         24        620          0       2560       5460   startup_tm4c123.o
       628          0        108          4          0       6191   system_tm4c123.o

    ----------------------------------------------------------------------
      7822         62      11832         40      11060      50259   Object Totals
         0          0         32          0          0          0   (incl. Generated)
        52          0          1          3          6          0   (incl. Padding)

    ----------------------------------------------------------------------

      Code (inc. data)   RO Data    RW Data    ZI Data      Debug   Library Member Name

         0          0       1247          0          0          0   font_calibri10.o
         0          0       2641          0          0          0   font_calibri24.o
      1576         70          0         28          0       1684   gui.o
         8          0          0          0          0         68   __main.o
       392          4         17          0          0         92   __printf_flags_ss_wp.o
        14          0          0          0          0         68   __printf_wp.o
         0          0          0          0          0          0   __rtentry.o
        12          0          0          0          0          0   __rtentry2.o
         6          0          0          0          0          0   __rtentry4.o
        94          8          0          0          0          0   __scatter.o
        26          0          0          0          0          0   __scatter_copy.o
        28          0          0          0          0          0   __scatter_zi.o
        72          0          0          0          0         96   _c16rtomb.o
         6          0          0          0          0          0   _printf_a.o
         6          0          0          0          0          0   _printf_c.o
        44          0          0          0          0        108   _printf_char.o
        48          6          0          0          0         96   _printf_char_common.o
        40          0          0          0          0         68   _printf_charcount.o
         6          0          0          0          0          0   _printf_d.o
       120         16          0          0          0         92   _printf_dec.o
         6          0          0          0          0          0   _printf_e.o
         6          0          0          0          0          0   _printf_f.o
      1052          0          0          0          0        148   _printf_fp_dec.o
       764          8         38          0          0        100   _printf_fp_hex.o
       128         16          0          0          0         84   _printf_fp_infnan.o
         6          0          0          0          0          0   _printf_g.o
       148          4         40          0          0        160   _printf_hex_int_ll_ptr.o
         6          0          0          0          0          0   _printf_i.o
       178          0          0          0          0         88   _printf_intcommon.o
        10          0          0          0          0          0   _printf_l.o
         6          0          0          0          0          0   _printf_lc.o
        10          0          0          0          0          0   _printf_ll.o
         6          0          0          0          0          0   _printf_lld.o
         6          0          0          0          0          0   _printf_lli.o
         6          0          0          0          0          0   _printf_llo.o
         6          0          0          0          0          0   _printf_llu.o
         6          0          0          0          0          0   _printf_llx.o
       124         16          0          0          0         92   _printf_longlong_dec.o
         6          0          0          0          0          0   _printf_ls.o
         6          0          0          0          0          0   _printf_n.o
         6          0          0          0          0          0   _printf_o.o
       112          8          0          0          0        124   _printf_oct_int_ll.o
         6          0          0          0          0          0   _printf_p.o
        78          0          0          0          0        108   _printf_pad.o
         0          0          0          0          0          0   _printf_percent.o
         4          0          0          0          0          0   _printf_percent_end.o
         6          0          0          0          0          0   _printf_s.o
        82          0          0          0          0         80   _printf_str.o
        36          0          0          0          0         84   _printf_truncate.o
         6          0          0          0          0          0   _printf_u.o
        44          0          0          0          0        108   _printf_wchar.o
       188          6          8          0          0         92   _printf_wctomb.o
         6          0          0          0          0          0   _printf_x.o
        10          0          0          0          0         68   _sputc.o
       228          4        148          0          0         96   bigflt0.o
      1936        128          0          0          0        668   btod.o
        18          0          0          0          0         80   exit.o
         6          0          0          0          0        152   heapauxi.o
         0          0          0          0          0          0   indicate_semi.o
        44         10        272          0          0         76   lc_ctype_c.o
        44         10         28          0          0         76   lc_numeric_c.o
         2          0          0          0          0          0   libinit.o
        34          0          0          0          0          0   libinit2.o
         2          0          0          0          0          0   libshutdown.o
         2          0          0          0          0          0   libshutdown2.o
         8          4          0          0         96         68   libspace.o
       138          0          0          0          0         80   lludiv10.o
        16          4          0          0          0         76   rt_ctype_table.o
         8          4          0          0          0         68   rt_locale_intlibspace.o
         2          0          0          0          0          0   rtexit.o
        10          0          0          0          0          0   rtexit2.o
        44          6          0          0          0         84   sprintf.o
       124          0          0          0          0         88   strcmpv7em.o
        62          0          0          0          0         76   strlen.o
        12          4          0          0          0         68   sys_exit.o
        74          0          0          0          0         80   sys_stackheap_outer.o
         2          0          0          0          0         68   use_no_semi.o
        26          0          0          0          0        116   fpinit.o
         4          0          0          0          0        116   printf1.o
         4          0          0          0          0        116   printf2.o
         0          0          0          0          0          0   usenofp.o
        48          0          0          0          0        124   fpclassify.o

    ----------------------------------------------------------------------
      8488        340       4446         28         96       6084   Library Totals
        22          4          7          0          0          0   (incl. Padding)

    ----------------------------------------------------------------------

      Code (inc. data)   RO Data    RW Data    ZI Data      Debug   Library Name

      1576         70       3888         28          0       1684   DPGUI_KEIL_CM4_V11.lib
      6808        266        551          0         96       3928   c_w.l
        34          0          0          0          0        348   fz_wm.l
        48          0          0          0          0        124   m_wm.l

    ----------------------------------------------------------------------
      8488        340       4446         28         96       6084   Library Totals

    ----------------------------------------------------------------------

==============================================================================


      Code (inc. data)   RO Data    RW Data    ZI Data      Debug   

     16310        402      16278         68      11156      52991   Grand Totals
     16310        402      16278         68      11156      52991   ELF Image Totals
     16310        402      16278         68          0          0   ROM Totals

==============================================================================

    Total RO  Size (Code + RO Data)                32588 (  31.82kB)
    Total RW  Size (RW Data + ZI Data)             11224 (  10.96kB)
    Total ROM Size (Code + RO Data + RW Data)      32656 (  31.89kB)

==============================================================================

